Archive member included because of file (symbol)

./../Platform/BSP/debug/libBSP_efm32_debug.a(BSP_LED.o)
                              C:/Users/amaynotech/XDK-Workspace/Example_Ble_Client/debug/objects/source/SystemStartup.o (BSP_LED_Connect)
./../Platform/BSP/debug/libBSP_efm32_debug.a(BSP_USB.o)
                              C:/Users/amaynotech/XDK-Workspace/Example_Ble_Client/debug/objects/source/RetargetStdio.o (RETARGET_WriteChar)
./../Platform/BSP/debug/libBSP_efm32_debug.a(BSP_Board.o)
                              C:/Users/amaynotech/XDK-Workspace/Example_Ble_Client/debug/objects/source/SystemStartup.o (BSP_Board_OSTickInitialize)
./../Platform/BSP/debug/libBSP_efm32_debug.a(BSP_DMA.o)
                              ./../Platform/BSP/debug/libBSP_efm32_debug.a(BSP_Board.o) (BSP_DMA_Initialize)
./../Platform/BSP/debug/libBSP_efm32_debug.a(BSP_IrqHandler.o)
                              ./../Platform/BSP/debug/libBSP_efm32_debug.a(BSP_Board.o) (IrqHandler_SysTickDummyHandler)
./../Platform/BSP/debug/libBSP_efm32_debug.a(BSP_ExtensionPort.o)
                              ./../Platform/BSP/debug/libBSP_efm32_debug.a(BSP_IrqHandler.o) (BSP_ExtensionPort_I2cIsr)
./../Platform/BSP/debug/libBSP_efm32_debug.a(BSP_WiFi_cc3100mod.o)
                              ./../Platform/BSP/debug/libBSP_efm32_debug.a(BSP_IrqHandler.o) (WiFi_CC3100MOD_SPIRxISR)
./../Platform/BSP/debug/libBSP_efm32_debug.a(BSP_BT_EM9301.o)
                              ./../Platform/BSP/debug/libBSP_efm32_debug.a(BSP_IrqHandler.o) (BT_EM9301_UART_TxISR)
./../Platform/BSP/debug/libBSP_efm32_debug.a(BSP_SensorNode.o)
                              ./../Platform/BSP/debug/libBSP_efm32_debug.a(BSP_IrqHandler.o) (SensorNode_I2CISR)
./../Platform/BSP/debug/libBSP_efm32_debug.a(BSP_SDCard.o)
                              ./../Platform/BSP/debug/libBSP_efm32_debug.a(BSP_IrqHandler.o) (SDCard_SPIRxISR)
./../Libraries/FreeRTOS/debug/libFreeRTOS_efm32_debug.a(tasks.o)
                              C:/Users/amaynotech/XDK-Workspace/Example_Ble_Client/debug/objects/Example_Ble_Client.o (vTaskDelay)
./../Libraries/FreeRTOS/debug/libFreeRTOS_efm32_debug.a(timers.o)
                              ./../Libraries/FreeRTOS/debug/libFreeRTOS_efm32_debug.a(tasks.o) (xTimerCreateTimerTask)
./../Libraries/FreeRTOS/debug/libFreeRTOS_efm32_debug.a(heap_4.o)
                              ./../Libraries/FreeRTOS/debug/libFreeRTOS_efm32_debug.a(tasks.o) (pvPortMalloc)
./../Libraries/FreeRTOS/debug/libFreeRTOS_efm32_debug.a(port.o)
                              ./../Libraries/FreeRTOS/debug/libFreeRTOS_efm32_debug.a(tasks.o) (pxPortInitialiseStack)
./../Libraries/FreeRTOS/debug/libFreeRTOS_efm32_debug.a(list.o)
                              ./../Libraries/FreeRTOS/debug/libFreeRTOS_efm32_debug.a(tasks.o) (vListInitialise)
./../Libraries/FreeRTOS/debug/libFreeRTOS_efm32_debug.a(queue.o)
                              ./../Libraries/FreeRTOS/debug/libFreeRTOS_efm32_debug.a(timers.o) (xQueueGenericCreate)
./../Libraries/EMlib/debug/libEMLib_efm32_debug.a(em_adc.o)
                              ./../Platform/BSP/debug/libBSP_efm32_debug.a(BSP_Board.o) (ADC_Init)
./../Libraries/EMlib/debug/libEMLib_efm32_debug.a(em_cmu.o)
                              ./../Platform/BSP/debug/libBSP_efm32_debug.a(BSP_Board.o) (CMU_ClockDivSet)
./../Libraries/EMlib/debug/libEMLib_efm32_debug.a(em_msc.o)
                              ./../Platform/BSP/debug/libBSP_efm32_debug.a(BSP_Board.o) (MSC_Init)
./../Libraries/EMlib/debug/libEMLib_efm32_debug.a(em_dma.o)
                              ./../Platform/BSP/debug/libBSP_efm32_debug.a(BSP_DMA.o) (DMA_Reset)
./../Libraries/EMlib/debug/libEMLib_efm32_debug.a(em_emu.o)
                              ./../Libraries/EMlib/debug/libEMLib_efm32_debug.a(em_cmu.o) (EMU_UpdateOscConfig)
./../Libraries/EMlib/debug/libEMLib_efm32_debug.a(em_gpio.o)
                              ./../Platform/BSP/debug/libBSP_efm32_debug.a(BSP_Board.o) (GPIO_DriveModeSet)
./../Libraries/EMlib/debug/libEMLib_efm32_debug.a(em_int.o)
                              C:/Users/amaynotech/XDK-Workspace/Example_Ble_Client/debug/objects/./../Libraries/EMlib/3rd-party/EMLib/usb/src/em_usbdint.o (INT_LockCnt)
./../Libraries/EMlib/debug/libEMLib_efm32_debug.a(em_i2c.o)
                              ./../Platform/BSP/debug/libBSP_efm32_debug.a(BSP_ExtensionPort.o) (I2C_Enable)
./../Libraries/EMlib/debug/libEMLib_efm32_debug.a(em_usart.o)
                              ./../Platform/BSP/debug/libBSP_efm32_debug.a(BSP_Board.o) (USART_BaudrateSyncSet)
./../Libraries/EMlib/debug/libEMLib_efm32_debug.a(em_system.o)
                              ./../Platform/BSP/debug/libBSP_efm32_debug.a(BSP_Board.o) (SYSTEM_ChipRevisionGet)
./../Libraries/EMlib/debug/libEMLib_efm32_debug.a(em_usbd.o)
                              C:/Users/amaynotech/XDK-Workspace/Example_Ble_Client/debug/objects/./../Libraries/EMlib/3rd-party/EMLib/usb/src/em_usbdint.o (dev)
[...]
Memory Configuration

Name             Origin             Length             Attributes
FLASH            0x00010000         0x000f0000         xr
RAM              0x20000000         0x00020000         xrw
*default*        0x00000000         0xffffffff

Linker script and memory map

LOAD c:/xdk-workbench/xdk/armgcc/bin/../lib/gcc/arm-none-eabi/4.7.4/armv7-m/crti.o
LOAD c:/xdk-workbench/xdk/armgcc/bin/../lib/gcc/arm-none-eabi/4.7.4/armv7-m/crtbegin.o
LOAD c:/xdk-workbench/xdk/armgcc/bin/../lib/gcc/arm-none-eabi/4.7.4/../../../../arm-none-eabi/lib/armv7-m/crt0.o
LOAD C:/Users/amaynotech/XDK-Workspace/Example_Ble_Client/debug/objects/source/Assert.o
LOAD C:/Users/amaynotech/XDK-Workspace/Example_Ble_Client/debug/objects/source/RetargetStdio.o
LOAD C:/Users/amaynotech/XDK-Workspace/Example_Ble_Client/debug/objects/source/BleDeviceInfoService.o
LOAD C:/Users/amaynotech/XDK-Workspace/Example_Ble_Client/debug/objects/source/cJSON.o
LOAD C:/Users/amaynotech/XDK-Workspace/Example_Ble_Client/debug/objects/source/UsbResetUtility.o
LOAD C:/Users/amaynotech/XDK-Workspace/Example_Ble_Client/debug/objects/source/SensorHandle.o
LOAD C:/Users/amaynotech/XDK-Workspace/Example_Ble_Client/debug/objects/source/SystemStartup.o
LOAD C:/Users/amaynotech/XDK-Workspace/Example_Ble_Client/debug/objects/source/XdkVersion.o
LOAD C:/Users/amaynotech/XDK-Workspace/Example_Ble_Client/debug/objects/legacy/source/ServalPAL_WiFi.o
LOAD C:/Users/amaynotech/XDK-Workspace/Example_Ble_Client/debug/objects/./../Libraries/EMlib/3rd-party/EMLib/usb/src/em_usbdint.o
LOAD C:/Users/amaynotech/XDK-Workspace/Example_Ble_Client/debug/objects/Main.o
LOAD C:/Users/amaynotech/XDK-Workspace/Example_Ble_Client/debug/objects/Example_Ble_Client.o
LOAD C:/Users/amaynotech/XDK-Workspace/Example_Ble_Client/debug/objects/startup_efm32gg.o
START GROUP
LOAD ./../Platform/SensorUtils/debug/libSensorUtils_efm32_debug.a
LOAD ./../Platform/Sensors/debug/libSensors_efm32_debug.a
LOAD ./../Platform/BSP/debug/libBSP_efm32_debug.a
LOAD ./../Libraries/FreeRTOS/debug/libFreeRTOS_efm32_debug.a
LOAD ./../Libraries/EMlib/debug/libEMLib_efm32_debug.a
LOAD ./../Libraries/BSTLib/debug/libBSTLib_efm32_debug.a
LOAD ./../Libraries/WiFi/debug/libWiFi_efm32_debug.a
LOAD ./../Libraries/FATfs/debug/libFATfs_efm32_debug.a
LOAD ./../Platform/Essentials/release/libEssentials_efm32.a
LOAD ./../Platform/Utils/release/libUtils_efm32.a
LOAD ./../Platform/Drivers/release/libDrivers_efm32.a
LOAD ./../Platform/FOTA/release/libFOTA_efm32.a
LOAD ./../Platform/Wlan/release/libWlan_efm32.a
LOAD ./../Platform/BLE/release/libBLE_efm32.a
LOAD ./../Platform/SensorToolbox/release/libSensorToolbox_efm32.a
LOAD ./../Libraries/BLEStack/3rd-party/Alpwise/ALPW-BLESDKCM3/BLESW_AlertNotification/Libraries/BLESW_ANP_Server_CM3.a
LOAD ./../Libraries/BLEStack/3rd-party/Alpwise/ALPW-BLESDKCM3/BLESW_AlertNotification/Libraries/BLESW_ANP_Client_CM3.a
LOAD ./../Libraries/BLEStack/3rd-party/Alpwise/ALPW-BLESDKCM3/BLESW_ALPWDataExchange/Libraries/BLESW_ALPWDEP_Server_CM3.a
LOAD ./../Libraries/BLEStack/3rd-party/Alpwise/ALPW-BLESDKCM3/BLESW_ALPWDataExchange/Libraries/BLESW_ALPWDEP_Client_CM3.a
LOAD ./../Libraries/BLEStack/3rd-party/Alpwise/ALPW-BLESDKCM3/BLESW_AppleNotificationCenter/Libraries/BLESW_ANCP_Consumer_CM3.a
LOAD ./../Libraries/BLEStack/3rd-party/Alpwise/ALPW-BLESDKCM3/BLESW_BloodPressure/Libraries/BLESW_BLP_Sensor_CM3.a
LOAD ./../Libraries/BLEStack/3rd-party/Alpwise/ALPW-BLESDKCM3/BLESW_BloodPressure/Libraries/BLESW_BLP_Collector_CM3.a
LOAD ./../Libraries/BLEStack/3rd-party/Alpwise/ALPW-BLESDKCM3/BLESW_CoreStack/Libraries/BLESW_CPS_CM3.a
LOAD ./../Libraries/BLEStack/3rd-party/Alpwise/ALPW-BLESDKCM3/BLESW_CoreStack/Libraries/BLESW_CoreStack_CM3.a
LOAD ./../Libraries/BLEStack/3rd-party/Alpwise/ALPW-BLESDKCM3/BLESW_CoreStack/Libraries/BLESW_CSCS_CM3.a
LOAD ./../Libraries/BLEStack/3rd-party/Alpwise/ALPW-BLESDKCM3/BLESW_CoreStack/Libraries/BLESW_RTUS_CM3.a
LOAD ./../Libraries/BLEStack/3rd-party/Alpwise/ALPW-BLESDKCM3/BLESW_CoreStack/Libraries/BLESW_HRS_CM3.a
LOAD ./../Libraries/BLEStack/3rd-party/Alpwise/ALPW-BLESDKCM3/BLESW_CoreStack/Libraries/BLESW_CTS_CM3.a
LOAD ./../Libraries/BLEStack/3rd-party/Alpwise/ALPW-BLESDKCM3/BLESW_CoreStack/Libraries/BLESW_CoreStack_Monitor_CM3.a
LOAD ./../Libraries/BLEStack/3rd-party/Alpwise/ALPW-BLESDKCM3/BLESW_CoreStack/Libraries/BLESW_UDS_CM3.a
LOAD ./../Libraries/BLEStack/3rd-party/Alpwise/ALPW-BLESDKCM3/BLESW_CoreStack/Libraries/BLESW_NDCS_CM3.a
LOAD ./../Libraries/BLEStack/3rd-party/Alpwise/ALPW-BLESDKCM3/BLESW_CoreStack/Libraries/BLESW_TPS_CM3.a
LOAD ./../Libraries/BLEStack/3rd-party/Alpwise/ALPW-BLESDKCM3/BLESW_CoreStack/Libraries/BLESW_BLS_CM3.a
LOAD ./../Libraries/BLEStack/3rd-party/Alpwise/ALPW-BLESDKCM3/BLESW_CoreStack/Libraries/BLESW_LNS_CM3.a
LOAD ./../Libraries/BLEStack/3rd-party/Alpwise/ALPW-BLESDKCM3/BLESW_CoreStack/Libraries/BLESW_LLS_CM3.a
LOAD ./../Libraries/BLEStack/3rd-party/Alpwise/ALPW-BLESDKCM3/BLESW_CoreStack/Libraries/BLESW_WSS_CM3.a
LOAD ./../Libraries/BLEStack/3rd-party/Alpwise/ALPW-BLESDKCM3/BLESW_CoreStack/Libraries/BLESW_RSCS_CM3.a
LOAD ./../Libraries/BLEStack/3rd-party/Alpwise/ALPW-BLESDKCM3/BLESW_CoreStack/Libraries/BLESW_BAS_CM3.a
LOAD ./../Libraries/BLEStack/3rd-party/Alpwise/ALPW-BLESDKCM3/BLESW_CoreStack/Libraries/BLESW_IAS_CM3.a
LOAD ./../Libraries/BLEStack/3rd-party/Alpwise/ALPW-BLESDKCM3/BLESW_CoreStack/Libraries/BLESW_PASS_CM3.a
LOAD ./../Libraries/BLEStack/3rd-party/Alpwise/ALPW-BLESDKCM3/BLESW_CoreStack/Libraries/BLESW_HTS_CM3.a
LOAD ./../Libraries/BLEStack/3rd-party/Alpwise/ALPW-BLESDKCM3/BLESW_CoreStack/Libraries/BLESW_ALPWDES_CM3.a
LOAD ./../Libraries/BLEStack/3rd-party/Alpwise/ALPW-BLESDKCM3/BLESW_CoreStack/Libraries/BLESW_BCS_CM3.a
LOAD ./../Libraries/BLEStack/3rd-party/Alpwise/ALPW-BLESDKCM3/BLESW_CoreStack/Libraries/BLESW_ANS_CM3.a
LOAD ./../Libraries/BLEStack/3rd-party/Alpwise/ALPW-BLESDKCM3/BLESW_CoreStack/Libraries/BLESW_HIDS_CM3.a
LOAD ./../Libraries/BLEStack/3rd-party/Alpwise/ALPW-BLESDKCM3/BLESW_CoreStack/Libraries/BLESW_GLS_CM3.a
LOAD ./../Libraries/BLEStack/3rd-party/Alpwise/ALPW-BLESDKCM3/BLESW_CoreStack/Libraries/BLESW_NWAS_CM3.a
LOAD ./../Libraries/BLEStack/3rd-party/Alpwise/ALPW-BLESDKCM3/BLESW_CoreStack/Libraries/BLESW_DIS_CM3.a
LOAD ./../Libraries/BLEStack/3rd-party/Alpwise/ALPW-BLESDKCM3/BLESW_CyclingPower/Libraries/BLESW_CPP_Sensor_CM3.a
LOAD ./../Libraries/BLEStack/3rd-party/Alpwise/ALPW-BLESDKCM3/BLESW_CyclingPower/Libraries/BLESW_CPP_Collector_CM3.a
LOAD ./../Libraries/BLEStack/3rd-party/Alpwise/ALPW-BLESDKCM3/BLESW_CyclingSpeedAndCadence/Libraries/BLESW_CSCP_Sensor_CM3.a
LOAD ./../Libraries/BLEStack/3rd-party/Alpwise/ALPW-BLESDKCM3/BLESW_CyclingSpeedAndCadence/Libraries/BLESW_CSCP_Collector_CM3.a
LOAD ./../Libraries/BLEStack/3rd-party/Alpwise/ALPW-BLESDKCM3/BLESW_FindMe/Libraries/BLESW_FMP_Target_CM3.a
LOAD ./../Libraries/BLEStack/3rd-party/Alpwise/ALPW-BLESDKCM3/BLESW_FindMe/Libraries/BLESW_FMP_Locator_CM3.a
LOAD ./../Libraries/BLEStack/3rd-party/Alpwise/ALPW-BLESDKCM3/BLESW_Glucose/Libraries/BLESW_GLP_Sensor_CM3.a
LOAD ./../Libraries/BLEStack/3rd-party/Alpwise/ALPW-BLESDKCM3/BLESW_Glucose/Libraries/BLESW_GLP_Collector_CM3.a
LOAD ./../Libraries/BLEStack/3rd-party/Alpwise/ALPW-BLESDKCM3/BLESW_HealthThermometer/Libraries/BLESW_HTP_Thermometer_CM3.a
LOAD ./../Libraries/BLEStack/3rd-party/Alpwise/ALPW-BLESDKCM3/BLESW_HealthThermometer/Libraries/BLESW_HTP_Collector_CM3.a
LOAD ./../Libraries/BLEStack/3rd-party/Alpwise/ALPW-BLESDKCM3/BLESW_HeartRate/Libraries/BLESW_HRP_Sensor_CM3.a
LOAD ./../Libraries/BLEStack/3rd-party/Alpwise/ALPW-BLESDKCM3/BLESW_HeartRate/Libraries/BLESW_HRP_Collector_CM3.a
LOAD ./../Libraries/BLEStack/3rd-party/Alpwise/ALPW-BLESDKCM3/BLESW_HumanInterfaceDevice/Libraries/BLESW_HID_Device_CM3.a
LOAD ./../Libraries/BLEStack/3rd-party/Alpwise/ALPW-BLESDKCM3/BLESW_HumanInterfaceDevice/Libraries/BLESW_HID_Host_CM3.a
LOAD ./../Libraries/BLEStack/3rd-party/Alpwise/ALPW-BLESDKCM3/BLESW_iBeacon/Libraries/BLESW_IBN_Reporter_CM3.a
LOAD ./../Libraries/BLEStack/3rd-party/Alpwise/ALPW-BLESDKCM3/BLESW_LocationAndNavigation/Libraries/BLESW_LNP_Sensor_CM3.a
LOAD ./../Libraries/BLEStack/3rd-party/Alpwise/ALPW-BLESDKCM3/BLESW_LocationAndNavigation/Libraries/BLESW_LNP_Collector_CM3.a
LOAD ./../Libraries/BLEStack/3rd-party/Alpwise/ALPW-BLESDKCM3/BLESW_NetworkAvailability/Libraries/BLESW_NWAP_Monitor_CM3.a
LOAD ./../Libraries/BLEStack/3rd-party/Alpwise/ALPW-BLESDKCM3/BLESW_NetworkAvailability/Libraries/BLESW_NWAP_Reporter_CM3.a
LOAD ./../Libraries/BLEStack/3rd-party/Alpwise/ALPW-BLESDKCM3/BLESW_PhoneAlertStatus/Libraries/BLESW_PASP_Client_CM3.a
LOAD ./../Libraries/BLEStack/3rd-party/Alpwise/ALPW-BLESDKCM3/BLESW_PhoneAlertStatus/Libraries/BLESW_PASP_Server_CM3.a
LOAD ./../Libraries/BLEStack/3rd-party/Alpwise/ALPW-BLESDKCM3/BLESW_Proximity/Libraries/BLESW_PXP_Reporter_CM3.a
LOAD ./../Libraries/BLEStack/3rd-party/Alpwise/ALPW-BLESDKCM3/BLESW_Proximity/Libraries/BLESW_PXP_Monitor_CM3.a
LOAD ./../Libraries/BLEStack/3rd-party/Alpwise/ALPW-BLESDKCM3/BLESW_RunningSpeedAndCadence/Libraries/BLESW_RSCP_Sensor_CM3.a
LOAD ./../Libraries/BLEStack/3rd-party/Alpwise/ALPW-BLESDKCM3/BLESW_RunningSpeedAndCadence/Libraries/BLESW_RSCP_Collector_CM3.a
LOAD ./../Libraries/BLEStack/3rd-party/Alpwise/ALPW-BLESDKCM3/BLESW_Time/Libraries/BLESW_TIP_Server_CM3.a
LOAD ./../Libraries/BLEStack/3rd-party/Alpwise/ALPW-BLESDKCM3/BLESW_Time/Libraries/BLESW_TIP_Client_CM3.a
LOAD ./../Libraries/EMlib/3rd-party/EMLib/CMSIS/Lib/GCC/libarm_cortexM3l_math.a
LOAD ./../Libraries/BSX/BSX4/Source/algo/algo_bsx/Lib/libalgobsxm3/libalgobsx.a
LOAD ./../Platform/LoRaDrivers/release/libLoRaDrivers_efm32.a
LOAD ./../Platform/ServalPAL/release/libServalPal_efm32.a
LOAD ./../Libraries/Escrypt_CycurTLS/release/libEscrypt_CycurTLS_efm32.a
END GROUP
START GROUP
LOAD c:/xdk-workbench/xdk/armgcc/bin/../lib/gcc/arm-none-eabi/4.7.4/armv7-m\libgcc.a
LOAD c:/xdk-workbench/xdk/armgcc/bin/../lib/gcc/arm-none-eabi/4.7.4/../../../../arm-none-eabi/lib/armv7-m\libc.a
LOAD c:/xdk-workbench/xdk/armgcc/bin/../lib/gcc/arm-none-eabi/4.7.4/../../../../arm-none-eabi/lib/armv7-m\libm.a
END GROUP
START GROUP
LOAD c:/xdk-workbench/xdk/armgcc/bin/../lib/gcc/arm-none-eabi/4.7.4/armv7-m\libgcc.a
LOAD c:/xdk-workbench/xdk/armgcc/bin/../lib/gcc/arm-none-eabi/4.7.4/../../../../arm-none-eabi/lib/armv7-m\libc.a
END GROUP
LOAD c:/xdk-workbench/xdk/armgcc/bin/../lib/gcc/arm-none-eabi/4.7.4/armv7-m/crtend.o
LOAD c:/xdk-workbench/xdk/armgcc/bin/../lib/gcc/arm-none-eabi/4.7.4/armv7-m/crtn.o

.text           0x00010000    0x1b93c
 *(.isr_vector)
 .isr_vector    0x00010000      0x100 C:/Users/amaynotech/XDK-Workspace/Example_Ble_Client/debug/objects/startup_efm32gg.o
                0x00010000                __isr_vector
 *(.text*)
 .text          0x00010100       0x54 c:/xdk-workbench/xdk/armgcc/bin/../lib/gcc/arm-none-eabi/4.7.4/armv7-m/crtbegin.o
 .text          0x00010154       0x70 c:/xdk-workbench/xdk/armgcc/bin/../lib/gcc/arm-none-eabi/4.7.4/../../../../arm-none-eabi/lib/armv7-m/crt0.o
                0x00010154                _start
                0x00010154                start
                0x00010154                _mainCRTStartup
 .text.Assert_Initialize
                0x000101c4       0x40 C:/Users/amaynotech/XDK-Workspace/Example_Ble_Client/debug/objects/source/Assert.o
                0x000101c4                Assert_Initialize
 .text.Assert_Dynamic
                0x00010204       0x2c C:/Users/amaynotech/XDK-Workspace/Example_Ble_Client/debug/objects/source/Assert.o
                0x00010204                Assert_Dynamic
 .text._close   0x00010230       0x18 C:/Users/amaynotech/XDK-Workspace/Example_Ble_Client/debug/objects/source/RetargetStdio.o
                0x00010230                _close
 .text._exit    0x00010248        0xc C:/Users/amaynotech/XDK-Workspace/Example_Ble_Client/debug/objects/source/RetargetStdio.o
                0x00010248                _exit
 .text._fstat   0x00010254       0x24 C:/Users/amaynotech/XDK-Workspace/Example_Ble_Client/debug/objects/source/RetargetStdio.o
                0x00010254                _fstat
 .text._isatty  0x00010278       0x18 C:/Users/amaynotech/XDK-Workspace/Example_Ble_Client/debug/objects/source/RetargetStdio.o
                0x00010278                _isatty
 .text._lseek   0x00010290       0x1c C:/Users/amaynotech/XDK-Workspace/Example_Ble_Client/debug/objects/source/RetargetStdio.o
                0x00010290                _lseek
 .text._read    0x000102ac       0x70 C:/Users/amaynotech/XDK-Workspace/Example_Ble_Client/debug/objects/source/RetargetStdio.o
                0x000102ac                _read
 .text._sbrk    0x0001031c       0xa0 C:/Users/amaynotech/XDK-Workspace/Example_Ble_Client/debug/objects/source/RetargetStdio.o
                0x0001031c                _sbrk
 .text._write   0x000103bc       0x20 C:/Users/amaynotech/XDK-Workspace/Example_Ble_Client/debug/objects/source/RetargetStdio.o
                0x000103bc                _write
 .text.NVIC_SystemReset
                0x000103dc       0x30 C:/Users/amaynotech/XDK-Workspace/Example_Ble_Client/debug/objects/source/UsbResetUtility.o
 .text.UsbResetUtility_SystemReset
                0x0001040c       0x10 C:/Users/amaynotech/XDK-Workspace/Example_Ble_Client/debug/objects/source/UsbResetUtility.o
 .text.UsbResetUtility_InteruptHandling
                0x0001041c       0x54 C:/Users/amaynotech/XDK-Workspace/Example_Ble_Client/debug/objects/source/UsbResetUtility.o
 .text.UsbResetUtility_Init
                0x00010470       0x40 C:/Users/amaynotech/XDK-Workspace/Example_Ble_Client/debug/objects/source/UsbResetUtility.o
                0x00010470                UsbResetUtility_Init
 .text.UsbResetUtility_UsbISRCallback
                0x000104b0      0x138 C:/Users/amaynotech/XDK-Workspace/Example_Ble_Client/debug/objects/source/UsbResetUtility.o
                0x000104b0                UsbResetUtility_UsbISRCallback
 .text.Retcode_GetPackage
                0x000105e8       0x1c C:/Users/amaynotech/XDK-Workspace/Example_Ble_Client/debug/objects/source/SystemStartup.o
 .text.Retcode_GetModuleId
                0x00010604       0x1c C:/Users/amaynotech/XDK-Workspace/Example_Ble_Client/debug/objects/source/SystemStartup.o
 .text.Retcode_GetSeverity
                0x00010620       0x24 C:/Users/amaynotech/XDK-Workspace/Example_Ble_Client/debug/objects/source/SystemStartup.o
 .text.Retcode_GetCode
                0x00010644       0x20 C:/Users/amaynotech/XDK-Workspace/Example_Ble_Client/debug/objects/source/SystemStartup.o
 .text.bleGetMacAddress
                0x00010664       0xec C:/Users/amaynotech/XDK-Workspace/Example_Ble_Client/debug/objects/source/SystemStartup.o
 .text.SysTickPreCallback
                0x00010750       0x14 C:/Users/amaynotech/XDK-Workspace/Example_Ble_Client/debug/objects/source/SystemStartup.o
 .text.DefaultErrorHandlingFunc
                0x00010764       0xf4 C:/Users/amaynotech/XDK-Workspace/Example_Ble_Client/debug/objects/source/SystemStartup.o
                0x00010764                DefaultErrorHandlingFunc
 .text.assertIndicationMapping
                0x00010858       0x44 C:/Users/amaynotech/XDK-Workspace/Example_Ble_Client/debug/objects/source/SystemStartup.o
                0x00010858                assertIndicationMapping
 .text.systemStartup
                0x0001089c      0x154 C:/Users/amaynotech/XDK-Workspace/Example_Ble_Client/debug/objects/source/SystemStartup.o
                0x0001089c                systemStartup
 .text.vApplicationStackOverflowHook
                0x000109f0       0x5c C:/Users/amaynotech/XDK-Workspace/Example_Ble_Client/debug/objects/source/SystemStartup.o
                0x000109f0                vApplicationStackOverflowHook
 .text.vApplicationMallocFailedHook
                0x00010a4c       0x14 C:/Users/amaynotech/XDK-Workspace/Example_Ble_Client/debug/objects/source/SystemStartup.o
                0x00010a4c                vApplicationMallocFailedHook
 .text.INT_Disable
                0x00010a60       0x40 C:/Users/amaynotech/XDK-Workspace/Example_Ble_Client/debug/objects/./../Libraries/EMlib/3rd-party/EMLib/usb/src/em_usbdint.o
 .text.INT_Enable
                0x00010aa0       0x54 C:/Users/amaynotech/XDK-Workspace/Example_Ble_Client/debug/objects/./../Libraries/EMlib/3rd-party/EMLib/usb/src/em_usbdint.o
 .text.USBHAL_FlushTxFifo
                0x00010af4       0x4c C:/Users/amaynotech/XDK-Workspace/Example_Ble_Client/debug/objects/./../Libraries/EMlib/3rd-party/EMLib/usb/src/em_usbdint.o
 .text.USBHAL_GetCoreInts
                0x00010b40       0x40 C:/Users/amaynotech/XDK-Workspace/Example_Ble_Client/debug/objects/./../Libraries/EMlib/3rd-party/EMLib/usb/src/em_usbdint.o
 .text.USBDHAL_EnableInts
                0x00010b80       0x70 C:/Users/amaynotech/XDK-Workspace/Example_Ble_Client/debug/objects/./../Libraries/EMlib/3rd-party/EMLib/usb/src/em_usbdint.o
 .text.USBDHAL_Ep0Activate
                0x00010bf0       0x70 C:/Users/amaynotech/XDK-Workspace/Example_Ble_Client/debug/objects/./../Libraries/EMlib/3rd-party/EMLib/usb/src/em_usbdint.o
 .text.USBDHAL_GetAllInEpInts
                0x00010c60       0x48 C:/Users/amaynotech/XDK-Workspace/Example_Ble_Client/debug/objects/./../Libraries/EMlib/3rd-party/EMLib/usb/src/em_usbdint.o
 .text.USBDHAL_GetAllOutEpInts
                0x00010ca8       0x44 C:/Users/amaynotech/XDK-Workspace/Example_Ble_Client/debug/objects/./../Libraries/EMlib/3rd-party/EMLib/usb/src/em_usbdint.o
 .text.USBDHAL_GetInEpInts
                0x00010cec       0x44 C:/Users/amaynotech/XDK-Workspace/Example_Ble_Client/debug/objects/./../Libraries/EMlib/3rd-party/EMLib/usb/src/em_usbdint.o
 .text.USBDHAL_GetOutEpInts
                0x00010d30       0x44 C:/Users/amaynotech/XDK-Workspace/Example_Ble_Client/debug/objects/./../Libraries/EMlib/3rd-party/EMLib/usb/src/em_usbdint.o
 .text.USBDHAL_StartEp0Setup
                0x00010d74       0x88 C:/Users/amaynotech/XDK-Workspace/Example_Ble_Client/debug/objects/./../Libraries/EMlib/3rd-party/EMLib/usb/src/em_usbdint.o
 .text.USBD_GetEpFromAddr
                0x00010dfc       0xa0 C:/Users/amaynotech/XDK-Workspace/Example_Ble_Client/debug/objects/./../Libraries/EMlib/3rd-party/EMLib/usb/src/em_usbdint.o
 .text.USB_IRQHandler
                0x00010e9c      0x16c C:/Users/amaynotech/XDK-Workspace/Example_Ble_Client/debug/objects/./../Libraries/EMlib/3rd-party/EMLib/usb/src/em_usbdint.o
                0x00010e9c                USB_IRQHandler
 .text.Handle_USB_GINTSTS_ENUMDONE
                0x00011008       0x3c C:/Users/amaynotech/XDK-Workspace/Example_Ble_Client/debug/objects/./../Libraries/EMlib/3rd-party/EMLib/usb/src/em_usbdint.o
 .text.Handle_USB_GINTSTS_IEPINT
                0x00011044      0x118 C:/Users/amaynotech/XDK-Workspace/Example_Ble_Client/debug/objects/./../Libraries/EMlib/3rd-party/EMLib/usb/src/em_usbdint.o
 .text.Handle_USB_GINTSTS_OEPINT
                0x0001115c      0x230 C:/Users/amaynotech/XDK-Workspace/Example_Ble_Client/debug/objects/./../Libraries/EMlib/3rd-party/EMLib/usb/src/em_usbdint.o
 .text.Handle_USB_GINTSTS_RESETDET
                0x0001138c       0x40 C:/Users/amaynotech/XDK-Workspace/Example_Ble_Client/debug/objects/./../Libraries/EMlib/3rd-party/EMLib/usb/src/em_usbdint.o
 .text.Handle_USB_GINTSTS_SOF
                0x000113cc       0x64 C:/Users/amaynotech/XDK-Workspace/Example_Ble_Client/debug/objects/./../Libraries/EMlib/3rd-party/EMLib/usb/src/em_usbdint.o
 .text.Handle_USB_GINTSTS_USBRST
                0x00011430      0x150 C:/Users/amaynotech/XDK-Workspace/Example_Ble_Client/debug/objects/./../Libraries/EMlib/3rd-party/EMLib/usb/src/em_usbdint.o
 .text.Handle_USB_GINTSTS_USBSUSP
                0x00011580       0x68 C:/Users/amaynotech/XDK-Workspace/Example_Ble_Client/debug/objects/./../Libraries/EMlib/3rd-party/EMLib/usb/src/em_usbdint.o
 .text.Handle_USB_GINTSTS_WKUPINT
                0x000115e8       0x30 C:/Users/amaynotech/XDK-Workspace/Example_Ble_Client/debug/objects/./../Libraries/EMlib/3rd-party/EMLib/usb/src/em_usbdint.o
 .text.main     0x00011618       0xb4 C:/Users/amaynotech/XDK-Workspace/Example_Ble_Client/debug/objects/Main.o
                0x00011618                main
 .text.CORESTACK_BleCallback
                0x000116cc       0x50 C:/Users/amaynotech/XDK-Workspace/Example_Ble_Client/debug/objects/Example_Ble_Client.o
                0x000116cc                CORESTACK_BleCallback
 .text.BleGap_CallBack
                0x0001171c       0x80 C:/Users/amaynotech/XDK-Workspace/Example_Ble_Client/debug/objects/Example_Ble_Client.o
                0x0001171c                BleGap_CallBack
 .text.BleAlpwDataExchangeClient_CallBack
                0x0001179c       0x30 C:/Users/amaynotech/XDK-Workspace/Example_Ble_Client/debug/objects/Example_Ble_Client.o
                0x0001179c                BleAlpwDataExchangeClient_CallBack
 .text.init     0x000117cc      0x1ec C:/Users/amaynotech/XDK-Workspace/Example_Ble_Client/debug/objects/Example_Ble_Client.o
                0x000117cc                init
 .text.appInitSystem
                0x000119b8       0x80 C:/Users/amaynotech/XDK-Workspace/Example_Ble_Client/debug/objects/Example_Ble_Client.o
                0x000119b8                appInitSystem
 .text          0x00011a38       0x98 C:/Users/amaynotech/XDK-Workspace/Example_Ble_Client/debug/objects/startup_efm32gg.o
                0x00011a38                Reset_Handler
                0x00011a6c                Default_Handler
                0x00011a6e                NMI_Handler
                0x00011a70                HardFault_Handler
                0x00011a72                MemManage_Handler
                0x00011a74                BusFault_Handler
                0x00011a76                UsageFault_Handler
                0x00011a7a                DebugMon_Handler
                0x00011a84                TIMER0_IRQHandler
                0x00011a8a                ACMP0_IRQHandler
                0x00011a8e                ADC0_IRQHandler
                0x00011a90                DAC0_IRQHandler
                0x00011a98                TIMER1_IRQHandler
                0x00011a9a                TIMER2_IRQHandler
                0x00011a9c                TIMER3_IRQHandler
                0x00011aa2                LESENSE_IRQHandler
                0x00011ab0                LEUART0_IRQHandler
                0x00011ab2                LEUART1_IRQHandler
                0x00011ab4                LETIMER0_IRQHandler
                0x00011ab6                PCNT0_IRQHandler
                0x00011ab8                PCNT1_IRQHandler
                0x00011aba                PCNT2_IRQHandler
                0x00011abe                BURTC_IRQHandler
                0x00011ac0                CMU_IRQHandler
                0x00011ac2                VCMP_IRQHandler
                0x00011ac4                LCD_IRQHandler
                0x00011ac6                MSC_IRQHandler
                0x00011ac8                AES_IRQHandler
                0x00011aca                EBI_IRQHandler
                0x00011acc                EMU_IRQHandler
 .text.GPIO_PinOutClear
                0x00011ad0       0x4c ./../Platform/BSP/debug/libBSP_efm32_debug.a(BSP_LED.o)
 .text.GPIO_PinOutSet
                0x00011b1c       0x4c ./../Platform/BSP/debug/libBSP_efm32_debug.a(BSP_LED.o)
 .text.GPIO_PinOutToggle
                0x00011b68       0x4c ./../Platform/BSP/debug/libBSP_efm32_debug.a(BSP_LED.o)
 .text.BSP_LED_Connect
                0x00011bb4       0x48 ./../Platform/BSP/debug/libBSP_efm32_debug.a(BSP_LED.o)
                0x00011bb4                BSP_LED_Connect
 .text.BSP_LED_EnableAll
                0x00011bfc       0x3c ./../Platform/BSP/debug/libBSP_efm32_debug.a(BSP_LED.o)
                0x00011bfc                BSP_LED_EnableAll
 .text.BSP_LED_Switch
                0x00011c38      0x15c ./../Platform/BSP/debug/libBSP_efm32_debug.a(BSP_LED.o)
                0x00011c38                BSP_LED_Switch
 .text.BSP_LED_SwitchAll
                0x00011d94       0xd0 ./../Platform/BSP/debug/libBSP_efm32_debug.a(BSP_LED.o)
                0x00011d94                BSP_LED_SwitchAll
 .text.USB_setSerialNumber
                0x00011e64       0x7c ./../Platform/BSP/debug/libBSP_efm32_debug.a(BSP_USB.o)
 .text.USB_dataReceivedCallback
                0x00011ee0       0x98 ./../Platform/BSP/debug/libBSP_efm32_debug.a(BSP_USB.o)
 .text.USB_dataTransferred
                0x00011f78       0x4c ./../Platform/BSP/debug/libBSP_efm32_debug.a(BSP_USB.o)
 .text.USB_stateChange
                0x00011fc4       0x58 ./../Platform/BSP/debug/libBSP_efm32_debug.a(BSP_USB.o)
                0x00011fc4                USB_stateChange
 .text.USB_setupCommand
                0x0001201c      0x108 ./../Platform/BSP/debug/libBSP_efm32_debug.a(BSP_USB.o)
                0x0001201c                USB_setupCommand
 .text.USB_init
                0x00012124       0xd0 ./../Platform/BSP/debug/libBSP_efm32_debug.a(BSP_USB.o)
                0x00012124                USB_init
 .text.USB_receiveByte
                0x000121f4       0xa0 ./../Platform/BSP/debug/libBSP_efm32_debug.a(BSP_USB.o)
                0x000121f4                USB_receiveByte
 .text.RETARGET_WriteChar
                0x00012294       0x2c ./../Platform/BSP/debug/libBSP_efm32_debug.a(BSP_USB.o)
                0x00012294                RETARGET_WriteChar
 .text.USB_transmitData
                0x000122c0       0xc4 ./../Platform/BSP/debug/libBSP_efm32_debug.a(BSP_USB.o)
                0x000122c0                USB_transmitData
 .text.RETARGET_ReadChar
                0x00012384       0x24 ./../Platform/BSP/debug/libBSP_efm32_debug.a(BSP_USB.o)
                0x00012384                RETARGET_ReadChar
 .text.USB_callBackMapping
                0x000123a8       0x38 ./../Platform/BSP/debug/libBSP_efm32_debug.a(BSP_USB.o)
                0x000123a8                USB_callBackMapping
 .text.NVIC_SetPriorityGrouping
                0x000123e0       0x50 ./../Platform/BSP/debug/libBSP_efm32_debug.a(BSP_Board.o)
 .text.NVIC_EnableIRQ
                0x00012430       0x38 ./../Platform/BSP/debug/libBSP_efm32_debug.a(BSP_Board.o)
 .text.NVIC_DisableIRQ
                0x00012468       0x3c ./../Platform/BSP/debug/libBSP_efm32_debug.a(BSP_Board.o)
 .text.NVIC_ClearPendingIRQ
                0x000124a4       0x3c ./../Platform/BSP/debug/libBSP_efm32_debug.a(BSP_Board.o)
 .text.NVIC_SetPriority
                0x000124e0       0x5c ./../Platform/BSP/debug/libBSP_efm32_debug.a(BSP_Board.o)
 .text.SysTick_Config
                0x0001253c       0x64 ./../Platform/BSP/debug/libBSP_efm32_debug.a(BSP_Board.o)
 .text.CHIP_Init
                0x000125a0       0x50 ./../Platform/BSP/debug/libBSP_efm32_debug.a(BSP_Board.o)
 .text.GPIO_PinOutClear
                0x000125f0       0x4c ./../Platform/BSP/debug/libBSP_efm32_debug.a(BSP_Board.o)
 .text.BSP_Board_OSTickInitialize
                0x0001263c       0x2c ./../Platform/BSP/debug/libBSP_efm32_debug.a(BSP_Board.o)
                0x0001263c                BSP_Board_OSTickInitialize
 .text.BSP_Board_Initialize
                0x00012668      0x150 ./../Platform/BSP/debug/libBSP_efm32_debug.a(BSP_Board.o)
                0x00012668                BSP_Board_Initialize
 .text.BSP_Board_Delay
                0x000127b8       0x30 ./../Platform/BSP/debug/libBSP_efm32_debug.a(BSP_Board.o)
                0x000127b8                BSP_Board_Delay
 .text.BSP_Board_SetOStoBSPDelayFunc
                0x000127e8       0x20 ./../Platform/BSP/debug/libBSP_efm32_debug.a(BSP_Board.o)
                0x000127e8                BSP_Board_SetOStoBSPDelayFunc
 .text.Board_GPIOInterruptInit
                0x00012808       0x30 ./../Platform/BSP/debug/libBSP_efm32_debug.a(BSP_Board.o)
                0x00012808                Board_GPIOInterruptInit
 .text.Board_GPIOInterruptDispatch
                0x00012838       0x64 ./../Platform/BSP/debug/libBSP_efm32_debug.a(BSP_Board.o)
                0x00012838                Board_GPIOInterruptDispatch
 .text.Board_UART0_UART_Init
                0x0001289c       0xcc ./../Platform/BSP/debug/libBSP_efm32_debug.a(BSP_Board.o)
                0x0001289c                Board_UART0_UART_Init
 .text.Board_UART1_UART_Init
                0x00012968       0xcc ./../Platform/BSP/debug/libBSP_efm32_debug.a(BSP_Board.o)
                0x00012968                Board_UART1_UART_Init
 .text.Board_USART0_SPI_Init
                0x00012a34       0xa8 ./../Platform/BSP/debug/libBSP_efm32_debug.a(BSP_Board.o)
                0x00012a34                Board_USART0_SPI_Init
 .text.Board_USART1_SPI_Init
                0x00012adc       0x8c ./../Platform/BSP/debug/libBSP_efm32_debug.a(BSP_Board.o)
                0x00012adc                Board_USART1_SPI_Init
 .text.Board_GPIO_Init
                0x00012b68       0x6c ./../Platform/BSP/debug/libBSP_efm32_debug.a(BSP_Board.o)
                0x00012b68                Board_GPIO_Init
 .text.Board_WakeupPowerSupply2V5
                0x00012bd4       0x50 ./../Platform/BSP/debug/libBSP_efm32_debug.a(BSP_Board.o)
                0x00012bd4                Board_WakeupPowerSupply2V5
 .text.PowerSupply2V5UpdateRegister
                0x00012c24      0x268 ./../Platform/BSP/debug/libBSP_efm32_debug.a(BSP_Board.o)
                0x00012c24                PowerSupply2V5UpdateRegister
 .text.Board_ADC_Init
                0x00012e8c       0x78 ./../Platform/BSP/debug/libBSP_efm32_debug.a(BSP_Board.o)
                0x00012e8c                Board_ADC_Init
 .text.Board_I2C0_Init
                0x00012f04       0x54 ./../Platform/BSP/debug/libBSP_efm32_debug.a(BSP_Board.o)
                0x00012f04                Board_I2C0_Init
 .text.Board_I2C1_Init
                0x00012f58       0x54 ./../Platform/BSP/debug/libBSP_efm32_debug.a(BSP_Board.o)
                0x00012f58                Board_I2C1_Init
 .text.Board_USB_Init
                0x00012fac       0x70 ./../Platform/BSP/debug/libBSP_efm32_debug.a(BSP_Board.o)
                0x00012fac                Board_USB_Init
 .text.Board_IncTick
                0x0001301c       0x24 ./../Platform/BSP/debug/libBSP_efm32_debug.a(BSP_Board.o)
                0x0001301c                Board_IncTick
 .text.Board_GetTick
                0x00013040       0x18 ./../Platform/BSP/debug/libBSP_efm32_debug.a(BSP_Board.o)
                0x00013040                Board_GetTick
 .text.Board_Delay
                0x00013058       0x30 ./../Platform/BSP/debug/libBSP_efm32_debug.a(BSP_Board.o)
                0x00013058                Board_Delay
 .text.Board_RTC_Init
                0x00013088       0xa0 ./../Platform/BSP/debug/libBSP_efm32_debug.a(BSP_Board.o)
                0x00013088                Board_RTC_Init
 .text.Board_BURTC_Init
                0x00013128       0x28 ./../Platform/BSP/debug/libBSP_efm32_debug.a(BSP_Board.o)
                0x00013128                Board_BURTC_Init
 .text.BSP_Board_EnableSysTick
                0x00013150       0x38 ./../Platform/BSP/debug/libBSP_efm32_debug.a(BSP_Board.o)
                0x00013150                BSP_Board_EnableSysTick
 .text.NVIC_EnableIRQ
                0x00013188       0x38 ./../Platform/BSP/debug/libBSP_efm32_debug.a(BSP_DMA.o)
 .text.NVIC_ClearPendingIRQ
                0x000131c0       0x3c ./../Platform/BSP/debug/libBSP_efm32_debug.a(BSP_DMA.o)
 .text.NVIC_SetPriority
                0x000131fc       0x5c ./../Platform/BSP/debug/libBSP_efm32_debug.a(BSP_DMA.o)
 .text.BSP_DMA_Initialize
                0x00013258       0x88 ./../Platform/BSP/debug/libBSP_efm32_debug.a(BSP_DMA.o)
                0x00013258                BSP_DMA_Initialize
 .text.BSP_DMA_Enable
                0x000132e0       0x54 ./../Platform/BSP/debug/libBSP_efm32_debug.a(BSP_DMA.o)
                0x000132e0                BSP_DMA_Enable
 .text.GPIO_IntClear
                0x00013334       0x20 ./../Platform/BSP/debug/libBSP_efm32_debug.a(BSP_IrqHandler.o)
 .text.GPIO_IntGetEnabled
                0x00013354       0x30 ./../Platform/BSP/debug/libBSP_efm32_debug.a(BSP_IrqHandler.o)
 .text.SysTick_Handler
                0x00013384       0x40 ./../Platform/BSP/debug/libBSP_efm32_debug.a(BSP_IrqHandler.o)
                0x00013384                SysTick_Handler
 .text.GPIO_EVEN_IRQHandler
                0x000133c4       0x28 ./../Platform/BSP/debug/libBSP_efm32_debug.a(BSP_IrqHandler.o)
                0x000133c4                GPIO_EVEN_IRQHandler
 .text.GPIO_ODD_IRQHandler
                0x000133ec       0x28 ./../Platform/BSP/debug/libBSP_efm32_debug.a(BSP_IrqHandler.o)
                0x000133ec                GPIO_ODD_IRQHandler
 .text.UART0_TX_IRQHandler
                0x00013414        0xc ./../Platform/BSP/debug/libBSP_efm32_debug.a(BSP_IrqHandler.o)
                0x00013414                UART0_TX_IRQHandler
 .text.UART0_RX_IRQHandler
                0x00013420        0xc ./../Platform/BSP/debug/libBSP_efm32_debug.a(BSP_IrqHandler.o)
                0x00013420                UART0_RX_IRQHandler
 .text.USART0_TX_IRQHandler
                0x0001342c        0xc ./../Platform/BSP/debug/libBSP_efm32_debug.a(BSP_IrqHandler.o)
                0x0001342c                USART0_TX_IRQHandler
 .text.USART0_RX_IRQHandler
                0x00013438        0xc ./../Platform/BSP/debug/libBSP_efm32_debug.a(BSP_IrqHandler.o)
                0x00013438                USART0_RX_IRQHandler
 .text.I2C0_IRQHandler
                0x00013444        0xc ./../Platform/BSP/debug/libBSP_efm32_debug.a(BSP_IrqHandler.o)
                0x00013444                I2C0_IRQHandler
 .text.I2C1_IRQHandler
                0x00013450        0xc ./../Platform/BSP/debug/libBSP_efm32_debug.a(BSP_IrqHandler.o)
                0x00013450                I2C1_IRQHandler
 .text.USART2_TX_IRQHandler
                0x0001345c        0xc ./../Platform/BSP/debug/libBSP_efm32_debug.a(BSP_IrqHandler.o)
                0x0001345c                USART2_TX_IRQHandler
 .text.USART2_RX_IRQHandler
                0x00013468        0xc ./../Platform/BSP/debug/libBSP_efm32_debug.a(BSP_IrqHandler.o)
                0x00013468                USART2_RX_IRQHandler
 .text.UART1_TX_IRQHandler
                0x00013474        0xc ./../Platform/BSP/debug/libBSP_efm32_debug.a(BSP_IrqHandler.o)
                0x00013474                UART1_TX_IRQHandler
 .text.UART1_RX_IRQHandler
                0x00013480        0xc ./../Platform/BSP/debug/libBSP_efm32_debug.a(BSP_IrqHandler.o)
                0x00013480                UART1_RX_IRQHandler
 .text.USART1_TX_IRQHandler
                0x0001348c        0xc ./../Platform/BSP/debug/libBSP_efm32_debug.a(BSP_IrqHandler.o)
                0x0001348c                USART1_TX_IRQHandler
 .text.USART1_RX_IRQHandler
                0x00013498        0xc ./../Platform/BSP/debug/libBSP_efm32_debug.a(BSP_IrqHandler.o)
                0x00013498                USART1_RX_IRQHandler
 .text.RTC_IRQHandler
                0x000134a4        0xc ./../Platform/BSP/debug/libBSP_efm32_debug.a(BSP_IrqHandler.o)
                0x000134a4                RTC_IRQHandler
 .text.IrqHandler_SysTickDummyHandler
                0x000134b0       0x10 ./../Platform/BSP/debug/libBSP_efm32_debug.a(BSP_IrqHandler.o)
                0x000134b0                IrqHandler_SysTickDummyHandler
 .text.BSP_ExtensionPort_I2cIsr
                0x000134c0       0x5c ./../Platform/BSP/debug/libBSP_efm32_debug.a(BSP_ExtensionPort.o)
                0x000134c0                BSP_ExtensionPort_I2cIsr
 .text.BSP_ExtensionPort_SpiRxIsr
                0x0001351c       0x5c ./../Platform/BSP/debug/libBSP_efm32_debug.a(BSP_ExtensionPort.o)
                0x0001351c                BSP_ExtensionPort_SpiRxIsr
 .text.BSP_ExtensionPort_SpiTxIsr
                0x00013578       0x5c ./../Platform/BSP/debug/libBSP_efm32_debug.a(BSP_ExtensionPort.o)
                0x00013578                BSP_ExtensionPort_SpiTxIsr
 .text.BSP_ExtensionPort_UARTRxIsr
                0x000135d4       0x5c ./../Platform/BSP/debug/libBSP_efm32_debug.a(BSP_ExtensionPort.o)
                0x000135d4                BSP_ExtensionPort_UARTRxIsr
 .text.BSP_ExtensionPort_UARTTxIsr
                0x00013630       0x5c ./../Platform/BSP/debug/libBSP_efm32_debug.a(BSP_ExtensionPort.o)
                0x00013630                BSP_ExtensionPort_UARTTxIsr
 .text.WiFi_CC3100MOD_SPIRxISR
                0x0001368c       0x28 ./../Platform/BSP/debug/libBSP_efm32_debug.a(BSP_WiFi_cc3100mod.o)
                0x0001368c                WiFi_CC3100MOD_SPIRxISR
 .text.WiFi_CC3100MOD_SPITxISR
                0x000136b4       0x28 ./../Platform/BSP/debug/libBSP_efm32_debug.a(BSP_WiFi_cc3100mod.o)
                0x000136b4                WiFi_CC3100MOD_SPITxISR
 .text.NVIC_EnableIRQ
                0x000136dc       0x38 ./../Platform/BSP/debug/libBSP_efm32_debug.a(BSP_BT_EM9301.o)
 .text.NVIC_DisableIRQ
                0x00013714       0x3c ./../Platform/BSP/debug/libBSP_efm32_debug.a(BSP_BT_EM9301.o)
 .text.NVIC_ClearPendingIRQ
                0x00013750       0x3c ./../Platform/BSP/debug/libBSP_efm32_debug.a(BSP_BT_EM9301.o)
 .text.NVIC_SetPriority
                0x0001378c       0x5c ./../Platform/BSP/debug/libBSP_efm32_debug.a(BSP_BT_EM9301.o)
 .text.GPIO_PinOutClear
                0x000137e8       0x4c ./../Platform/BSP/debug/libBSP_efm32_debug.a(BSP_BT_EM9301.o)
 .text.GPIO_PinOutSet
                0x00013834       0x4c ./../Platform/BSP/debug/libBSP_efm32_debug.a(BSP_BT_EM9301.o)
 .text.BSP_BT_EM9301_Connect
                0x00013880       0xa0 ./../Platform/BSP/debug/libBSP_efm32_debug.a(BSP_BT_EM9301.o)
                0x00013880                BSP_BT_EM9301_Connect
 .text.BSP_BT_EM9301_Enable
                0x00013920      0x134 ./../Platform/BSP/debug/libBSP_efm32_debug.a(BSP_BT_EM9301.o)
                0x00013920                BSP_BT_EM9301_Enable
 .text.BSP_BT_EM9301_Disable
                0x00013a54       0x9c ./../Platform/BSP/debug/libBSP_efm32_debug.a(BSP_BT_EM9301.o)
                0x00013a54                BSP_BT_EM9301_Disable
 .text.BSP_BT_EM9301_Disconnect
                0x00013af0       0x70 ./../Platform/BSP/debug/libBSP_efm32_debug.a(BSP_BT_EM9301.o)
                0x00013af0                BSP_BT_EM9301_Disconnect
 .text.BSP_BT_EM9301_SetWUHigh
                0x00013b60       0x48 ./../Platform/BSP/debug/libBSP_efm32_debug.a(BSP_BT_EM9301.o)
                0x00013b60                BSP_BT_EM9301_SetWUHigh
 .text.BSP_BT_EM9301_SetWULow
                0x00013ba8       0x40 ./../Platform/BSP/debug/libBSP_efm32_debug.a(BSP_BT_EM9301.o)
                0x00013ba8                BSP_BT_EM9301_SetWULow
 .text.BSP_BT_EM9301_Reset
                0x00013be8       0x34 ./../Platform/BSP/debug/libBSP_efm32_debug.a(BSP_BT_EM9301.o)
                0x00013be8                BSP_BT_EM9301_Reset
 .text.BSP_BT_EM9301_GetUARTHandle
                0x00013c1c       0x34 ./../Platform/BSP/debug/libBSP_efm32_debug.a(BSP_BT_EM9301.o)
                0x00013c1c                BSP_BT_EM9301_GetUARTHandle
 .text.BT_EM9301_UART_TxISR
                0x00013c50       0x28 ./../Platform/BSP/debug/libBSP_efm32_debug.a(BSP_BT_EM9301.o)
                0x00013c50                BT_EM9301_UART_TxISR
 .text.BT_EM9301_UART_RxISR
                0x00013c78       0x28 ./../Platform/BSP/debug/libBSP_efm32_debug.a(BSP_BT_EM9301.o)
                0x00013c78                BT_EM9301_UART_RxISR
 .text.SensorNode_I2CISR
                0x00013ca0       0x28 ./../Platform/BSP/debug/libBSP_efm32_debug.a(BSP_SensorNode.o)
                0x00013ca0                SensorNode_I2CISR
 .text.SDCard_SPIRxISR
                0x00013cc8       0x28 ./../Platform/BSP/debug/libBSP_efm32_debug.a(BSP_SDCard.o)
                0x00013cc8                SDCard_SPIRxISR
 .text.SDCard_SPITxISR
                0x00013cf0       0x28 ./../Platform/BSP/debug/libBSP_efm32_debug.a(BSP_SDCard.o)
                0x00013cf0                SDCard_SPITxISR
 .text.xTaskGenericCreate
                0x00013d18      0x1d0 ./../Libraries/FreeRTOS/debug/libFreeRTOS_efm32_debug.a(tasks.o)
                0x00013d18                xTaskGenericCreate
 .text.vTaskDelay
                0x00013ee8       0xac ./../Libraries/FreeRTOS/debug/libFreeRTOS_efm32_debug.a(tasks.o)
                0x00013ee8                vTaskDelay
 .text.vTaskStartScheduler
                0x00013f94       0xa0 ./../Libraries/FreeRTOS/debug/libFreeRTOS_efm32_debug.a(tasks.o)
                0x00013f94                vTaskStartScheduler
 .text.vTaskSuspendAll
                0x00014034       0x24 ./../Libraries/FreeRTOS/debug/libFreeRTOS_efm32_debug.a(tasks.o)
                0x00014034                vTaskSuspendAll
 .text.xTaskResumeAll
                0x00014058      0x180 ./../Libraries/FreeRTOS/debug/libFreeRTOS_efm32_debug.a(tasks.o)
                0x00014058                xTaskResumeAll
 .text.xTaskGetTickCount
                0x000141d8       0x20 ./../Libraries/FreeRTOS/debug/libFreeRTOS_efm32_debug.a(tasks.o)
                0x000141d8                xTaskGetTickCount
 .text.xTaskIncrementTick
                0x000141f8      0x20c ./../Libraries/FreeRTOS/debug/libFreeRTOS_efm32_debug.a(tasks.o)
                0x000141f8                xTaskIncrementTick
 .text.vTaskSwitchContext
                0x00014404      0x150 ./../Libraries/FreeRTOS/debug/libFreeRTOS_efm32_debug.a(tasks.o)
                0x00014404                vTaskSwitchContext
 .text.vTaskPlaceOnEventList
                0x00014554       0xc4 ./../Libraries/FreeRTOS/debug/libFreeRTOS_efm32_debug.a(tasks.o)
                0x00014554                vTaskPlaceOnEventList
 .text.vTaskPlaceOnEventListRestricted
                0x00014618       0xc4 ./../Libraries/FreeRTOS/debug/libFreeRTOS_efm32_debug.a(tasks.o)
                0x00014618                vTaskPlaceOnEventListRestricted
 .text.xTaskRemoveFromEventList
                0x000146dc       0xe8 ./../Libraries/FreeRTOS/debug/libFreeRTOS_efm32_debug.a(tasks.o)
                0x000146dc                xTaskRemoveFromEventList
 .text.vTaskSetTimeOutState
                0x000147c4       0x44 ./../Libraries/FreeRTOS/debug/libFreeRTOS_efm32_debug.a(tasks.o)
                0x000147c4                vTaskSetTimeOutState
 .text.xTaskCheckForTimeOut
                0x00014808       0xc4 ./../Libraries/FreeRTOS/debug/libFreeRTOS_efm32_debug.a(tasks.o)
                0x00014808                xTaskCheckForTimeOut
 .text.vTaskMissedYield
                0x000148cc       0x18 ./../Libraries/FreeRTOS/debug/libFreeRTOS_efm32_debug.a(tasks.o)
                0x000148cc                vTaskMissedYield
 .text.prvIdleTask
                0x000148e4       0x10 ./../Libraries/FreeRTOS/debug/libFreeRTOS_efm32_debug.a(tasks.o)
 .text.prvInitialiseTCBVariables
                0x000148f4       0xbc ./../Libraries/FreeRTOS/debug/libFreeRTOS_efm32_debug.a(tasks.o)
 .text.prvInitialiseTaskLists
                0x000149b0       0xa4 ./../Libraries/FreeRTOS/debug/libFreeRTOS_efm32_debug.a(tasks.o)
 .text.prvCheckTasksWaitingTermination
                0x00014a54       0x9c ./../Libraries/FreeRTOS/debug/libFreeRTOS_efm32_debug.a(tasks.o)
 .text.prvAddCurrentTaskToDelayedList
                0x00014af0       0x8c ./../Libraries/FreeRTOS/debug/libFreeRTOS_efm32_debug.a(tasks.o)
 .text.prvAllocateTCBAndStack
                0x00014b7c       0x7c ./../Libraries/FreeRTOS/debug/libFreeRTOS_efm32_debug.a(tasks.o)
 .text.prvDeleteTCB
                0x00014bf8       0x20 ./../Libraries/FreeRTOS/debug/libFreeRTOS_efm32_debug.a(tasks.o)
 .text.prvResetNextTaskUnblockTime
                0x00014c18       0x5c ./../Libraries/FreeRTOS/debug/libFreeRTOS_efm32_debug.a(tasks.o)
 .text.xTaskGetSchedulerState
                0x00014c74       0x48 ./../Libraries/FreeRTOS/debug/libFreeRTOS_efm32_debug.a(tasks.o)
                0x00014c74                xTaskGetSchedulerState
 .text.vTaskPriorityInherit
                0x00014cbc      0x144 ./../Libraries/FreeRTOS/debug/libFreeRTOS_efm32_debug.a(tasks.o)
                0x00014cbc                vTaskPriorityInherit
 .text.xTaskPriorityDisinherit
                0x00014e00      0x13c ./../Libraries/FreeRTOS/debug/libFreeRTOS_efm32_debug.a(tasks.o)
                0x00014e00                xTaskPriorityDisinherit
 .text.pvTaskIncrementMutexHeldCount
                0x00014f3c       0x38 ./../Libraries/FreeRTOS/debug/libFreeRTOS_efm32_debug.a(tasks.o)
                0x00014f3c                pvTaskIncrementMutexHeldCount
 .text.xTimerCreateTimerTask
                0x00014f74       0x78 ./../Libraries/FreeRTOS/debug/libFreeRTOS_efm32_debug.a(timers.o)
                0x00014f74                xTimerCreateTimerTask
 .text.xTimerCreate
                0x00014fec       0x7c ./../Libraries/FreeRTOS/debug/libFreeRTOS_efm32_debug.a(timers.o)
                0x00014fec                xTimerCreate
 .text.xTimerGenericCommand
                0x00015068       0xac ./../Libraries/FreeRTOS/debug/libFreeRTOS_efm32_debug.a(timers.o)
                0x00015068                xTimerGenericCommand
 .text.prvProcessExpiredTimer
                0x00015114       0x88 ./../Libraries/FreeRTOS/debug/libFreeRTOS_efm32_debug.a(timers.o)
 .text.prvTimerTask
                0x0001519c       0x24 ./../Libraries/FreeRTOS/debug/libFreeRTOS_efm32_debug.a(timers.o)
 .text.prvProcessTimerOrBlockTask
                0x000151c0       0x78 ./../Libraries/FreeRTOS/debug/libFreeRTOS_efm32_debug.a(timers.o)
 .text.prvGetNextExpireTime
                0x00015238       0x54 ./../Libraries/FreeRTOS/debug/libFreeRTOS_efm32_debug.a(timers.o)
 .text.prvSampleTimeNow
                0x0001528c       0x4c ./../Libraries/FreeRTOS/debug/libFreeRTOS_efm32_debug.a(timers.o)
 .text.prvInsertTimerInActiveList
                0x000152d8       0x94 ./../Libraries/FreeRTOS/debug/libFreeRTOS_efm32_debug.a(timers.o)
 .text.prvProcessReceivedCommands
                0x0001536c      0x174 ./../Libraries/FreeRTOS/debug/libFreeRTOS_efm32_debug.a(timers.o)
 .text.prvSwitchTimerLists
                0x000154e0       0xf0 ./../Libraries/FreeRTOS/debug/libFreeRTOS_efm32_debug.a(timers.o)
 .text.prvCheckForValidListAndQueue
                0x000155d0       0xb8 ./../Libraries/FreeRTOS/debug/libFreeRTOS_efm32_debug.a(timers.o)
 .text.xTimerPendFunctionCallFromISR
                0x00015688       0x4c ./../Libraries/FreeRTOS/debug/libFreeRTOS_efm32_debug.a(timers.o)
                0x00015688                xTimerPendFunctionCallFromISR
 .text.pvPortMalloc
                0x000156d4      0x1e0 ./../Libraries/FreeRTOS/debug/libFreeRTOS_efm32_debug.a(heap_4.o)
                0x000156d4                pvPortMalloc
 .text.vPortFree
                0x000158b4       0xcc ./../Libraries/FreeRTOS/debug/libFreeRTOS_efm32_debug.a(heap_4.o)
                0x000158b4                vPortFree
 .text.prvHeapInit
                0x00015980       0xfc ./../Libraries/FreeRTOS/debug/libFreeRTOS_efm32_debug.a(heap_4.o)
 .text.prvInsertBlockIntoFreeList
                0x00015a7c       0xbc ./../Libraries/FreeRTOS/debug/libFreeRTOS_efm32_debug.a(heap_4.o)
 .text.pxPortInitialiseStack
                0x00015b38       0x64 ./../Libraries/FreeRTOS/debug/libFreeRTOS_efm32_debug.a(port.o)
                0x00015b38                pxPortInitialiseStack
 .text.prvTaskExitError
                0x00015b9c       0x2c ./../Libraries/FreeRTOS/debug/libFreeRTOS_efm32_debug.a(port.o)
 .text.SVC_Handler
                0x00015bc8       0x24 ./../Libraries/FreeRTOS/debug/libFreeRTOS_efm32_debug.a(port.o)
                0x00015bc8                SVC_Handler
 .text.prvPortStartFirstTask
                0x00015bec       0x20 ./../Libraries/FreeRTOS/debug/libFreeRTOS_efm32_debug.a(port.o)
 .text.xPortStartScheduler
                0x00015c0c      0x10c ./../Libraries/FreeRTOS/debug/libFreeRTOS_efm32_debug.a(port.o)
                0x00015c0c                xPortStartScheduler
 .text.vPortYield
                0x00015d18       0x20 ./../Libraries/FreeRTOS/debug/libFreeRTOS_efm32_debug.a(port.o)
                0x00015d18                vPortYield
 .text.vPortEnterCritical
                0x00015d38       0x58 ./../Libraries/FreeRTOS/debug/libFreeRTOS_efm32_debug.a(port.o)
                0x00015d38                vPortEnterCritical
 .text.vPortExitCritical
                0x00015d90       0x54 ./../Libraries/FreeRTOS/debug/libFreeRTOS_efm32_debug.a(port.o)
                0x00015d90                vPortExitCritical
 .text.ulPortSetInterruptMask
                0x00015de4       0x14 ./../Libraries/FreeRTOS/debug/libFreeRTOS_efm32_debug.a(port.o)
                0x00015de4                ulPortSetInterruptMask
 .text.vPortClearInterruptMask
                0x00015df8        0x8 ./../Libraries/FreeRTOS/debug/libFreeRTOS_efm32_debug.a(port.o)
                0x00015df8                vPortClearInterruptMask
 .text.PendSV_Handler
                0x00015e00       0x44 ./../Libraries/FreeRTOS/debug/libFreeRTOS_efm32_debug.a(port.o)
                0x00015e00                PendSV_Handler
 .text.xPortSysTickHandler
                0x00015e44       0x2c ./../Libraries/FreeRTOS/debug/libFreeRTOS_efm32_debug.a(port.o)
                0x00015e44                xPortSysTickHandler
 .text.vPortSetupTimerInterrupt
                0x00015e70       0x28 ./../Libraries/FreeRTOS/debug/libFreeRTOS_efm32_debug.a(port.o)
                0x00015e70                vPortSetupTimerInterrupt
 .text.vPortValidateInterruptPriority
                0x00015e98       0x78 ./../Libraries/FreeRTOS/debug/libFreeRTOS_efm32_debug.a(port.o)
                0x00015e98                vPortValidateInterruptPriority
 .text.vListInitialise
                0x00015f10       0x40 ./../Libraries/FreeRTOS/debug/libFreeRTOS_efm32_debug.a(list.o)
                0x00015f10                vListInitialise
 .text.vListInitialiseItem
                0x00015f50       0x1c ./../Libraries/FreeRTOS/debug/libFreeRTOS_efm32_debug.a(list.o)
                0x00015f50                vListInitialiseItem
 .text.vListInsertEnd
                0x00015f6c       0x48 ./../Libraries/FreeRTOS/debug/libFreeRTOS_efm32_debug.a(list.o)
                0x00015f6c                vListInsertEnd
 .text.vListInsert
                0x00015fb4       0x74 ./../Libraries/FreeRTOS/debug/libFreeRTOS_efm32_debug.a(list.o)
                0x00015fb4                vListInsert
 .text.uxListRemove
                0x00016028       0x58 ./../Libraries/FreeRTOS/debug/libFreeRTOS_efm32_debug.a(list.o)
                0x00016028                uxListRemove
 .text.xQueueGenericReset
                0x00016080       0xc8 ./../Libraries/FreeRTOS/debug/libFreeRTOS_efm32_debug.a(queue.o)
                0x00016080                xQueueGenericReset
 .text.xQueueGenericCreate
                0x00016148       0xb8 ./../Libraries/FreeRTOS/debug/libFreeRTOS_efm32_debug.a(queue.o)
                0x00016148                xQueueGenericCreate
 .text.xQueueCreateMutex
                0x00016200       0xb8 ./../Libraries/FreeRTOS/debug/libFreeRTOS_efm32_debug.a(queue.o)
                0x00016200                xQueueCreateMutex
 .text.xQueueGenericSend
                0x000162b8      0x1c8 ./../Libraries/FreeRTOS/debug/libFreeRTOS_efm32_debug.a(queue.o)
                0x000162b8                xQueueGenericSend
 .text.xQueueGenericSendFromISR
                0x00016480      0x110 ./../Libraries/FreeRTOS/debug/libFreeRTOS_efm32_debug.a(queue.o)
                0x00016480                xQueueGenericSendFromISR
 .text.xQueueGiveFromISR
                0x00016590      0x108 ./../Libraries/FreeRTOS/debug/libFreeRTOS_efm32_debug.a(queue.o)
                0x00016590                xQueueGiveFromISR
 .text.xQueueGenericReceive
                0x00016698      0x1e0 ./../Libraries/FreeRTOS/debug/libFreeRTOS_efm32_debug.a(queue.o)
                0x00016698                xQueueGenericReceive
 .text.prvCopyDataToQueue
                0x00016878       0xe8 ./../Libraries/FreeRTOS/debug/libFreeRTOS_efm32_debug.a(queue.o)
 .text.prvCopyDataFromQueue
                0x00016960       0x50 ./../Libraries/FreeRTOS/debug/libFreeRTOS_efm32_debug.a(queue.o)
 .text.prvUnlockQueue
                0x000169b0       0xc0 ./../Libraries/FreeRTOS/debug/libFreeRTOS_efm32_debug.a(queue.o)
 .text.prvIsQueueEmpty
                0x00016a70       0x34 ./../Libraries/FreeRTOS/debug/libFreeRTOS_efm32_debug.a(queue.o)
 .text.prvIsQueueFull
                0x00016aa4       0x38 ./../Libraries/FreeRTOS/debug/libFreeRTOS_efm32_debug.a(queue.o)
 .text.vQueueAddToRegistry
                0x00016adc       0x64 ./../Libraries/FreeRTOS/debug/libFreeRTOS_efm32_debug.a(queue.o)
                0x00016adc                vQueueAddToRegistry
 .text.vQueueWaitForMessageRestricted
                0x00016b40       0x64 ./../Libraries/FreeRTOS/debug/libFreeRTOS_efm32_debug.a(queue.o)
                0x00016b40                vQueueWaitForMessageRestricted
 .text.prvNotifyQueueSetContainer
                0x00016ba4       0xa8 ./../Libraries/FreeRTOS/debug/libFreeRTOS_efm32_debug.a(queue.o)
 .text.ADC_Init
                0x00016c4c       0x68 ./../Libraries/EMlib/debug/libEMLib_efm32_debug.a(em_adc.o)
                0x00016c4c                ADC_Init
 .text.ADC_PrescaleCalc
                0x00016cb4       0x78 ./../Libraries/EMlib/debug/libEMLib_efm32_debug.a(em_adc.o)
                0x00016cb4                ADC_PrescaleCalc
 .text.ADC_TimebaseCalc
                0x00016d2c       0x74 ./../Libraries/EMlib/debug/libEMLib_efm32_debug.a(em_adc.o)
                0x00016d2c                ADC_TimebaseCalc
 .text.BITBAND_Peripheral
                0x00016da0       0x30 ./../Libraries/EMlib/debug/libEMLib_efm32_debug.a(em_cmu.o)
 .text.CMU_MaxFreqHfle
                0x00016dd0       0xb8 ./../Libraries/EMlib/debug/libEMLib_efm32_debug.a(em_cmu.o)
 .text.CMU_FlashWaitStateMax
                0x00016e88       0x68 ./../Libraries/EMlib/debug/libEMLib_efm32_debug.a(em_cmu.o)
 .text.CMU_DivToLog2
                0x00016ef0       0x38 ./../Libraries/EMlib/debug/libEMLib_efm32_debug.a(em_cmu.o)
 .text.CMU_FlashWaitStateControl
                0x00016f28       0xf4 ./../Libraries/EMlib/debug/libEMLib_efm32_debug.a(em_cmu.o)
 .text.CMU_USBCClkGet
                0x0001701c       0x50 ./../Libraries/EMlib/debug/libEMLib_efm32_debug.a(em_cmu.o)
 .text.CMU_AUXClkGet
                0x0001706c       0x9c ./../Libraries/EMlib/debug/libEMLib_efm32_debug.a(em_cmu.o)
 .text.CMU_DBGClkGet
                0x00017108       0x64 ./../Libraries/EMlib/debug/libEMLib_efm32_debug.a(em_cmu.o)
 .text.CMU_LFClkGet
                0x0001716c       0xd4 ./../Libraries/EMlib/debug/libEMLib_efm32_debug.a(em_cmu.o)
 .text.CMU_Sync
                0x00017240       0x3c ./../Libraries/EMlib/debug/libEMLib_efm32_debug.a(em_cmu.o)
 .text.CMU_ClockDivSet
                0x0001727c      0x298 ./../Libraries/EMlib/debug/libEMLib_efm32_debug.a(em_cmu.o)
                0x0001727c                CMU_ClockDivSet
 .text.CMU_ClockEnable
                0x00017514      0x10c ./../Libraries/EMlib/debug/libEMLib_efm32_debug.a(em_cmu.o)
                0x00017514                CMU_ClockEnable
 .text.CMU_ClockFreqGet
                0x00017620      0x1e8 ./../Libraries/EMlib/debug/libEMLib_efm32_debug.a(em_cmu.o)
                0x00017620                CMU_ClockFreqGet
 .text.CMU_ClockSelectGet
                0x00017808      0x1a4 ./../Libraries/EMlib/debug/libEMLib_efm32_debug.a(em_cmu.o)
                0x00017808                CMU_ClockSelectGet
 .text.CMU_ClockSelectSet
                0x000179ac      0x38c ./../Libraries/EMlib/debug/libEMLib_efm32_debug.a(em_cmu.o)
                0x000179ac                CMU_ClockSelectSet
 .text.CMU_OscillatorEnable
                0x00017d38       0xe8 ./../Libraries/EMlib/debug/libEMLib_efm32_debug.a(em_cmu.o)
                0x00017d38                CMU_OscillatorEnable
 .text.MSC_Init
                0x00017e20      0x108 ./../Libraries/EMlib/debug/libEMLib_efm32_debug.a(em_msc.o)
                0x00017e20                MSC_Init
 .text.MSC_Deinit
                0x00017f28       0x30 ./../Libraries/EMlib/debug/libEMLib_efm32_debug.a(em_msc.o)
                0x00017f28                MSC_Deinit
 .text.NVIC_DisableIRQ
                0x00017f58       0x3c ./../Libraries/EMlib/debug/libEMLib_efm32_debug.a(em_dma.o)
 .text.BITBAND_Peripheral
                0x00017f94       0x30 ./../Libraries/EMlib/debug/libEMLib_efm32_debug.a(em_dma.o)
 .text.DMA_Prepare
                0x00017fc4      0x138 ./../Libraries/EMlib/debug/libEMLib_efm32_debug.a(em_dma.o)
 .text.DMA_IRQHandler
                0x000180fc      0x110 ./../Libraries/EMlib/debug/libEMLib_efm32_debug.a(em_dma.o)
                0x000180fc                DMA_IRQHandler
 .text.DMA_ActivateBasic
                0x0001820c       0x48 ./../Libraries/EMlib/debug/libEMLib_efm32_debug.a(em_dma.o)
                0x0001820c                DMA_ActivateBasic
 .text.DMA_CfgChannel
                0x00018254       0xc0 ./../Libraries/EMlib/debug/libEMLib_efm32_debug.a(em_dma.o)
                0x00018254                DMA_CfgChannel
 .text.DMA_CfgDescr
                0x00018314       0x84 ./../Libraries/EMlib/debug/libEMLib_efm32_debug.a(em_dma.o)
                0x00018314                DMA_CfgDescr
 .text.DMA_Reset
                0x00018398       0xd4 ./../Libraries/EMlib/debug/libEMLib_efm32_debug.a(em_dma.o)
                0x00018398                DMA_Reset
 .text.EMU_UpdateOscConfig
                0x0001846c       0x20 ./../Libraries/EMlib/debug/libEMLib_efm32_debug.a(em_emu.o)
                0x0001846c                EMU_UpdateOscConfig
 .text.GPIO_DriveModeSet
                0x0001848c       0x60 ./../Libraries/EMlib/debug/libEMLib_efm32_debug.a(em_gpio.o)
                0x0001848c                GPIO_DriveModeSet
 .text.GPIO_PinModeSet
                0x000184ec      0x1b8 ./../Libraries/EMlib/debug/libEMLib_efm32_debug.a(em_gpio.o)
                0x000184ec                GPIO_PinModeSet
 .text.BITBAND_Peripheral
                0x000186a4       0x30 ./../Libraries/EMlib/debug/libEMLib_efm32_debug.a(em_i2c.o)
 .text.I2C_BusFreqSet
                0x000186d4       0x94 ./../Libraries/EMlib/debug/libEMLib_efm32_debug.a(em_i2c.o)
                0x000186d4                I2C_BusFreqSet
 .text.I2C_Init
                0x00018768       0x84 ./../Libraries/EMlib/debug/libEMLib_efm32_debug.a(em_i2c.o)
                0x00018768                I2C_Init
 .text.USART_BaudrateAsyncSet
                0x000187ec       0xd0 ./../Libraries/EMlib/debug/libEMLib_efm32_debug.a(em_usart.o)
                0x000187ec                USART_BaudrateAsyncSet
 .text.USART_BaudrateSyncSet
                0x000188bc       0x7c ./../Libraries/EMlib/debug/libEMLib_efm32_debug.a(em_usart.o)
                0x000188bc                USART_BaudrateSyncSet
 .text.USART_Enable
                0x00018938       0x7c ./../Libraries/EMlib/debug/libEMLib_efm32_debug.a(em_usart.o)
                0x00018938                USART_Enable
 .text.USART_InitAsync
                0x000189b4       0xbc ./../Libraries/EMlib/debug/libEMLib_efm32_debug.a(em_usart.o)
                0x000189b4                USART_InitAsync
 .text.USART_Reset
                0x00018a70       0xd8 ./../Libraries/EMlib/debug/libEMLib_efm32_debug.a(em_usart.o)
                0x00018a70                USART_Reset
 .text.USART_Tx
                0x00018b48       0x2c ./../Libraries/EMlib/debug/libEMLib_efm32_debug.a(em_usart.o)
                0x00018b48                USART_Tx
 .text.SYSTEM_ChipRevisionGet
                0x00018b74       0x94 ./../Libraries/EMlib/debug/libEMLib_efm32_debug.a(em_system.o)
                0x00018b74                SYSTEM_ChipRevisionGet
 .text.NVIC_EnableIRQ
                0x00018c08       0x38 ./../Libraries/EMlib/debug/libEMLib_efm32_debug.a(em_usbd.o)
 .text.NVIC_ClearPendingIRQ
                0x00018c40       0x3c ./../Libraries/EMlib/debug/libEMLib_efm32_debug.a(em_usbd.o)
 .text.INT_Disable
                0x00018c7c       0x40 ./../Libraries/EMlib/debug/libEMLib_efm32_debug.a(em_usbd.o)
 .text.INT_Enable
                0x00018cbc       0x54 ./../Libraries/EMlib/debug/libEMLib_efm32_debug.a(em_usbd.o)
 .text.USBHAL_DisableGlobalInt
                0x00018d10       0x34 ./../Libraries/EMlib/debug/libEMLib_efm32_debug.a(em_usbd.o)
 .text.USBHAL_EnableGlobalInt
                0x00018d44       0x34 ./../Libraries/EMlib/debug/libEMLib_efm32_debug.a(em_usbd.o)
 .text.USBDHAL_EnableUsbResetAndSuspendInt
                0x00018d78       0x38 ./../Libraries/EMlib/debug/libEMLib_efm32_debug.a(em_usbd.o)
 .text.USBDHAL_EpIsStalled
                0x00018db0       0x3c ./../Libraries/EMlib/debug/libEMLib_efm32_debug.a(em_usbd.o)
 .text.USBDHAL_GetStallStatusEp
                0x00018dec       0xc0 ./../Libraries/EMlib/debug/libEMLib_efm32_debug.a(em_usbd.o)
 .text.USBDHAL_SetEp0InDmaPtr
                0x00018eac       0x28 ./../Libraries/EMlib/debug/libEMLib_efm32_debug.a(em_usbd.o)
 .text.USBDHAL_SetEp0OutDmaPtr
                0x00018ed4       0x28 ./../Libraries/EMlib/debug/libEMLib_efm32_debug.a(em_usbd.o)
 .text.USBDHAL_StartEp0In
                0x00018efc       0x5c ./../Libraries/EMlib/debug/libEMLib_efm32_debug.a(em_usbd.o)
 .text.USBDHAL_StartEp0Out
                0x00018f58       0x5c ./../Libraries/EMlib/debug/libEMLib_efm32_debug.a(em_usbd.o)
 .text.USBDHAL_StartEpIn
                0x00018fb4       0xc8 ./../Libraries/EMlib/debug/libEMLib_efm32_debug.a(em_usbd.o)
 .text.USBDHAL_StartEpOut
                0x0001907c       0xd4 ./../Libraries/EMlib/debug/libEMLib_efm32_debug.a(em_usbd.o)
 .text.USBD_ArmEp
                0x00019150       0x28 ./../Libraries/EMlib/debug/libEMLib_efm32_debug.a(em_usbd.o)
 .text.USBD_ArmEp0
                0x00019178       0x88 ./../Libraries/EMlib/debug/libEMLib_efm32_debug.a(em_usbd.o)
 .text.USBD_ArmEpN
                0x00019200       0x28 ./../Libraries/EMlib/debug/libEMLib_efm32_debug.a(em_usbd.o)
 .text.USBD_GetEpFromAddr
                0x00019228       0xa0 ./../Libraries/EMlib/debug/libEMLib_efm32_debug.a(em_usbd.o)
 .text.USBD_Disconnect
                0x000192c8       0x14 ./../Libraries/EMlib/debug/libEMLib_efm32_debug.a(em_usbd.o)
                0x000192c8                USBD_Disconnect
 .text.USBD_GetUsbState
                0x000192dc       0x1c ./../Libraries/EMlib/debug/libEMLib_efm32_debug.a(em_usbd.o)
                0x000192dc                USBD_GetUsbState
 .text.USBD_Init
                0x000192f8      0x4fc ./../Libraries/EMlib/debug/libEMLib_efm32_debug.a(em_usbd.o)
                0x000192f8                USBD_Init
 .text.USBD_Read
                0x000197f4      0x108 ./../Libraries/EMlib/debug/libEMLib_efm32_debug.a(em_usbd.o)
                0x000197f4                USBD_Read
 .text.USBD_SetUsbState
                0x000198fc       0x98 ./../Libraries/EMlib/debug/libEMLib_efm32_debug.a(em_usbd.o)
                0x000198fc                USBD_SetUsbState
 .text.USBD_Write
                0x00019994      0x10c ./../Libraries/EMlib/debug/libEMLib_efm32_debug.a(em_usbd.o)
                0x00019994                USBD_Write
 .text.NVIC_ClearPendingIRQ
                0x00019aa0       0x3c ./../Libraries/EMlib/debug/libEMLib_efm32_debug.a(em_usbhal.o)
 .text.INT_Disable
                0x00019adc       0x40 ./../Libraries/EMlib/debug/libEMLib_efm32_debug.a(em_usbhal.o)
 .text.INT_Enable
                0x00019b1c       0x54 ./../Libraries/EMlib/debug/libEMLib_efm32_debug.a(em_usbhal.o)
 .text.USBHAL_FlushRxFifo
                0x00019b70       0x3c ./../Libraries/EMlib/debug/libEMLib_efm32_debug.a(em_usbhal.o)
 .text.USBHAL_FlushTxFifo
                0x00019bac       0x4c ./../Libraries/EMlib/debug/libEMLib_efm32_debug.a(em_usbhal.o)
 .text.USBDHAL_DeactivateEp
                0x00019bf8       0x88 ./../Libraries/EMlib/debug/libEMLib_efm32_debug.a(em_usbhal.o)
 .text.USBDHAL_GetInEpInts
                0x00019c80       0x44 ./../Libraries/EMlib/debug/libEMLib_efm32_debug.a(em_usbhal.o)
 .text.USBDHAL_GetOutEpInts
                0x00019cc4       0x44 ./../Libraries/EMlib/debug/libEMLib_efm32_debug.a(em_usbhal.o)
 .text.USBDHAL_SetEPDISNAK
                0x00019d08       0xac ./../Libraries/EMlib/debug/libEMLib_efm32_debug.a(em_usbhal.o)
 .text.USBD_GetEpFromAddr
                0x00019db4       0xa0 ./../Libraries/EMlib/debug/libEMLib_efm32_debug.a(em_usbhal.o)
 .text.USBHAL_CoreReset
                0x00019e54       0xbc ./../Libraries/EMlib/debug/libEMLib_efm32_debug.a(em_usbhal.o)
                0x00019e54                USBHAL_CoreReset
 .text.USBDHAL_CoreInit
                0x00019f10      0x3ec ./../Libraries/EMlib/debug/libEMLib_efm32_debug.a(em_usbhal.o)
                0x00019f10                USBDHAL_CoreInit
 .text.USBDHAL_Disconnect
                0x0001a2fc       0x3c ./../Libraries/EMlib/debug/libEMLib_efm32_debug.a(em_usbhal.o)
                0x0001a2fc                USBDHAL_Disconnect
 .text.USBDHAL_AbortAllEps
                0x0001a338      0x53c ./../Libraries/EMlib/debug/libEMLib_efm32_debug.a(em_usbhal.o)
                0x0001a338                USBDHAL_AbortAllEps
 .text.USBDHAL_AbortAllTransfers
                0x0001a874       0xc8 ./../Libraries/EMlib/debug/libEMLib_efm32_debug.a(em_usbhal.o)
                0x0001a874                USBDHAL_AbortAllTransfers
 .text.USBDHAL_ReenableEp0Setup
                0x0001a93c       0x60 ./../Libraries/EMlib/debug/libEMLib_efm32_debug.a(em_usbdep.o)
 .text.USBDHAL_StallEp
                0x0001a99c       0xcc ./../Libraries/EMlib/debug/libEMLib_efm32_debug.a(em_usbdep.o)
 .text.USBDHAL_StartEp0In
                0x0001aa68       0x5c ./../Libraries/EMlib/debug/libEMLib_efm32_debug.a(em_usbdep.o)
 .text.USBDHAL_StartEp0Out
                0x0001aac4       0x5c ./../Libraries/EMlib/debug/libEMLib_efm32_debug.a(em_usbdep.o)
 .text.USBD_GetEpFromAddr
                0x0001ab20       0xa0 ./../Libraries/EMlib/debug/libEMLib_efm32_debug.a(em_usbdep.o)
 .text.USBD_ReArmEp0
                0x0001abc0       0x64 ./../Libraries/EMlib/debug/libEMLib_efm32_debug.a(em_usbdep.o)
 .text.USBDEP_Ep0Handler
                0x0001ac24      0x300 ./../Libraries/EMlib/debug/libEMLib_efm32_debug.a(em_usbdep.o)
                0x0001ac24                USBDEP_Ep0Handler
 .text.USBDEP_EpHandler
                0x0001af24       0x60 ./../Libraries/EMlib/debug/libEMLib_efm32_debug.a(em_usbdep.o)
                0x0001af24                USBDEP_EpHandler
 .text.TIMER_CounterGet
                0x0001af84       0x18 ./../Libraries/EMlib/debug/libEMLib_efm32_debug.a(em_usbtimer.o)
 .text.TIMER_TopSet
                0x0001af9c       0x1c ./../Libraries/EMlib/debug/libEMLib_efm32_debug.a(em_usbtimer.o)
 .text.DelayTicks
                0x0001afb8       0x4c ./../Libraries/EMlib/debug/libEMLib_efm32_debug.a(em_usbtimer.o)
 .text.USBTIMER_DelayMs
                0x0001b004       0x84 ./../Libraries/EMlib/debug/libEMLib_efm32_debug.a(em_usbtimer.o)
                0x0001b004                USBTIMER_DelayMs
 .text.USBTIMER_DelayUs
                0x0001b088      0x124 ./../Libraries/EMlib/debug/libEMLib_efm32_debug.a(em_usbtimer.o)
                0x0001b088                USBTIMER_DelayUs
 .text.USBTIMER_Init
                0x0001b1ac      0x188 ./../Libraries/EMlib/debug/libEMLib_efm32_debug.a(em_usbtimer.o)
                0x0001b1ac                USBTIMER_Init
 .text.GetProdRev
                0x0001b334       0x1c ./../Libraries/EMlib/debug/libEMLib_efm32_debug.a(system_efm32gg.o)
 .text.SystemCoreClockGet
                0x0001b350       0x58 ./../Libraries/EMlib/debug/libEMLib_efm32_debug.a(system_efm32gg.o)
                0x0001b350                SystemCoreClockGet
 .text.SystemHFClockGet
                0x0001b3a8      0x110 ./../Libraries/EMlib/debug/libEMLib_efm32_debug.a(system_efm32gg.o)
                0x0001b3a8                SystemHFClockGet
 .text.SystemHFXOClockGet
                0x0001b4b8       0x18 ./../Libraries/EMlib/debug/libEMLib_efm32_debug.a(system_efm32gg.o)
                0x0001b4b8                SystemHFXOClockGet
 .text.SystemInit
                0x0001b4d0        0xc ./../Libraries/EMlib/debug/libEMLib_efm32_debug.a(system_efm32gg.o)
                0x0001b4d0                SystemInit
 .text.SystemLFRCOClockGet
                0x0001b4dc       0x10 ./../Libraries/EMlib/debug/libEMLib_efm32_debug.a(system_efm32gg.o)
                0x0001b4dc                SystemLFRCOClockGet
 .text.SystemULFRCOClockGet
                0x0001b4ec       0x10 ./../Libraries/EMlib/debug/libEMLib_efm32_debug.a(system_efm32gg.o)
                0x0001b4ec                SystemULFRCOClockGet
 .text.SystemLFXOClockGet
                0x0001b4fc       0x18 ./../Libraries/EMlib/debug/libEMLib_efm32_debug.a(system_efm32gg.o)
                0x0001b4fc                SystemLFXOClockGet
 .text.TIMER_Init
                0x0001b514      0x134 ./../Libraries/EMlib/debug/libEMLib_efm32_debug.a(em_timer.o)
                0x0001b514                TIMER_Init
 .text.TIMER_InitCC
                0x0001b648       0xec ./../Libraries/EMlib/debug/libEMLib_efm32_debug.a(em_timer.o)
                0x0001b648                TIMER_InitCC
 .text.USBDHAL_ActivateEp
                0x0001b734      0x148 ./../Libraries/EMlib/debug/libEMLib_efm32_debug.a(em_usbdch9.o)
 .text.USBDHAL_DeactivateEp
                0x0001b87c       0x88 ./../Libraries/EMlib/debug/libEMLib_efm32_debug.a(em_usbdch9.o)
 .text.USBDHAL_GetStallStatusEp
                0x0001b904       0xc0 ./../Libraries/EMlib/debug/libEMLib_efm32_debug.a(em_usbdch9.o)
 .text.USBDHAL_SetAddr
                0x0001b9c4       0x3c ./../Libraries/EMlib/debug/libEMLib_efm32_debug.a(em_usbdch9.o)
 .text.USBDHAL_StallEp
                0x0001ba00       0xcc ./../Libraries/EMlib/debug/libEMLib_efm32_debug.a(em_usbdch9.o)
 .text.USBDHAL_UnStallEp
                0x0001bacc       0xe4 ./../Libraries/EMlib/debug/libEMLib_efm32_debug.a(em_usbdch9.o)
 .text.USBD_ActivateAllEps
                0x0001bbb0       0x54 ./../Libraries/EMlib/debug/libEMLib_efm32_debug.a(em_usbdch9.o)
 .text.USBD_DeactivateAllEps
                0x0001bc04       0x68 ./../Libraries/EMlib/debug/libEMLib_efm32_debug.a(em_usbdch9.o)
 .text.USBD_GetEpFromAddr
                0x0001bc6c       0xa0 ./../Libraries/EMlib/debug/libEMLib_efm32_debug.a(em_usbdch9.o)
 .text.USBDCH9_SetupCmd
                0x0001bd0c       0xec ./../Libraries/EMlib/debug/libEMLib_efm32_debug.a(em_usbdch9.o)
                0x0001bd0c                USBDCH9_SetupCmd
 .text.ClearFeature
                0x0001bdf8       0xcc ./../Libraries/EMlib/debug/libEMLib_efm32_debug.a(em_usbdch9.o)
 .text.GetConfiguration
                0x0001bec4       0xb8 ./../Libraries/EMlib/debug/libEMLib_efm32_debug.a(em_usbdch9.o)
 .text.GetDescriptor
                0x0001bf7c      0x10c ./../Libraries/EMlib/debug/libEMLib_efm32_debug.a(em_usbdch9.o)
 .text.GetInterface
                0x0001c088       0x94 ./../Libraries/EMlib/debug/libEMLib_efm32_debug.a(em_usbdch9.o)
 .text.GetStatus
                0x0001c11c      0x1b4 ./../Libraries/EMlib/debug/libEMLib_efm32_debug.a(em_usbdch9.o)
 .text.SetAddress
                0x0001c2d0       0xb4 ./../Libraries/EMlib/debug/libEMLib_efm32_debug.a(em_usbdch9.o)
 .text.SetConfiguration
                0x0001c384      0x10c ./../Libraries/EMlib/debug/libEMLib_efm32_debug.a(em_usbdch9.o)
 .text.SetFeature
                0x0001c490      0x100 ./../Libraries/EMlib/debug/libEMLib_efm32_debug.a(em_usbdch9.o)
 .text.SetInterface
                0x0001c590       0x68 ./../Libraries/EMlib/debug/libEMLib_efm32_debug.a(em_usbdch9.o)
 .text.Retcode_Initialize
                0x0001c5f8       0x60 ./../Platform/Essentials/release/libEssentials_efm32.a(Retcode.o)
                0x0001c5f8                Retcode_Initialize
 .text.Retcode_RaiseError
                0x0001c658       0x24 ./../Platform/Essentials/release/libEssentials_efm32.a(Retcode.o)
                0x0001c658                Retcode_RaiseError
 .text.Retcode_RaiseErrorFromIsr
                0x0001c67c       0x24 ./../Platform/Essentials/release/libEssentials_efm32.a(Retcode.o)
                0x0001c67c                Retcode_RaiseErrorFromIsr
 .text.Retcode_raiseError
                0x0001c6a0       0x18 ./../Platform/Essentials/release/libEssentials_efm32.a(Retcode.o)
                0x0001c6a0                Retcode_raiseError
 .text.RTC_IntClear
                0x0001c6b8       0x20 ./../Platform/Essentials/release/libEssentials_efm32.a(Timer.o)
 .text.RTC_IntDisable
                0x0001c6d8       0x30 ./../Platform/Essentials/release/libEssentials_efm32.a(Timer.o)
 .text.RTC_IntGet
                0x0001c708       0x18 ./../Platform/Essentials/release/libEssentials_efm32.a(Timer.o)
 .text.TIMER_IntClear
                0x0001c720       0x1c ./../Platform/Essentials/release/libEssentials_efm32.a(Timer.o)
 .text.TIMER_IntDisable
                0x0001c73c       0x24 ./../Platform/Essentials/release/libEssentials_efm32.a(Timer.o)
 .text.TIMER_IntGet
                0x0001c760       0x18 ./../Platform/Essentials/release/libEssentials_efm32.a(Timer.o)
 .text.LETIMER_IntClear
                0x0001c778       0x1c ./../Platform/Essentials/release/libEssentials_efm32.a(Timer.o)
 .text.LETIMER_IntDisable
                0x0001c794       0x24 ./../Platform/Essentials/release/libEssentials_efm32.a(Timer.o)
 .text.LETIMER_IntGet
                0x0001c7b8       0x18 ./../Platform/Essentials/release/libEssentials_efm32.a(Timer.o)
 .text.MCU_Timer_Initialize
                0x0001c7d0       0xe4 ./../Platform/Essentials/release/libEssentials_efm32.a(Timer.o)
                0x0001c7d0                MCU_Timer_Initialize
 .text.MCU_Timer_Callback
                0x0001c8b4       0x5c ./../Platform/Essentials/release/libEssentials_efm32.a(Timer.o)
                0x0001c8b4                MCU_Timer_Callback
 .text.ValidateTimerHandle
                0x0001c910       0x40 ./../Platform/Essentials/release/libEssentials_efm32.a(Timer.o)
 .text.getTimerEvent
                0x0001c950       0xc8 ./../Platform/Essentials/release/libEssentials_efm32.a(Timer.o)
 .text.extractFlags_RTC
                0x0001ca18       0x9c ./../Platform/Essentials/release/libEssentials_efm32.a(Timer.o)
 .text.extractFlags_LETIMER
                0x0001cab4       0x9c ./../Platform/Essentials/release/libEssentials_efm32.a(Timer.o)
 .text.extractFlags_TIMER
                0x0001cb50       0xd0 ./../Platform/Essentials/release/libEssentials_efm32.a(Timer.o)
 .text.MCU_Timer_GetRtcHandle
                0x0001cc20       0x14 ./../Platform/Essentials/release/libEssentials_efm32.a(Timer.o)
                0x0001cc20                MCU_Timer_GetRtcHandle
 .text.MCU_Timer_HandleRtcIrq
                0x0001cc34       0x14 ./../Platform/Essentials/release/libEssentials_efm32.a(Timer.o)
                0x0001cc34                MCU_Timer_HandleRtcIrq
 .text.CmdProcessor_Initialize
                0x0001cc48       0xe0 ./../Platform/Utils/release/libUtils_efm32.a(CmdProcessor.o)
                0x0001cc48                CmdProcessor_Initialize
 .text.CmdProcessor_Enqueue
                0x0001cd28       0x74 ./../Platform/Utils/release/libUtils_efm32.a(CmdProcessor.o)
                0x0001cd28                CmdProcessor_Enqueue
 .text.Run      0x0001cd9c       0x14 ./../Platform/Utils/release/libUtils_efm32.a(CmdProcessor.o)
 .text.Dequeue  0x0001cdb0       0x80 ./../Platform/Utils/release/libUtils_efm32.a(CmdProcessor.o)
 .text.NVM_Initialize
                0x0001ce30       0x4c ./../Platform/Drivers/release/libDrivers_efm32.a(BCDS_NVM.o)
                0x0001ce30                NVM_Initialize
 .text.objectConsistencyCheck
                0x0001ce7c       0x58 ./../Platform/Drivers/release/libDrivers_efm32.a(BCDS_NVM.o)
 .text.NVM_Read
                0x0001ced4       0x7c ./../Platform/Drivers/release/libDrivers_efm32.a(BCDS_NVM.o)
                0x0001ced4                NVM_Read
 .text.itemConsistencyCheck
                0x0001cf50       0x50 ./../Platform/Drivers/release/libDrivers_efm32.a(BCDS_NVM.o)
 .text.NVM_Write
                0x0001cfa0       0x94 ./../Platform/Drivers/release/libDrivers_efm32.a(BCDS_NVM.o)
                0x0001cfa0                NVM_Write
 .text.NVM_Flush
                0x0001d034       0x9c ./../Platform/Drivers/release/libDrivers_efm32.a(BCDS_NVM.o)
                0x0001d034                NVM_Flush
 .text.sectionUpdateRequired
                0x0001d0d0       0x8c ./../Platform/Drivers/release/libDrivers_efm32.a(BCDS_NVM.o)
 .text.NVM_ReadUInt8
                0x0001d15c       0x40 ./../Platform/Drivers/release/libDrivers_efm32.a(BCDS_NVM.o)
                0x0001d15c                NVM_ReadUInt8
 .text.NVM_WriteUInt8
                0x0001d19c       0x40 ./../Platform/Drivers/release/libDrivers_efm32.a(BCDS_NVM.o)
                0x0001d19c                NVM_WriteUInt8
 .text.isLittleEndianPlatform
                0x0001d1dc       0x30 ./../Platform/Drivers/release/libDrivers_efm32.a(BCDS_NVM.o)
 .text.NVM_IsEndiannessDifferent
                0x0001d20c       0x54 ./../Platform/Drivers/release/libDrivers_efm32.a(BCDS_NVM.o)
 .text.NVM_SwapBytes
                0x0001d260       0xc4 ./../Platform/Drivers/release/libDrivers_efm32.a(BCDS_NVM.o)
 .text.BlePeripheral_SetMacAddress
                0x0001d324       0x40 ./../Platform/BLE/release/libBLE_efm32.a(BlePeripheral.o)
                0x0001d324                BlePeripheral_SetMacAddress
 .text.TriggerStateMachineServicing
                0x0001d364       0x38 ./../Platform/BLE/release/libBLE_efm32.a(StateHandler.o)
 .text.BLEMGMT_NotifyToRun
                0x0001d39c       0x24 ./../Platform/BLE/release/libBLE_efm32.a(StateHandler.o)
                0x0001d39c                BLEMGMT_NotifyToRun
 .text.HandleUartEvent
                0x0001d3c0       0xdc ./../Platform/BLE/release/libBLE_efm32.a(TransportAdapter.o)
 .text.TransportAdapter_Enable
                0x0001d49c      0x140 ./../Platform/BLE/release/libBLE_efm32.a(TransportAdapter.o)
                0x0001d49c                TransportAdapter_Enable
 .text.TransportAdapter_WakeUp
                0x0001d5dc       0x28 ./../Platform/BLE/release/libBLE_efm32.a(TransportAdapter.o)
                0x0001d5dc                TransportAdapter_WakeUp
 .text.TransportAdapter_ResetDevice
                0x0001d604       0x10 ./../Platform/BLE/release/libBLE_efm32.a(TransportAdapter.o)
                0x0001d604                TransportAdapter_ResetDevice
 .text.BleAlpwDataExchange_Client_PostWriteCompleteEvent
                0x0001d614       0x1c ./../Libraries/BLEStack/3rd-party/Alpwise/ALPW-BLESDKCM3/BLESW_ALPWDataExchange/Libraries/BLESW_ALPWDEP_Client_CM3.a(BleAlpwDataExchange_Client.o)
 .text.BleAlpwDataExchange_Client_GetClientFromHandle
                0x0001d630       0x34 ./../Libraries/BLEStack/3rd-party/Alpwise/ALPW-BLESDKCM3/BLESW_ALPWDataExchange/Libraries/BLESW_ALPWDEP_Client_CM3.a(BleAlpwDataExchange_Client.o)
 .text.BleAlpwDataExchange_Client_RemoveClientFromList
                0x0001d664       0x44 ./../Libraries/BLEStack/3rd-party/Alpwise/ALPW-BLESDKCM3/BLESW_ALPWDataExchange/Libraries/BLESW_ALPWDEP_Client_CM3.a(BleAlpwDataExchange_Client.o)
 .text.BleAlpwDataExchange_Client_PostLinkUpEvent
                0x0001d6a8       0x4c ./../Libraries/BLEStack/3rd-party/Alpwise/ALPW-BLESDKCM3/BLESW_ALPWDataExchange/Libraries/BLESW_ALPWDEP_Client_CM3.a(BleAlpwDataExchange_Client.o)
 .text.BleAlpwDataExchange_Client_GattCallback
                0x0001d6f4      0x224 ./../Libraries/BLEStack/3rd-party/Alpwise/ALPW-BLESDKCM3/BLESW_ALPWDataExchange/Libraries/BLESW_ALPWDEP_Client_CM3.a(BleAlpwDataExchange_Client.o)
 .text.BleAlpwDataExchange_Client_StackCallback
                0x0001d918       0x8c ./../Libraries/BLEStack/3rd-party/Alpwise/ALPW-BLESDKCM3/BLESW_ALPWDataExchange/Libraries/BLESW_ALPWDEP_Client_CM3.a(BleAlpwDataExchange_Client.o)
 .text.BLEALPWDATAEXCHANGE_CLIENT_Init
                0x0001d9a4       0x64 ./../Libraries/BLEStack/3rd-party/Alpwise/ALPW-BLESDKCM3/BLESW_ALPWDataExchange/Libraries/BLESW_ALPWDEP_Client_CM3.a(BleAlpwDataExchange_Client.o)
                0x0001d9a4                BLEALPWDATAEXCHANGE_CLIENT_Init
 .text.BLEALPWDATAEXCHANGE_CLIENT_LinkUpAlpwDataExchangeProfile
                0x0001da08      0x158 ./../Libraries/BLEStack/3rd-party/Alpwise/ALPW-BLESDKCM3/BLESW_ALPWDataExchange/Libraries/BLESW_ALPWDEP_Client_CM3.a(BleAlpwDataExchange_Client.o)
                0x0001da08                BLEALPWDATAEXCHANGE_CLIENT_LinkUpAlpwDataExchangeProfile
 .text.BLEALPWDATAEXCHANGE_CLIENT_SendData
                0x0001db60       0x94 ./../Libraries/BLEStack/3rd-party/Alpwise/ALPW-BLESDKCM3/BLESW_ALPWDataExchange/Libraries/BLESW_ALPWDEP_Client_CM3.a(BleAlpwDataExchange_Client.o)
                0x0001db60                BLEALPWDATAEXCHANGE_CLIENT_SendData
 .text.BleMgmt_timerRing
                0x0001dbf4      0x100 ./../Libraries/BLEStack/3rd-party/Alpwise/ALPW-BLESDKCM3/BLESW_CoreStack/Libraries/BLESW_CoreStack_CM3.a(BleEngine.o)
 .text.BLEMGMT_Init
                0x0001dcf4       0x3c ./../Libraries/BLEStack/3rd-party/Alpwise/ALPW-BLESDKCM3/BLESW_CoreStack/Libraries/BLESW_CoreStack_CM3.a(BleEngine.o)
                0x0001dcf4                BLEMGMT_Init
 .text.BLEMGMT_RegisterHandler
                0x0001dd30       0x28 ./../Libraries/BLEStack/3rd-party/Alpwise/ALPW-BLESDKCM3/BLESW_CoreStack/Libraries/BLESW_CoreStack_CM3.a(BleEngine.o)
                0x0001dd30                BLEMGMT_RegisterHandler
 .text.BleMgmt_PostEvent
                0x0001dd58       0x50 ./../Libraries/BLEStack/3rd-party/Alpwise/ALPW-BLESDKCM3/BLESW_CoreStack/Libraries/BLESW_CoreStack_CM3.a(BleEngine.o)
                0x0001dd58                BleMgmt_PostEvent
 .text.BleMgmt_RemoveTimerEvent
                0x0001dda8      0x114 ./../Libraries/BLEStack/3rd-party/Alpwise/ALPW-BLESDKCM3/BLESW_CoreStack/Libraries/BLESW_CoreStack_CM3.a(BleEngine.o)
                0x0001dda8                BleMgmt_RemoveTimerEvent
 .text.BleMgmt_AddTimerEvent
                0x0001debc       0xf0 ./../Libraries/BLEStack/3rd-party/Alpwise/ALPW-BLESDKCM3/BLESW_CoreStack/Libraries/BLESW_CoreStack_CM3.a(BleEngine.o)
 .text.BleMgmt_AddStackTimerEvent
                0x0001dfac        0x4 ./../Libraries/BLEStack/3rd-party/Alpwise/ALPW-BLESDKCM3/BLESW_CoreStack/Libraries/BLESW_CoreStack_CM3.a(BleEngine.o)
                0x0001dfac                BleMgmt_AddStackTimerEvent
 .text.SYSTEM_MemCpy
                0x0001dfb0       0x14 ./../Libraries/BLEStack/3rd-party/Alpwise/ALPW-BLESDKCM3/BLESW_CoreStack/Libraries/BLESW_CoreStack_CM3.a(BleMemory.o)
                0x0001dfb0                SYSTEM_MemCpy
 .text.SYSTEM_ReverseMemCpy
                0x0001dfc4       0x1a ./../Libraries/BLEStack/3rd-party/Alpwise/ALPW-BLESDKCM3/BLESW_CoreStack/Libraries/BLESW_CoreStack_CM3.a(BleMemory.o)
                0x0001dfc4                SYSTEM_ReverseMemCpy
 .text.SYSTEM_MemCmp
                0x0001dfde       0x24 ./../Libraries/BLEStack/3rd-party/Alpwise/ALPW-BLESDKCM3/BLESW_CoreStack/Libraries/BLESW_CoreStack_CM3.a(BleMemory.o)
                0x0001dfde                SYSTEM_MemCmp
 .text.SYSTEM_MemSet
                0x0001e002       0x16 ./../Libraries/BLEStack/3rd-party/Alpwise/ALPW-BLESDKCM3/BLESW_CoreStack/Libraries/BLESW_CoreStack_CM3.a(BleMemory.o)
                0x0001e002                SYSTEM_MemSet
 .text.BleList_RemoveNode
                0x0001e018       0x2e ./../Libraries/BLEStack/3rd-party/Alpwise/ALPW-BLESDKCM3/BLESW_CoreStack/Libraries/BLESW_CoreStack_CM3.a(BleSlist.o)
                0x0001e018                BleList_RemoveNode
 .text.BleList_GetHeadNode
                0x0001e046        0xc ./../Libraries/BLEStack/3rd-party/Alpwise/ALPW-BLESDKCM3/BLESW_CoreStack/Libraries/BLESW_CoreStack_CM3.a(BleSlist.o)
                0x0001e046                BleList_GetHeadNode
 .text.BleList_IsNodeIn
                0x0001e052       0x12 ./../Libraries/BLEStack/3rd-party/Alpwise/ALPW-BLESDKCM3/BLESW_CoreStack/Libraries/BLESW_CoreStack_CM3.a(BleSlist.o)
                0x0001e052                BleList_IsNodeIn
 .text.BleList_InsertTail
                0x0001e064       0x28 ./../Libraries/BLEStack/3rd-party/Alpwise/ALPW-BLESDKCM3/BLESW_CoreStack/Libraries/BLESW_CoreStack_CM3.a(BleSlist.o)
                0x0001e064                BleList_InsertTail
 .text.BleList_InsertAfter
                0x0001e08c       0x34 ./../Libraries/BLEStack/3rd-party/Alpwise/ALPW-BLESDKCM3/BLESW_CoreStack/Libraries/BLESW_CoreStack_CM3.a(BleSlist.o)
                0x0001e08c                BleList_InsertAfter
 .text.BleList_GetCount
                0x0001e0c0       0x10 ./../Libraries/BLEStack/3rd-party/Alpwise/ALPW-BLESDKCM3/BLESW_CoreStack/Libraries/BLESW_CoreStack_CM3.a(BleSlist.o)
                0x0001e0c0                BleList_GetCount
 .text.BleList_GetIndex
                0x0001e0d0       0x16 ./../Libraries/BLEStack/3rd-party/Alpwise/ALPW-BLESDKCM3/BLESW_CoreStack/Libraries/BLESW_CoreStack_CM3.a(BleSlist.o)
                0x0001e0d0                BleList_GetIndex
 .text.BleSmp_IsKeyNull
                0x0001e0e6       0x1c ./../Libraries/BLEStack/3rd-party/Alpwise/ALPW-BLESDKCM3/BLESW_CoreStack/Libraries/BLESW_CoreStack_CM3.a(BleSmp.o)
 *fill*         0x0001e102        0x2 00
 .text.BleSmp_ClearOperation
                0x0001e104       0x30 ./../Libraries/BLEStack/3rd-party/Alpwise/ALPW-BLESDKCM3/BLESW_CoreStack/Libraries/BLESW_CoreStack_CM3.a(BleSmp.o)
 .text.BleSmp_GenerateRandomNumber
                0x0001e134       0x18 ./../Libraries/BLEStack/3rd-party/Alpwise/ALPW-BLESDKCM3/BLESW_CoreStack/Libraries/BLESW_CoreStack_CM3.a(BleSmp.o)
 .text.BleSmp_SendPairingFailed
                0x0001e14c       0x22 ./../Libraries/BLEStack/3rd-party/Alpwise/ALPW-BLESDKCM3/BLESW_CoreStack/Libraries/BLESW_CoreStack_CM3.a(BleSmp.o)
 *fill*         0x0001e16e        0x2 00
 .text.BleSmp_StartPairingWatchdog
                0x0001e170       0x2c ./../Libraries/BLEStack/3rd-party/Alpwise/ALPW-BLESDKCM3/BLESW_CoreStack/Libraries/BLESW_CoreStack_CM3.a(BleSmp.o)
 .text.BleSmp_OperationEnds
                0x0001e19c       0x24 ./../Libraries/BLEStack/3rd-party/Alpwise/ALPW-BLESDKCM3/BLESW_CoreStack/Libraries/BLESW_CoreStack_CM3.a(BleSmp.o)
 .text.BleSmp_StartOperation
                0x0001e1c0      0x108 ./../Libraries/BLEStack/3rd-party/Alpwise/ALPW-BLESDKCM3/BLESW_CoreStack/Libraries/BLESW_CoreStack_CM3.a(BleSmp.o)
 .text.BleSmp_ReportPairingStatus
                0x0001e2c8       0x54 ./../Libraries/BLEStack/3rd-party/Alpwise/ALPW-BLESDKCM3/BLESW_CoreStack/Libraries/BLESW_CoreStack_CM3.a(BleSmp.o)
 .text.BleSmp_PairingWatchdog
                0x0001e31c       0x36 ./../Libraries/BLEStack/3rd-party/Alpwise/ALPW-BLESDKCM3/BLESW_CoreStack/Libraries/BLESW_CoreStack_CM3.a(BleSmp.o)
 .text.BLESMP_GetLinkSecurityProperties
                0x0001e352       0x1e ./../Libraries/BLEStack/3rd-party/Alpwise/ALPW-BLESDKCM3/BLESW_CoreStack/Libraries/BLESW_CoreStack_CM3.a(BleSmp.o)
                0x0001e352                BLESMP_GetLinkSecurityProperties
 .text.BLESMP_IsDeviceBonded
                0x0001e370       0x24 ./../Libraries/BLEStack/3rd-party/Alpwise/ALPW-BLESDKCM3/BLESW_CoreStack/Libraries/BLESW_CoreStack_CM3.a(BleSmp.o)
                0x0001e370                BLESMP_IsDeviceBonded
 .text.BLESMP_InitiatePairing
                0x0001e394      0x238 ./../Libraries/BLEStack/3rd-party/Alpwise/ALPW-BLESDKCM3/BLESW_CoreStack/Libraries/BLESW_CoreStack_CM3.a(BleSmp.o)
                0x0001e394                BLESMP_InitiatePairing
 .text.BleStck_Init
                0x0001e5cc       0x30 ./../Libraries/BLEStack/3rd-party/Alpwise/ALPW-BLESDKCM3/BLESW_CoreStack/Libraries/BLESW_CoreStack_CM3.a(BleStck.o)
                0x0001e5cc                BleStck_Init
 .text.BleConn_GetConnection
                0x0001e5fc       0x40 ./../Libraries/BLEStack/3rd-party/Alpwise/ALPW-BLESDKCM3/BLESW_CoreStack/Libraries/BLESW_CoreStack_CM3.a(BleStck.o)
                0x0001e5fc                BleConn_GetConnection
 .text.BleConn_GetBDAddr
                0x0001e63c       0x48 ./../Libraries/BLEStack/3rd-party/Alpwise/ALPW-BLESDKCM3/BLESW_CoreStack/Libraries/BLESW_CoreStack_CM3.a(BleStck.o)
                0x0001e63c                BleConn_GetBDAddr
 .text.BleStck_SetOperation
                0x0001e684       0x5c ./../Libraries/BLEStack/3rd-party/Alpwise/ALPW-BLESDKCM3/BLESW_CoreStack/Libraries/BLESW_CoreStack_CM3.a(BleStck.o)
                0x0001e684                BleStck_SetOperation
 .text.BLESTCK_CreateLinkLayerConnection
                0x0001e6e0      0x190 ./../Libraries/BLEStack/3rd-party/Alpwise/ALPW-BLESDKCM3/BLESW_CoreStack/Libraries/BLESW_CoreStack_CM3.a(BleStck.o)
                0x0001e6e0                BLESTCK_CreateLinkLayerConnection
 .text.BLESTCK_SetScanResponseData
                0x0001e870       0x4c ./../Libraries/BLEStack/3rd-party/Alpwise/ALPW-BLESDKCM3/BLESW_CoreStack/Libraries/BLESW_CoreStack_CM3.a(BleStck.o)
                0x0001e870                BLESTCK_SetScanResponseData
 .text.BLESTCK_StopAdvertising
                0x0001e8bc       0x40 ./../Libraries/BLEStack/3rd-party/Alpwise/ALPW-BLESDKCM3/BLESW_CoreStack/Libraries/BLESW_CoreStack_CM3.a(BleStck.o)
                0x0001e8bc                BLESTCK_StopAdvertising
 .text.BLESTCK_StartAdvertising
                0x0001e8fc      0x14c ./../Libraries/BLEStack/3rd-party/Alpwise/ALPW-BLESDKCM3/BLESW_CoreStack/Libraries/BLESW_CoreStack_CM3.a(BleStck.o)
                0x0001e8fc                BLESTCK_StartAdvertising
 .text.BLESTCK_SetAdvertisingData
                0x0001ea48       0x4c ./../Libraries/BLEStack/3rd-party/Alpwise/ALPW-BLESDKCM3/BLESW_CoreStack/Libraries/BLESW_CoreStack_CM3.a(BleStck.o)
                0x0001ea48                BLESTCK_SetAdvertisingData
 .text.BleHci_InitComplete
                0x0001ea94       0x1c ./../Libraries/BLEStack/3rd-party/Alpwise/ALPW-BLESDKCM3/BLESW_CoreStack/Libraries/BLESW_CoreStack_CM3.a(BleHci.o)
 .text.HciResetWatchdog
                0x0001eab0       0x20 ./../Libraries/BLEStack/3rd-party/Alpwise/ALPW-BLESDKCM3/BLESW_CoreStack/Libraries/BLESW_CoreStack_CM3.a(BleHci.o)
 .text.BleHci_MemoryInit
                0x0001ead0       0xc0 ./../Libraries/BLEStack/3rd-party/Alpwise/ALPW-BLESDKCM3/BLESW_CoreStack/Libraries/BLESW_CoreStack_CM3.a(BleHci.o)
                0x0001ead0                BleHci_MemoryInit
 .text.BleHci_Init
                0x0001eb90        0x4 ./../Libraries/BLEStack/3rd-party/Alpwise/ALPW-BLESDKCM3/BLESW_CoreStack/Libraries/BLESW_CoreStack_CM3.a(BleHci.o)
                0x0001eb90                BleHci_Init
 .text.BleHci_SendCommand
                0x0001eb94       0x70 ./../Libraries/BLEStack/3rd-party/Alpwise/ALPW-BLESDKCM3/BLESW_CoreStack/Libraries/BLESW_CoreStack_CM3.a(BleHci.o)
                0x0001eb94                BleHci_SendCommand
 .text.BLEHCI_SendRadioCommand
                0x0001ec04       0x14 ./../Libraries/BLEStack/3rd-party/Alpwise/ALPW-BLESDKCM3/BLESW_CoreStack/Libraries/BLESW_CoreStack_CM3.a(BleHci.o)
                0x0001ec04                BLEHCI_SendRadioCommand
 .text.BleHci_SendL2capData
                0x0001ec18       0xbc ./../Libraries/BLEStack/3rd-party/Alpwise/ALPW-BLESDKCM3/BLESW_CoreStack/Libraries/BLESW_CoreStack_CM3.a(BleHci.o)
                0x0001ec18                BleHci_SendL2capData
 .text.bleGap_PostEvent
                0x0001ecd4       0x10 ./../Libraries/BLEStack/3rd-party/Alpwise/ALPW-BLESDKCM3/BLESW_CoreStack/Libraries/BLESW_CoreStack_CM3.a(BleGap.o)
 .text.BleGap_RefreshAdvData
                0x0001ece4      0x260 ./../Libraries/BLEStack/3rd-party/Alpwise/ALPW-BLESDKCM3/BLESW_CoreStack/Libraries/BLESW_CoreStack_CM3.a(BleGap.o)
 .text.BleGap_AttServiceCallback
                0x0001ef44       0x40 ./../Libraries/BLEStack/3rd-party/Alpwise/ALPW-BLESDKCM3/BLESW_CoreStack/Libraries/BLESW_CoreStack_CM3.a(BleGap.o)
 .text.BleGap_ExitLimitedDiscoverableMode
                0x0001ef84       0x30 ./../Libraries/BLEStack/3rd-party/Alpwise/ALPW-BLESDKCM3/BLESW_CoreStack/Libraries/BLESW_CoreStack_CM3.a(BleGap.o)
 .text.BLEGAP_RegisterDevice
                0x0001efb4      0x120 ./../Libraries/BLEStack/3rd-party/Alpwise/ALPW-BLESDKCM3/BLESW_CoreStack/Libraries/BLESW_CoreStack_CM3.a(BleGap.o)
                0x0001efb4                BLEGAP_RegisterDevice
 .text.BLEGAP_GetADDataBlock
                0x0001f0d4       0x36 ./../Libraries/BLEStack/3rd-party/Alpwise/ALPW-BLESDKCM3/BLESW_CoreStack/Libraries/BLESW_CoreStack_CM3.a(BleGap.o)
                0x0001f0d4                BLEGAP_GetADDataBlock
 *fill*         0x0001f10a        0x2 00
 .text.BleGap_stackCallback
                0x0001f10c      0x40c ./../Libraries/BLEStack/3rd-party/Alpwise/ALPW-BLESDKCM3/BLESW_CoreStack/Libraries/BLESW_CoreStack_CM3.a(BleGap.o)
 .text.BLEGAP_ConnectWithIntervalsEx
                0x0001f518       0x68 ./../Libraries/BLEStack/3rd-party/Alpwise/ALPW-BLESDKCM3/BLESW_CoreStack/Libraries/BLESW_CoreStack_CM3.a(BleGap.o)
                0x0001f518                BLEGAP_ConnectWithIntervalsEx
 .text.BleTransport_Reset
                0x0001f580       0x28 ./../Libraries/BLEStack/3rd-party/Alpwise/ALPW-BLESDKCM3/BLESW_CoreStack/Libraries/BLESW_CoreStack_CM3.a(BleTransport.o)
                0x0001f580                BleTransport_Reset
 .text.BleTransport_Init
                0x0001f5a8       0x12 ./../Libraries/BLEStack/3rd-party/Alpwise/ALPW-BLESDKCM3/BLESW_CoreStack/Libraries/BLESW_CoreStack_CM3.a(BleTransport.o)
                0x0001f5a8                BleTransport_Init
 *fill*         0x0001f5ba        0x2 00
 .text.Att_Init
                0x0001f5bc       0x34 ./../Libraries/BLEStack/3rd-party/Alpwise/ALPW-BLESDKCM3/BLESW_CoreStack/Libraries/BLESW_CoreStack_CM3.a(att.o)
                0x0001f5bc                Att_Init
 .text.Att_GetConnectionIndex
                0x0001f5f0       0x40 ./../Libraries/BLEStack/3rd-party/Alpwise/ALPW-BLESDKCM3/BLESW_CoreStack/Libraries/BLESW_CoreStack_CM3.a(att.o)
                0x0001f5f0                Att_GetConnectionIndex
 .text.Att_StackCallback
                0x0001f630       0x68 ./../Libraries/BLEStack/3rd-party/Alpwise/ALPW-BLESDKCM3/BLESW_CoreStack/Libraries/BLESW_CoreStack_CM3.a(att.o)
 .text.Att_CheckResponseMatchesRequest
                0x0001f698       0x16 ./../Libraries/BLEStack/3rd-party/Alpwise/ALPW-BLESDKCM3/BLESW_CoreStack/Libraries/BLESW_CoreStack_CM3.a(att.o)
                0x0001f698                Att_CheckResponseMatchesRequest
 *fill*         0x0001f6ae        0x2 00
 .text.ATT_is128bitsUUIDBtMasked