Archive member included because of file (symbol)

./../Platform/Sensors/debug/libSensors_efm32_debug.a(Accelerometer.o)
                              C:/Users/amaynotech/XDK-Workspace/Example_Ble_Client/debug/objects/Example_Ble_Client.o (Accelerometer_init)
./../Platform/BSP/debug/libBSP_efm32_debug.a(BSP_LED.o)
                              C:/Users/amaynotech/XDK-Workspace/Example_Ble_Client/debug/objects/source/SystemStartup.o (BSP_LED_Connect)
./../Platform/BSP/debug/libBSP_efm32_debug.a(BSP_USB.o)
                              C:/Users/amaynotech/XDK-Workspace/Example_Ble_Client/debug/objects/source/RetargetStdio.o (RETARGET_WriteChar)
./../Platform/BSP/debug/libBSP_efm32_debug.a(BSP_Board.o)
                              C:/Users/amaynotech/XDK-Workspace/Example_Ble_Client/debug/objects/source/SystemStartup.o (BSP_Board_OSTickInitialize)
./../Platform/BSP/debug/libBSP_efm32_debug.a(BSP_DMA.o)
                              ./../Platform/BSP/debug/libBSP_efm32_debug.a(BSP_Board.o) (BSP_DMA_Initialize)
./../Platform/BSP/debug/libBSP_efm32_debug.a(BSP_IrqHandler.o)
                              ./../Platform/BSP/debug/libBSP_efm32_debug.a(BSP_Board.o) (IrqHandler_SysTickDummyHandler)
./../Platform/BSP/debug/libBSP_efm32_debug.a(BSP_ExtensionPort.o)
                              ./../Platform/BSP/debug/libBSP_efm32_debug.a(BSP_IrqHandler.o) (BSP_ExtensionPort_I2cIsr)
./../Platform/BSP/debug/libBSP_efm32_debug.a(BSP_WiFi_cc3100mod.o)
                              ./../Platform/BSP/debug/libBSP_efm32_debug.a(BSP_IrqHandler.o) (WiFi_CC3100MOD_SPIRxISR)
./../Platform/BSP/debug/libBSP_efm32_debug.a(BSP_BT_EM9301.o)
                              ./../Platform/BSP/debug/libBSP_efm32_debug.a(BSP_IrqHandler.o) (BT_EM9301_UART_TxISR)
./../Platform/BSP/debug/libBSP_efm32_debug.a(BSP_SensorNode.o)
                              ./../Platform/BSP/debug/libBSP_efm32_debug.a(BSP_IrqHandler.o) (SensorNode_I2CISR)
./../Platform/BSP/debug/libBSP_efm32_debug.a(BSP_SDCard.o)
                              ./../Platform/BSP/debug/libBSP_efm32_debug.a(BSP_IrqHandler.o) (SDCard_SPIRxISR)
./../Libraries/FreeRTOS/debug/libFreeRTOS_efm32_debug.a(queue.o)
                              C:/Users/amaynotech/XDK-Workspace/Example_Ble_Client/debug/objects/Example_Ble_Client.o (xQueueGenericCreate)
./../Libraries/FreeRTOS/debug/libFreeRTOS_efm32_debug.a(tasks.o)
                              ./../Libraries/FreeRTOS/debug/libFreeRTOS_efm32_debug.a(queue.o) (vTaskSuspendAll)
./../Libraries/FreeRTOS/debug/libFreeRTOS_efm32_debug.a(timers.o)
                              ./../Libraries/FreeRTOS/debug/libFreeRTOS_efm32_debug.a(tasks.o) (xTimerCreateTimerTask)
./../Libraries/FreeRTOS/debug/libFreeRTOS_efm32_debug.a(heap_4.o)
                              ./../Libraries/FreeRTOS/debug/libFreeRTOS_efm32_debug.a(queue.o) (pvPortMalloc)
./../Libraries/FreeRTOS/debug/libFreeRTOS_efm32_debug.a(port.o)
                              ./../Libraries/FreeRTOS/debug/libFreeRTOS_efm32_debug.a(tasks.o) (pxPortInitialiseStack)
./../Libraries/FreeRTOS/debug/libFreeRTOS_efm32_debug.a(list.o)
                              ./../Libraries/FreeRTOS/debug/libFreeRTOS_efm32_debug.a(queue.o) (vListInitialise)
./../Libraries/EMlib/debug/libEMLib_efm32_debug.a(em_adc.o)
                              ./../Platform/BSP/debug/libBSP_efm32_debug.a(BSP_Board.o) (ADC_Init)
./../Libraries/EMlib/debug/libEMLib_efm32_debug.a(em_cmu.o)
                              ./../Platform/BSP/debug/libBSP_efm32_debug.a(BSP_Board.o) (CMU_ClockDivSet)
./../Libraries/EMlib/debug/libEMLib_efm32_debug.a(em_msc.o)
                              ./../Platform/BSP/debug/libBSP_efm32_debug.a(BSP_Board.o) (MSC_Init)
./../Libraries/EMlib/debug/libEMLib_efm32_debug.a(em_dma.o)
                              ./../Platform/BSP/debug/libBSP_efm32_debug.a(BSP_DMA.o) (DMA_Reset)
./../Libraries/EMlib/debug/libEMLib_efm32_debug.a(em_emu.o)
                              ./../Libraries/EMlib/debug/libEMLib_efm32_debug.a(em_cmu.o) (EMU_UpdateOscConfig)
./../Libraries/EMlib/debug/libEMLib_efm32_debug.a(em_gpio.o)
                              ./../Platform/BSP/debug/libBSP_efm32_debug.a(BSP_Board.o) (GPIO_DriveModeSet)
./../Libraries/EMlib/debug/libEMLib_efm32_debug.a(em_int.o)
                              C:/Users/amaynotech/XDK-Workspace/Example_Ble_Client/debug/objects/./../Libraries/EMlib/3rd-party/EMLib/usb/src/em_usbdint.o (INT_LockCnt)
./../Libraries/EMlib/debug/libEMLib_efm32_debug.a(em_i2c.o)
                              ./../Platform/BSP/debug/libBSP_efm32_debug.a(BSP_ExtensionPort.o) (I2C_Enable)
./../Libraries/EMlib/debug/libEMLib_efm32_debug.a(em_usart.o)
                              ./../Platform/BSP/debug/libBSP_efm32_debug.a(BSP_Board.o) (USART_BaudrateSyncSet)
./../Libraries/EMlib/debug/libEMLib_efm32_debug.a(em_system.o)
                              ./../Platform/BSP/debug/libBSP_efm32_debug.a(BSP_Board.o) (SYSTEM_ChipRevisionGet)
./../Libraries/EMlib/debug/libEMLib_efm32_debug.a(em_usbd.o)
[...]
Memory Configuration

Name             Origin             Length             Attributes
FLASH            0x00010000         0x000f0000         xr
RAM              0x20000000         0x00020000         xrw
*default*        0x00000000         0xffffffff

Linker script and memory map

LOAD c:/xdk-workbench/xdk/armgcc/bin/../lib/gcc/arm-none-eabi/4.7.4/armv7-m/crti.o
LOAD c:/xdk-workbench/xdk/armgcc/bin/../lib/gcc/arm-none-eabi/4.7.4/armv7-m/crtbegin.o
LOAD c:/xdk-workbench/xdk/armgcc/bin/../lib/gcc/arm-none-eabi/4.7.4/../../../../arm-none-eabi/lib/armv7-m/crt0.o
LOAD C:/Users/amaynotech/XDK-Workspace/Example_Ble_Client/debug/objects/source/Assert.o
LOAD C:/Users/amaynotech/XDK-Workspace/Example_Ble_Client/debug/objects/source/RetargetStdio.o
LOAD C:/Users/amaynotech/XDK-Workspace/Example_Ble_Client/debug/objects/source/BleDeviceInfoService.o
LOAD C:/Users/amaynotech/XDK-Workspace/Example_Ble_Client/debug/objects/source/cJSON.o
LOAD C:/Users/amaynotech/XDK-Workspace/Example_Ble_Client/debug/objects/source/UsbResetUtility.o
LOAD C:/Users/amaynotech/XDK-Workspace/Example_Ble_Client/debug/objects/source/SensorHandle.o
LOAD C:/Users/amaynotech/XDK-Workspace/Example_Ble_Client/debug/objects/source/SystemStartup.o
LOAD C:/Users/amaynotech/XDK-Workspace/Example_Ble_Client/debug/objects/source/XdkVersion.o
LOAD C:/Users/amaynotech/XDK-Workspace/Example_Ble_Client/debug/objects/legacy/source/ServalPAL_WiFi.o
LOAD C:/Users/amaynotech/XDK-Workspace/Example_Ble_Client/debug/objects/./../Libraries/EMlib/3rd-party/EMLib/usb/src/em_usbdint.o
LOAD C:/Users/amaynotech/XDK-Workspace/Example_Ble_Client/debug/objects/Main.o
LOAD C:/Users/amaynotech/XDK-Workspace/Example_Ble_Client/debug/objects/Example_Ble_Client.o
LOAD C:/Users/amaynotech/XDK-Workspace/Example_Ble_Client/debug/objects/startup_efm32gg.o
START GROUP
LOAD ./../Platform/SensorUtils/debug/libSensorUtils_efm32_debug.a
LOAD ./../Platform/Sensors/debug/libSensors_efm32_debug.a
LOAD ./../Platform/BSP/debug/libBSP_efm32_debug.a
LOAD ./../Libraries/FreeRTOS/debug/libFreeRTOS_efm32_debug.a
LOAD ./../Libraries/EMlib/debug/libEMLib_efm32_debug.a
LOAD ./../Libraries/BSTLib/debug/libBSTLib_efm32_debug.a
LOAD ./../Libraries/WiFi/debug/libWiFi_efm32_debug.a
LOAD ./../Libraries/FATfs/debug/libFATfs_efm32_debug.a
LOAD ./../Platform/Essentials/release/libEssentials_efm32.a
LOAD ./../Platform/Utils/release/libUtils_efm32.a
LOAD ./../Platform/Drivers/release/libDrivers_efm32.a
LOAD ./../Platform/FOTA/release/libFOTA_efm32.a
LOAD ./../Platform/Wlan/release/libWlan_efm32.a
LOAD ./../Platform/BLE/release/libBLE_efm32.a
LOAD ./../Platform/SensorToolbox/release/libSensorToolbox_efm32.a
LOAD ./../Libraries/BLEStack/3rd-party/Alpwise/ALPW-BLESDKCM3/BLESW_AlertNotification/Libraries/BLESW_ANP_Server_CM3.a
LOAD ./../Libraries/BLEStack/3rd-party/Alpwise/ALPW-BLESDKCM3/BLESW_AlertNotification/Libraries/BLESW_ANP_Client_CM3.a
LOAD ./../Libraries/BLEStack/3rd-party/Alpwise/ALPW-BLESDKCM3/BLESW_ALPWDataExchange/Libraries/BLESW_ALPWDEP_Server_CM3.a
LOAD ./../Libraries/BLEStack/3rd-party/Alpwise/ALPW-BLESDKCM3/BLESW_ALPWDataExchange/Libraries/BLESW_ALPWDEP_Client_CM3.a
LOAD ./../Libraries/BLEStack/3rd-party/Alpwise/ALPW-BLESDKCM3/BLESW_AppleNotificationCenter/Libraries/BLESW_ANCP_Consumer_CM3.a
LOAD ./../Libraries/BLEStack/3rd-party/Alpwise/ALPW-BLESDKCM3/BLESW_BloodPressure/Libraries/BLESW_BLP_Sensor_CM3.a
LOAD ./../Libraries/BLEStack/3rd-party/Alpwise/ALPW-BLESDKCM3/BLESW_BloodPressure/Libraries/BLESW_BLP_Collector_CM3.a
LOAD ./../Libraries/BLEStack/3rd-party/Alpwise/ALPW-BLESDKCM3/BLESW_CoreStack/Libraries/BLESW_CPS_CM3.a
LOAD ./../Libraries/BLEStack/3rd-party/Alpwise/ALPW-BLESDKCM3/BLESW_CoreStack/Libraries/BLESW_CoreStack_CM3.a
LOAD ./../Libraries/BLEStack/3rd-party/Alpwise/ALPW-BLESDKCM3/BLESW_CoreStack/Libraries/BLESW_CSCS_CM3.a
LOAD ./../Libraries/BLEStack/3rd-party/Alpwise/ALPW-BLESDKCM3/BLESW_CoreStack/Libraries/BLESW_RTUS_CM3.a
LOAD ./../Libraries/BLEStack/3rd-party/Alpwise/ALPW-BLESDKCM3/BLESW_CoreStack/Libraries/BLESW_HRS_CM3.a
LOAD ./../Libraries/BLEStack/3rd-party/Alpwise/ALPW-BLESDKCM3/BLESW_CoreStack/Libraries/BLESW_CTS_CM3.a
LOAD ./../Libraries/BLEStack/3rd-party/Alpwise/ALPW-BLESDKCM3/BLESW_CoreStack/Libraries/BLESW_CoreStack_Monitor_CM3.a
LOAD ./../Libraries/BLEStack/3rd-party/Alpwise/ALPW-BLESDKCM3/BLESW_CoreStack/Libraries/BLESW_UDS_CM3.a
LOAD ./../Libraries/BLEStack/3rd-party/Alpwise/ALPW-BLESDKCM3/BLESW_CoreStack/Libraries/BLESW_NDCS_CM3.a
LOAD ./../Libraries/BLEStack/3rd-party/Alpwise/ALPW-BLESDKCM3/BLESW_CoreStack/Libraries/BLESW_TPS_CM3.a
LOAD ./../Libraries/BLEStack/3rd-party/Alpwise/ALPW-BLESDKCM3/BLESW_CoreStack/Libraries/BLESW_BLS_CM3.a
LOAD ./../Libraries/BLEStack/3rd-party/Alpwise/ALPW-BLESDKCM3/BLESW_CoreStack/Libraries/BLESW_LNS_CM3.a
LOAD ./../Libraries/BLEStack/3rd-party/Alpwise/ALPW-BLESDKCM3/BLESW_CoreStack/Libraries/BLESW_LLS_CM3.a
LOAD ./../Libraries/BLEStack/3rd-party/Alpwise/ALPW-BLESDKCM3/BLESW_CoreStack/Libraries/BLESW_WSS_CM3.a
LOAD ./../Libraries/BLEStack/3rd-party/Alpwise/ALPW-BLESDKCM3/BLESW_CoreStack/Libraries/BLESW_RSCS_CM3.a
LOAD ./../Libraries/BLEStack/3rd-party/Alpwise/ALPW-BLESDKCM3/BLESW_CoreStack/Libraries/BLESW_BAS_CM3.a
LOAD ./../Libraries/BLEStack/3rd-party/Alpwise/ALPW-BLESDKCM3/BLESW_CoreStack/Libraries/BLESW_IAS_CM3.a
LOAD ./../Libraries/BLEStack/3rd-party/Alpwise/ALPW-BLESDKCM3/BLESW_CoreStack/Libraries/BLESW_PASS_CM3.a
LOAD ./../Libraries/BLEStack/3rd-party/Alpwise/ALPW-BLESDKCM3/BLESW_CoreStack/Libraries/BLESW_HTS_CM3.a
LOAD ./../Libraries/BLEStack/3rd-party/Alpwise/ALPW-BLESDKCM3/BLESW_CoreStack/Libraries/BLESW_ALPWDES_CM3.a
LOAD ./../Libraries/BLEStack/3rd-party/Alpwise/ALPW-BLESDKCM3/BLESW_CoreStack/Libraries/BLESW_BCS_CM3.a
LOAD ./../Libraries/BLEStack/3rd-party/Alpwise/ALPW-BLESDKCM3/BLESW_CoreStack/Libraries/BLESW_ANS_CM3.a
LOAD ./../Libraries/BLEStack/3rd-party/Alpwise/ALPW-BLESDKCM3/BLESW_CoreStack/Libraries/BLESW_HIDS_CM3.a
LOAD ./../Libraries/BLEStack/3rd-party/Alpwise/ALPW-BLESDKCM3/BLESW_CoreStack/Libraries/BLESW_GLS_CM3.a
LOAD ./../Libraries/BLEStack/3rd-party/Alpwise/ALPW-BLESDKCM3/BLESW_CoreStack/Libraries/BLESW_NWAS_CM3.a
LOAD ./../Libraries/BLEStack/3rd-party/Alpwise/ALPW-BLESDKCM3/BLESW_CoreStack/Libraries/BLESW_DIS_CM3.a
LOAD ./../Libraries/BLEStack/3rd-party/Alpwise/ALPW-BLESDKCM3/BLESW_CyclingPower/Libraries/BLESW_CPP_Sensor_CM3.a
LOAD ./../Libraries/BLEStack/3rd-party/Alpwise/ALPW-BLESDKCM3/BLESW_CyclingPower/Libraries/BLESW_CPP_Collector_CM3.a
LOAD ./../Libraries/BLEStack/3rd-party/Alpwise/ALPW-BLESDKCM3/BLESW_CyclingSpeedAndCadence/Libraries/BLESW_CSCP_Sensor_CM3.a
LOAD ./../Libraries/BLEStack/3rd-party/Alpwise/ALPW-BLESDKCM3/BLESW_CyclingSpeedAndCadence/Libraries/BLESW_CSCP_Collector_CM3.a
LOAD ./../Libraries/BLEStack/3rd-party/Alpwise/ALPW-BLESDKCM3/BLESW_FindMe/Libraries/BLESW_FMP_Target_CM3.a
LOAD ./../Libraries/BLEStack/3rd-party/Alpwise/ALPW-BLESDKCM3/BLESW_FindMe/Libraries/BLESW_FMP_Locator_CM3.a
LOAD ./../Libraries/BLEStack/3rd-party/Alpwise/ALPW-BLESDKCM3/BLESW_Glucose/Libraries/BLESW_GLP_Sensor_CM3.a
LOAD ./../Libraries/BLEStack/3rd-party/Alpwise/ALPW-BLESDKCM3/BLESW_Glucose/Libraries/BLESW_GLP_Collector_CM3.a
LOAD ./../Libraries/BLEStack/3rd-party/Alpwise/ALPW-BLESDKCM3/BLESW_HealthThermometer/Libraries/BLESW_HTP_Thermometer_CM3.a
LOAD ./../Libraries/BLEStack/3rd-party/Alpwise/ALPW-BLESDKCM3/BLESW_HealthThermometer/Libraries/BLESW_HTP_Collector_CM3.a
LOAD ./../Libraries/BLEStack/3rd-party/Alpwise/ALPW-BLESDKCM3/BLESW_HeartRate/Libraries/BLESW_HRP_Sensor_CM3.a
LOAD ./../Libraries/BLEStack/3rd-party/Alpwise/ALPW-BLESDKCM3/BLESW_HeartRate/Libraries/BLESW_HRP_Collector_CM3.a
LOAD ./../Libraries/BLEStack/3rd-party/Alpwise/ALPW-BLESDKCM3/BLESW_HumanInterfaceDevice/Libraries/BLESW_HID_Device_CM3.a
LOAD ./../Libraries/BLEStack/3rd-party/Alpwise/ALPW-BLESDKCM3/BLESW_HumanInterfaceDevice/Libraries/BLESW_HID_Host_CM3.a
LOAD ./../Libraries/BLEStack/3rd-party/Alpwise/ALPW-BLESDKCM3/BLESW_iBeacon/Libraries/BLESW_IBN_Reporter_CM3.a
LOAD ./../Libraries/BLEStack/3rd-party/Alpwise/ALPW-BLESDKCM3/BLESW_LocationAndNavigation/Libraries/BLESW_LNP_Sensor_CM3.a
LOAD ./../Libraries/BLEStack/3rd-party/Alpwise/ALPW-BLESDKCM3/BLESW_LocationAndNavigation/Libraries/BLESW_LNP_Collector_CM3.a
LOAD ./../Libraries/BLEStack/3rd-party/Alpwise/ALPW-BLESDKCM3/BLESW_NetworkAvailability/Libraries/BLESW_NWAP_Monitor_CM3.a
LOAD ./../Libraries/BLEStack/3rd-party/Alpwise/ALPW-BLESDKCM3/BLESW_NetworkAvailability/Libraries/BLESW_NWAP_Reporter_CM3.a
LOAD ./../Libraries/BLEStack/3rd-party/Alpwise/ALPW-BLESDKCM3/BLESW_PhoneAlertStatus/Libraries/BLESW_PASP_Client_CM3.a
LOAD ./../Libraries/BLEStack/3rd-party/Alpwise/ALPW-BLESDKCM3/BLESW_PhoneAlertStatus/Libraries/BLESW_PASP_Server_CM3.a
LOAD ./../Libraries/BLEStack/3rd-party/Alpwise/ALPW-BLESDKCM3/BLESW_Proximity/Libraries/BLESW_PXP_Reporter_CM3.a
LOAD ./../Libraries/BLEStack/3rd-party/Alpwise/ALPW-BLESDKCM3/BLESW_Proximity/Libraries/BLESW_PXP_Monitor_CM3.a
LOAD ./../Libraries/BLEStack/3rd-party/Alpwise/ALPW-BLESDKCM3/BLESW_RunningSpeedAndCadence/Libraries/BLESW_RSCP_Sensor_CM3.a
LOAD ./../Libraries/BLEStack/3rd-party/Alpwise/ALPW-BLESDKCM3/BLESW_RunningSpeedAndCadence/Libraries/BLESW_RSCP_Collector_CM3.a
LOAD ./../Libraries/BLEStack/3rd-party/Alpwise/ALPW-BLESDKCM3/BLESW_Time/Libraries/BLESW_TIP_Server_CM3.a
LOAD ./../Libraries/BLEStack/3rd-party/Alpwise/ALPW-BLESDKCM3/BLESW_Time/Libraries/BLESW_TIP_Client_CM3.a
LOAD ./../Libraries/EMlib/3rd-party/EMLib/CMSIS/Lib/GCC/libarm_cortexM3l_math.a
LOAD ./../Libraries/BSX/BSX4/Source/algo/algo_bsx/Lib/libalgobsxm3/libalgobsx.a
LOAD ./../Platform/LoRaDrivers/release/libLoRaDrivers_efm32.a
LOAD ./../Platform/ServalPAL/release/libServalPal_efm32.a
LOAD ./../Libraries/Escrypt_CycurTLS/release/libEscrypt_CycurTLS_efm32.a
END GROUP
START GROUP
LOAD c:/xdk-workbench/xdk/armgcc/bin/../lib/gcc/arm-none-eabi/4.7.4/armv7-m\libgcc.a
LOAD c:/xdk-workbench/xdk/armgcc/bin/../lib/gcc/arm-none-eabi/4.7.4/../../../../arm-none-eabi/lib/armv7-m\libc.a
LOAD c:/xdk-workbench/xdk/armgcc/bin/../lib/gcc/arm-none-eabi/4.7.4/../../../../arm-none-eabi/lib/armv7-m\libm.a
END GROUP
START GROUP
LOAD c:/xdk-workbench/xdk/armgcc/bin/../lib/gcc/arm-none-eabi/4.7.4/armv7-m\libgcc.a
LOAD c:/xdk-workbench/xdk/armgcc/bin/../lib/gcc/arm-none-eabi/4.7.4/../../../../arm-none-eabi/lib/armv7-m\libc.a
END GROUP
LOAD c:/xdk-workbench/xdk/armgcc/bin/../lib/gcc/arm-none-eabi/4.7.4/armv7-m/crtend.o
LOAD c:/xdk-workbench/xdk/armgcc/bin/../lib/gcc/arm-none-eabi/4.7.4/armv7-m/crtn.o

.text           0x00010000    0x24aac
 *(.isr_vector)
 .isr_vector    0x00010000      0x100 C:/Users/amaynotech/XDK-Workspace/Example_Ble_Client/debug/objects/startup_efm32gg.o
                0x00010000                __isr_vector
 *(.text*)
 .text          0x00010100       0x54 c:/xdk-workbench/xdk/armgcc/bin/../lib/gcc/arm-none-eabi/4.7.4/armv7-m/crtbegin.o
 .text          0x00010154       0x70 c:/xdk-workbench/xdk/armgcc/bin/../lib/gcc/arm-none-eabi/4.7.4/../../../../arm-none-eabi/lib/armv7-m/crt0.o
                0x00010154                _start
                0x00010154                start
                0x00010154                _mainCRTStartup
 .text.Assert_Initialize
                0x000101c4       0x40 C:/Users/amaynotech/XDK-Workspace/Example_Ble_Client/debug/objects/source/Assert.o
                0x000101c4                Assert_Initialize
 .text.Assert_Dynamic
                0x00010204       0x2c C:/Users/amaynotech/XDK-Workspace/Example_Ble_Client/debug/objects/source/Assert.o
                0x00010204                Assert_Dynamic
 .text._close   0x00010230       0x18 C:/Users/amaynotech/XDK-Workspace/Example_Ble_Client/debug/objects/source/RetargetStdio.o
                0x00010230                _close
 .text._exit    0x00010248        0xc C:/Users/amaynotech/XDK-Workspace/Example_Ble_Client/debug/objects/source/RetargetStdio.o
                0x00010248                _exit
 .text._fstat   0x00010254       0x24 C:/Users/amaynotech/XDK-Workspace/Example_Ble_Client/debug/objects/source/RetargetStdio.o
                0x00010254                _fstat
 .text._isatty  0x00010278       0x18 C:/Users/amaynotech/XDK-Workspace/Example_Ble_Client/debug/objects/source/RetargetStdio.o
                0x00010278                _isatty
 .text._lseek   0x00010290       0x1c C:/Users/amaynotech/XDK-Workspace/Example_Ble_Client/debug/objects/source/RetargetStdio.o
                0x00010290                _lseek
 .text._read    0x000102ac       0x70 C:/Users/amaynotech/XDK-Workspace/Example_Ble_Client/debug/objects/source/RetargetStdio.o
                0x000102ac                _read
 .text._sbrk    0x0001031c       0xa0 C:/Users/amaynotech/XDK-Workspace/Example_Ble_Client/debug/objects/source/RetargetStdio.o
                0x0001031c                _sbrk
 .text._write   0x000103bc       0x20 C:/Users/amaynotech/XDK-Workspace/Example_Ble_Client/debug/objects/source/RetargetStdio.o
                0x000103bc                _write
 .text.NVIC_SystemReset
                0x000103dc       0x30 C:/Users/amaynotech/XDK-Workspace/Example_Ble_Client/debug/objects/source/UsbResetUtility.o
 .text.UsbResetUtility_SystemReset
                0x0001040c       0x10 C:/Users/amaynotech/XDK-Workspace/Example_Ble_Client/debug/objects/source/UsbResetUtility.o
 .text.UsbResetUtility_InteruptHandling
                0x0001041c       0x54 C:/Users/amaynotech/XDK-Workspace/Example_Ble_Client/debug/objects/source/UsbResetUtility.o
 .text.UsbResetUtility_Init
                0x00010470       0x40 C:/Users/amaynotech/XDK-Workspace/Example_Ble_Client/debug/objects/source/UsbResetUtility.o
                0x00010470                UsbResetUtility_Init
 .text.UsbResetUtility_UsbISRCallback
                0x000104b0      0x138 C:/Users/amaynotech/XDK-Workspace/Example_Ble_Client/debug/objects/source/UsbResetUtility.o
                0x000104b0                UsbResetUtility_UsbISRCallback
 .text.Retcode_GetPackage
                0x000105e8       0x1c C:/Users/amaynotech/XDK-Workspace/Example_Ble_Client/debug/objects/source/SystemStartup.o
 .text.Retcode_GetModuleId
                0x00010604       0x1c C:/Users/amaynotech/XDK-Workspace/Example_Ble_Client/debug/objects/source/SystemStartup.o
 .text.Retcode_GetSeverity
                0x00010620       0x24 C:/Users/amaynotech/XDK-Workspace/Example_Ble_Client/debug/objects/source/SystemStartup.o
 .text.Retcode_GetCode
                0x00010644       0x20 C:/Users/amaynotech/XDK-Workspace/Example_Ble_Client/debug/objects/source/SystemStartup.o
 .text.bleGetMacAddress
                0x00010664       0xec C:/Users/amaynotech/XDK-Workspace/Example_Ble_Client/debug/objects/source/SystemStartup.o
 .text.SysTickPreCallback
                0x00010750       0x14 C:/Users/amaynotech/XDK-Workspace/Example_Ble_Client/debug/objects/source/SystemStartup.o
 .text.DefaultErrorHandlingFunc
                0x00010764       0xf4 C:/Users/amaynotech/XDK-Workspace/Example_Ble_Client/debug/objects/source/SystemStartup.o
                0x00010764                DefaultErrorHandlingFunc
 .text.assertIndicationMapping
                0x00010858       0x44 C:/Users/amaynotech/XDK-Workspace/Example_Ble_Client/debug/objects/source/SystemStartup.o
                0x00010858                assertIndicationMapping
 .text.systemStartup
                0x0001089c      0x154 C:/Users/amaynotech/XDK-Workspace/Example_Ble_Client/debug/objects/source/SystemStartup.o
                0x0001089c                systemStartup
 .text.vApplicationStackOverflowHook
                0x000109f0       0x5c C:/Users/amaynotech/XDK-Workspace/Example_Ble_Client/debug/objects/source/SystemStartup.o
                0x000109f0                vApplicationStackOverflowHook
 .text.vApplicationMallocFailedHook
                0x00010a4c       0x14 C:/Users/amaynotech/XDK-Workspace/Example_Ble_Client/debug/objects/source/SystemStartup.o
                0x00010a4c                vApplicationMallocFailedHook
 .text.INT_Disable
                0x00010a60       0x40 C:/Users/amaynotech/XDK-Workspace/Example_Ble_Client/debug/objects/./../Libraries/EMlib/3rd-party/EMLib/usb/src/em_usbdint.o
 .text.INT_Enable
                0x00010aa0       0x54 C:/Users/amaynotech/XDK-Workspace/Example_Ble_Client/debug/objects/./../Libraries/EMlib/3rd-party/EMLib/usb/src/em_usbdint.o
 .text.USBHAL_FlushTxFifo
                0x00010af4       0x4c C:/Users/amaynotech/XDK-Workspace/Example_Ble_Client/debug/objects/./../Libraries/EMlib/3rd-party/EMLib/usb/src/em_usbdint.o
 .text.USBHAL_GetCoreInts
                0x00010b40       0x40 C:/Users/amaynotech/XDK-Workspace/Example_Ble_Client/debug/objects/./../Libraries/EMlib/3rd-party/EMLib/usb/src/em_usbdint.o
 .text.USBDHAL_EnableInts
                0x00010b80       0x70 C:/Users/amaynotech/XDK-Workspace/Example_Ble_Client/debug/objects/./../Libraries/EMlib/3rd-party/EMLib/usb/src/em_usbdint.o
 .text.USBDHAL_Ep0Activate
                0x00010bf0       0x70 C:/Users/amaynotech/XDK-Workspace/Example_Ble_Client/debug/objects/./../Libraries/EMlib/3rd-party/EMLib/usb/src/em_usbdint.o
 .text.USBDHAL_GetAllInEpInts
                0x00010c60       0x48 C:/Users/amaynotech/XDK-Workspace/Example_Ble_Client/debug/objects/./../Libraries/EMlib/3rd-party/EMLib/usb/src/em_usbdint.o
 .text.USBDHAL_GetAllOutEpInts
                0x00010ca8       0x44 C:/Users/amaynotech/XDK-Workspace/Example_Ble_Client/debug/objects/./../Libraries/EMlib/3rd-party/EMLib/usb/src/em_usbdint.o
 .text.USBDHAL_GetInEpInts
                0x00010cec       0x44 C:/Users/amaynotech/XDK-Workspace/Example_Ble_Client/debug/objects/./../Libraries/EMlib/3rd-party/EMLib/usb/src/em_usbdint.o
 .text.USBDHAL_GetOutEpInts
                0x00010d30       0x44 C:/Users/amaynotech/XDK-Workspace/Example_Ble_Client/debug/objects/./../Libraries/EMlib/3rd-party/EMLib/usb/src/em_usbdint.o
 .text.USBDHAL_StartEp0Setup
                0x00010d74       0x88 C:/Users/amaynotech/XDK-Workspace/Example_Ble_Client/debug/objects/./../Libraries/EMlib/3rd-party/EMLib/usb/src/em_usbdint.o
 .text.USBD_GetEpFromAddr
                0x00010dfc       0xa0 C:/Users/amaynotech/XDK-Workspace/Example_Ble_Client/debug/objects/./../Libraries/EMlib/3rd-party/EMLib/usb/src/em_usbdint.o
 .text.USB_IRQHandler
                0x00010e9c      0x16c C:/Users/amaynotech/XDK-Workspace/Example_Ble_Client/debug/objects/./../Libraries/EMlib/3rd-party/EMLib/usb/src/em_usbdint.o
                0x00010e9c                USB_IRQHandler
 .text.Handle_USB_GINTSTS_ENUMDONE
                0x00011008       0x3c C:/Users/amaynotech/XDK-Workspace/Example_Ble_Client/debug/objects/./../Libraries/EMlib/3rd-party/EMLib/usb/src/em_usbdint.o
 .text.Handle_USB_GINTSTS_IEPINT
                0x00011044      0x118 C:/Users/amaynotech/XDK-Workspace/Example_Ble_Client/debug/objects/./../Libraries/EMlib/3rd-party/EMLib/usb/src/em_usbdint.o
 .text.Handle_USB_GINTSTS_OEPINT
                0x0001115c      0x230 C:/Users/amaynotech/XDK-Workspace/Example_Ble_Client/debug/objects/./../Libraries/EMlib/3rd-party/EMLib/usb/src/em_usbdint.o
 .text.Handle_USB_GINTSTS_RESETDET
                0x0001138c       0x40 C:/Users/amaynotech/XDK-Workspace/Example_Ble_Client/debug/objects/./../Libraries/EMlib/3rd-party/EMLib/usb/src/em_usbdint.o
 .text.Handle_USB_GINTSTS_SOF
                0x000113cc       0x64 C:/Users/amaynotech/XDK-Workspace/Example_Ble_Client/debug/objects/./../Libraries/EMlib/3rd-party/EMLib/usb/src/em_usbdint.o
 .text.Handle_USB_GINTSTS_USBRST
                0x00011430      0x150 C:/Users/amaynotech/XDK-Workspace/Example_Ble_Client/debug/objects/./../Libraries/EMlib/3rd-party/EMLib/usb/src/em_usbdint.o
 .text.Handle_USB_GINTSTS_USBSUSP
                0x00011580       0x68 C:/Users/amaynotech/XDK-Workspace/Example_Ble_Client/debug/objects/./../Libraries/EMlib/3rd-party/EMLib/usb/src/em_usbdint.o
 .text.Handle_USB_GINTSTS_WKUPINT
                0x000115e8       0x30 C:/Users/amaynotech/XDK-Workspace/Example_Ble_Client/debug/objects/./../Libraries/EMlib/3rd-party/EMLib/usb/src/em_usbdint.o
 .text.main     0x00011618       0xb4 C:/Users/amaynotech/XDK-Workspace/Example_Ble_Client/debug/objects/Main.o
                0x00011618                main
 .text.BleAccelDataSentCallback
                0x000116cc       0x54 C:/Users/amaynotech/XDK-Workspace/Example_Ble_Client/debug/objects/Example_Ble_Client.o
 .text.BleStartEndMsgSend
                0x00011720       0x8c C:/Users/amaynotech/XDK-Workspace/Example_Ble_Client/debug/objects/Example_Ble_Client.o
 .text.BleDataReceivedCallBack
                0x000117ac      0x1ac C:/Users/amaynotech/XDK-Workspace/Example_Ble_Client/debug/objects/Example_Ble_Client.o
 .text.BiDirectionalServiceRegistryCallback
                0x00011958       0x3c C:/Users/amaynotech/XDK-Workspace/Example_Ble_Client/debug/objects/Example_Ble_Client.o
 .text.BleEventCallBack
                0x00011994      0x110 C:/Users/amaynotech/XDK-Workspace/Example_Ble_Client/debug/objects/Example_Ble_Client.o
 .text.BleAccelDataTransmit
                0x00011aa4       0x20 C:/Users/amaynotech/XDK-Workspace/Example_Ble_Client/debug/objects/Example_Ble_Client.o
 .text.EnqueueAccelDatatoBLE
                0x00011ac4       0x44 C:/Users/amaynotech/XDK-Workspace/Example_Ble_Client/debug/objects/Example_Ble_Client.o
 .text.CORESTACK_BleCallback
                0x00011b08       0x50 C:/Users/amaynotech/XDK-Workspace/Example_Ble_Client/debug/objects/Example_Ble_Client.o
                0x00011b08                CORESTACK_BleCallback
 .text.BleGap_CallBack
                0x00011b58       0x80 C:/Users/amaynotech/XDK-Workspace/Example_Ble_Client/debug/objects/Example_Ble_Client.o
                0x00011b58                BleGap_CallBack
 .text.BleAlpwDataExchangeClient_CallBack
                0x00011bd8       0x30 C:/Users/amaynotech/XDK-Workspace/Example_Ble_Client/debug/objects/Example_Ble_Client.o
                0x00011bd8                BleAlpwDataExchangeClient_CallBack
 .text.init     0x00011c08      0x3fc C:/Users/amaynotech/XDK-Workspace/Example_Ble_Client/debug/objects/Example_Ble_Client.o
                0x00011c08                init
 .text.appInitSystem
                0x00012004       0x80 C:/Users/amaynotech/XDK-Workspace/Example_Ble_Client/debug/objects/Example_Ble_Client.o
                0x00012004                appInitSystem
 .text          0x00012084       0x98 C:/Users/amaynotech/XDK-Workspace/Example_Ble_Client/debug/objects/startup_efm32gg.o
                0x00012084                Reset_Handler
                0x000120b8                Default_Handler
                0x000120ba                NMI_Handler
                0x000120bc                HardFault_Handler
                0x000120be                MemManage_Handler
                0x000120c0                BusFault_Handler
                0x000120c2                UsageFault_Handler
                0x000120c6                DebugMon_Handler
                0x000120d0                TIMER0_IRQHandler
                0x000120d6                ACMP0_IRQHandler
                0x000120da                ADC0_IRQHandler
                0x000120dc                DAC0_IRQHandler
                0x000120e4                TIMER1_IRQHandler
                0x000120e6                TIMER2_IRQHandler
                0x000120e8                TIMER3_IRQHandler
                0x000120ee                LESENSE_IRQHandler
                0x000120fc                LEUART0_IRQHandler
                0x000120fe                LEUART1_IRQHandler
                0x00012100                LETIMER0_IRQHandler
                0x00012102                PCNT0_IRQHandler
                0x00012104                PCNT1_IRQHandler
                0x00012106                PCNT2_IRQHandler
                0x0001210a                BURTC_IRQHandler
                0x0001210c                CMU_IRQHandler
                0x0001210e                VCMP_IRQHandler
                0x00012110                LCD_IRQHandler
                0x00012112                MSC_IRQHandler
                0x00012114                AES_IRQHandler
                0x00012116                EBI_IRQHandler
                0x00012118                EMU_IRQHandler
 .text.Retcode_GetPackage
                0x0001211c       0x1c ./../Platform/Sensors/debug/libSensors_efm32_debug.a(Accelerometer.o)
 .text.Retcode_GetCode
                0x00012138       0x20 ./../Platform/Sensors/debug/libSensors_efm32_debug.a(Accelerometer.o)
 .text.bmaIsrCallback
                0x00012158       0xe0 ./../Platform/Sensors/debug/libSensors_efm32_debug.a(Accelerometer.o)
 .text.Accelerometer_init
                0x00012238      0x10c ./../Platform/Sensors/debug/libSensors_efm32_debug.a(Accelerometer.o)
                0x00012238                Accelerometer_init
 .text.GPIO_PinOutClear
                0x00012344       0x4c ./../Platform/BSP/debug/libBSP_efm32_debug.a(BSP_LED.o)
 .text.GPIO_PinOutSet
                0x00012390       0x4c ./../Platform/BSP/debug/libBSP_efm32_debug.a(BSP_LED.o)
 .text.GPIO_PinOutToggle
                0x000123dc       0x4c ./../Platform/BSP/debug/libBSP_efm32_debug.a(BSP_LED.o)
 .text.BSP_LED_Connect
                0x00012428       0x48 ./../Platform/BSP/debug/libBSP_efm32_debug.a(BSP_LED.o)
                0x00012428                BSP_LED_Connect
 .text.BSP_LED_EnableAll
                0x00012470       0x3c ./../Platform/BSP/debug/libBSP_efm32_debug.a(BSP_LED.o)
                0x00012470                BSP_LED_EnableAll
 .text.BSP_LED_Switch
                0x000124ac      0x15c ./../Platform/BSP/debug/libBSP_efm32_debug.a(BSP_LED.o)
                0x000124ac                BSP_LED_Switch
 .text.BSP_LED_SwitchAll
                0x00012608       0xd0 ./../Platform/BSP/debug/libBSP_efm32_debug.a(BSP_LED.o)
                0x00012608                BSP_LED_SwitchAll
 .text.USB_setSerialNumber
                0x000126d8       0x7c ./../Platform/BSP/debug/libBSP_efm32_debug.a(BSP_USB.o)
 .text.USB_dataReceivedCallback
                0x00012754       0x98 ./../Platform/BSP/debug/libBSP_efm32_debug.a(BSP_USB.o)
 .text.USB_dataTransferred
                0x000127ec       0x4c ./../Platform/BSP/debug/libBSP_efm32_debug.a(BSP_USB.o)
 .text.USB_stateChange
                0x00012838       0x58 ./../Platform/BSP/debug/libBSP_efm32_debug.a(BSP_USB.o)
                0x00012838                USB_stateChange
 .text.USB_setupCommand
                0x00012890      0x108 ./../Platform/BSP/debug/libBSP_efm32_debug.a(BSP_USB.o)
                0x00012890                USB_setupCommand
 .text.USB_init
                0x00012998       0xd0 ./../Platform/BSP/debug/libBSP_efm32_debug.a(BSP_USB.o)
                0x00012998                USB_init
 .text.USB_receiveByte
                0x00012a68       0xa0 ./../Platform/BSP/debug/libBSP_efm32_debug.a(BSP_USB.o)
                0x00012a68                USB_receiveByte
 .text.RETARGET_WriteChar
                0x00012b08       0x2c ./../Platform/BSP/debug/libBSP_efm32_debug.a(BSP_USB.o)
                0x00012b08                RETARGET_WriteChar
 .text.USB_transmitData
                0x00012b34       0xc4 ./../Platform/BSP/debug/libBSP_efm32_debug.a(BSP_USB.o)
                0x00012b34                USB_transmitData
 .text.RETARGET_ReadChar
                0x00012bf8       0x24 ./../Platform/BSP/debug/libBSP_efm32_debug.a(BSP_USB.o)
                0x00012bf8                RETARGET_ReadChar
 .text.USB_callBackMapping
                0x00012c1c       0x38 ./../Platform/BSP/debug/libBSP_efm32_debug.a(BSP_USB.o)
                0x00012c1c                USB_callBackMapping
 .text.NVIC_SetPriorityGrouping
                0x00012c54       0x50 ./../Platform/BSP/debug/libBSP_efm32_debug.a(BSP_Board.o)
 .text.NVIC_EnableIRQ
                0x00012ca4       0x38 ./../Platform/BSP/debug/libBSP_efm32_debug.a(BSP_Board.o)
 .text.NVIC_DisableIRQ
                0x00012cdc       0x3c ./../Platform/BSP/debug/libBSP_efm32_debug.a(BSP_Board.o)
 .text.NVIC_ClearPendingIRQ
                0x00012d18       0x3c ./../Platform/BSP/debug/libBSP_efm32_debug.a(BSP_Board.o)
 .text.NVIC_SetPriority
                0x00012d54       0x5c ./../Platform/BSP/debug/libBSP_efm32_debug.a(BSP_Board.o)
 .text.SysTick_Config
                0x00012db0       0x64 ./../Platform/BSP/debug/libBSP_efm32_debug.a(BSP_Board.o)
 .text.CHIP_Init
                0x00012e14       0x50 ./../Platform/BSP/debug/libBSP_efm32_debug.a(BSP_Board.o)
 .text.GPIO_PinOutClear
                0x00012e64       0x4c ./../Platform/BSP/debug/libBSP_efm32_debug.a(BSP_Board.o)
 .text.INT_Disable
                0x00012eb0       0x40 ./../Platform/BSP/debug/libBSP_efm32_debug.a(BSP_Board.o)
 .text.INT_Enable
                0x00012ef0       0x54 ./../Platform/BSP/debug/libBSP_efm32_debug.a(BSP_Board.o)
 .text.BSP_Board_OSTickInitialize
                0x00012f44       0x2c ./../Platform/BSP/debug/libBSP_efm32_debug.a(BSP_Board.o)
                0x00012f44                BSP_Board_OSTickInitialize
 .text.BSP_Board_Initialize
                0x00012f70      0x150 ./../Platform/BSP/debug/libBSP_efm32_debug.a(BSP_Board.o)
                0x00012f70                BSP_Board_Initialize
 .text.BSP_Board_Delay
                0x000130c0       0x30 ./../Platform/BSP/debug/libBSP_efm32_debug.a(BSP_Board.o)
                0x000130c0                BSP_Board_Delay
 .text.BSP_Board_SetOStoBSPDelayFunc
                0x000130f0       0x20 ./../Platform/BSP/debug/libBSP_efm32_debug.a(BSP_Board.o)
                0x000130f0                BSP_Board_SetOStoBSPDelayFunc
 .text.Board_GPIOInterruptInit
                0x00013110       0x30 ./../Platform/BSP/debug/libBSP_efm32_debug.a(BSP_Board.o)
                0x00013110                Board_GPIOInterruptInit
 .text.Board_GPIOInterruptGetCallback
                0x00013140       0x24 ./../Platform/BSP/debug/libBSP_efm32_debug.a(BSP_Board.o)
                0x00013140                Board_GPIOInterruptGetCallback
 .text.Board_GPIOInterruptRegisterCallback
                0x00013164       0x38 ./../Platform/BSP/debug/libBSP_efm32_debug.a(BSP_Board.o)
                0x00013164                Board_GPIOInterruptRegisterCallback
 .text.Board_GPIOInterruptDispatch
                0x0001319c       0x64 ./../Platform/BSP/debug/libBSP_efm32_debug.a(BSP_Board.o)
                0x0001319c                Board_GPIOInterruptDispatch
 .text.Board_UART0_UART_Init
                0x00013200       0xcc ./../Platform/BSP/debug/libBSP_efm32_debug.a(BSP_Board.o)
                0x00013200                Board_UART0_UART_Init
 .text.Board_UART1_UART_Init
                0x000132cc       0xcc ./../Platform/BSP/debug/libBSP_efm32_debug.a(BSP_Board.o)
                0x000132cc                Board_UART1_UART_Init
 .text.Board_USART0_SPI_Init
                0x00013398       0xa8 ./../Platform/BSP/debug/libBSP_efm32_debug.a(BSP_Board.o)
                0x00013398                Board_USART0_SPI_Init
 .text.Board_USART1_SPI_Init
                0x00013440       0x8c ./../Platform/BSP/debug/libBSP_efm32_debug.a(BSP_Board.o)
                0x00013440                Board_USART1_SPI_Init
 .text.Board_GPIO_Init
                0x000134cc       0x6c ./../Platform/BSP/debug/libBSP_efm32_debug.a(BSP_Board.o)
                0x000134cc                Board_GPIO_Init
 .text.Board_WakeupPowerSupply2V5
                0x00013538       0x50 ./../Platform/BSP/debug/libBSP_efm32_debug.a(BSP_Board.o)
                0x00013538                Board_WakeupPowerSupply2V5
 .text.PowerSupply2V5UpdateRegister
                0x00013588      0x268 ./../Platform/BSP/debug/libBSP_efm32_debug.a(BSP_Board.o)
                0x00013588                PowerSupply2V5UpdateRegister
 .text.Board_ADC_Init
                0x000137f0       0x78 ./../Platform/BSP/debug/libBSP_efm32_debug.a(BSP_Board.o)
                0x000137f0                Board_ADC_Init
 .text.Board_I2C0_Init
                0x00013868       0x54 ./../Platform/BSP/debug/libBSP_efm32_debug.a(BSP_Board.o)
                0x00013868                Board_I2C0_Init
 .text.Board_I2C1_Init
                0x000138bc       0x54 ./../Platform/BSP/debug/libBSP_efm32_debug.a(BSP_Board.o)
                0x000138bc                Board_I2C1_Init
 .text.Board_USB_Init
                0x00013910       0x70 ./../Platform/BSP/debug/libBSP_efm32_debug.a(BSP_Board.o)
                0x00013910                Board_USB_Init
 .text.Board_IncTick
                0x00013980       0x24 ./../Platform/BSP/debug/libBSP_efm32_debug.a(BSP_Board.o)
                0x00013980                Board_IncTick
 .text.Board_GetTick
                0x000139a4       0x18 ./../Platform/BSP/debug/libBSP_efm32_debug.a(BSP_Board.o)
                0x000139a4                Board_GetTick
 .text.Board_Delay
                0x000139bc       0x30 ./../Platform/BSP/debug/libBSP_efm32_debug.a(BSP_Board.o)
                0x000139bc                Board_Delay
 .text.Board_RTC_Init
                0x000139ec       0xa0 ./../Platform/BSP/debug/libBSP_efm32_debug.a(BSP_Board.o)
                0x000139ec                Board_RTC_Init
 .text.Board_BURTC_Init
                0x00013a8c       0x28 ./../Platform/BSP/debug/libBSP_efm32_debug.a(BSP_Board.o)
                0x00013a8c                Board_BURTC_Init
 .text.BSP_Board_EnableSysTick
                0x00013ab4       0x38 ./../Platform/BSP/debug/libBSP_efm32_debug.a(BSP_Board.o)
                0x00013ab4                BSP_Board_EnableSysTick
 .text.NVIC_EnableIRQ
                0x00013aec       0x38 ./../Platform/BSP/debug/libBSP_efm32_debug.a(BSP_DMA.o)
 .text.NVIC_ClearPendingIRQ
                0x00013b24       0x3c ./../Platform/BSP/debug/libBSP_efm32_debug.a(BSP_DMA.o)
 .text.NVIC_SetPriority
                0x00013b60       0x5c ./../Platform/BSP/debug/libBSP_efm32_debug.a(BSP_DMA.o)
 .text.BSP_DMA_Initialize
                0x00013bbc       0x88 ./../Platform/BSP/debug/libBSP_efm32_debug.a(BSP_DMA.o)
                0x00013bbc                BSP_DMA_Initialize
 .text.BSP_DMA_Enable
                0x00013c44       0x54 ./../Platform/BSP/debug/libBSP_efm32_debug.a(BSP_DMA.o)
                0x00013c44                BSP_DMA_Enable
 .text.GPIO_IntClear
                0x00013c98       0x20 ./../Platform/BSP/debug/libBSP_efm32_debug.a(BSP_IrqHandler.o)
 .text.GPIO_IntGetEnabled
                0x00013cb8       0x30 ./../Platform/BSP/debug/libBSP_efm32_debug.a(BSP_IrqHandler.o)
 .text.SysTick_Handler
                0x00013ce8       0x40 ./../Platform/BSP/debug/libBSP_efm32_debug.a(BSP_IrqHandler.o)
                0x00013ce8                SysTick_Handler
 .text.GPIO_EVEN_IRQHandler
                0x00013d28       0x28 ./../Platform/BSP/debug/libBSP_efm32_debug.a(BSP_IrqHandler.o)
                0x00013d28                GPIO_EVEN_IRQHandler
 .text.GPIO_ODD_IRQHandler
                0x00013d50       0x28 ./../Platform/BSP/debug/libBSP_efm32_debug.a(BSP_IrqHandler.o)
                0x00013d50                GPIO_ODD_IRQHandler
 .text.UART0_TX_IRQHandler
                0x00013d78        0xc ./../Platform/BSP/debug/libBSP_efm32_debug.a(BSP_IrqHandler.o)
                0x00013d78                UART0_TX_IRQHandler
 .text.UART0_RX_IRQHandler
                0x00013d84        0xc ./../Platform/BSP/debug/libBSP_efm32_debug.a(BSP_IrqHandler.o)
                0x00013d84                UART0_RX_IRQHandler
 .text.USART0_TX_IRQHandler
                0x00013d90        0xc ./../Platform/BSP/debug/libBSP_efm32_debug.a(BSP_IrqHandler.o)
                0x00013d90                USART0_TX_IRQHandler
 .text.USART0_RX_IRQHandler
                0x00013d9c        0xc ./../Platform/BSP/debug/libBSP_efm32_debug.a(BSP_IrqHandler.o)
                0x00013d9c                USART0_RX_IRQHandler
 .text.I2C0_IRQHandler
                0x00013da8        0xc ./../Platform/BSP/debug/libBSP_efm32_debug.a(BSP_IrqHandler.o)
                0x00013da8                I2C0_IRQHandler
 .text.I2C1_IRQHandler
                0x00013db4        0xc ./../Platform/BSP/debug/libBSP_efm32_debug.a(BSP_IrqHandler.o)
                0x00013db4                I2C1_IRQHandler
 .text.USART2_TX_IRQHandler
                0x00013dc0        0xc ./../Platform/BSP/debug/libBSP_efm32_debug.a(BSP_IrqHandler.o)
                0x00013dc0                USART2_TX_IRQHandler
 .text.USART2_RX_IRQHandler
                0x00013dcc        0xc ./../Platform/BSP/debug/libBSP_efm32_debug.a(BSP_IrqHandler.o)
                0x00013dcc                USART2_RX_IRQHandler
 .text.UART1_TX_IRQHandler
                0x00013dd8        0xc ./../Platform/BSP/debug/libBSP_efm32_debug.a(BSP_IrqHandler.o)
                0x00013dd8                UART1_TX_IRQHandler
 .text.UART1_RX_IRQHandler
                0x00013de4        0xc ./../Platform/BSP/debug/libBSP_efm32_debug.a(BSP_IrqHandler.o)
                0x00013de4                UART1_RX_IRQHandler
 .text.USART1_TX_IRQHandler
                0x00013df0        0xc ./../Platform/BSP/debug/libBSP_efm32_debug.a(BSP_IrqHandler.o)
                0x00013df0                USART1_TX_IRQHandler
 .text.USART1_RX_IRQHandler
                0x00013dfc        0xc ./../Platform/BSP/debug/libBSP_efm32_debug.a(BSP_IrqHandler.o)
                0x00013dfc                USART1_RX_IRQHandler
 .text.RTC_IRQHandler
                0x00013e08        0xc ./../Platform/BSP/debug/libBSP_efm32_debug.a(BSP_IrqHandler.o)
                0x00013e08                RTC_IRQHandler
 .text.IrqHandler_SysTickDummyHandler
                0x00013e14       0x10 ./../Platform/BSP/debug/libBSP_efm32_debug.a(BSP_IrqHandler.o)
                0x00013e14                IrqHandler_SysTickDummyHandler
 .text.BSP_ExtensionPort_I2cIsr
                0x00013e24       0x5c ./../Platform/BSP/debug/libBSP_efm32_debug.a(BSP_ExtensionPort.o)
                0x00013e24                BSP_ExtensionPort_I2cIsr
 .text.BSP_ExtensionPort_SpiRxIsr
                0x00013e80       0x5c ./../Platform/BSP/debug/libBSP_efm32_debug.a(BSP_ExtensionPort.o)
                0x00013e80                BSP_ExtensionPort_SpiRxIsr
 .text.BSP_ExtensionPort_SpiTxIsr
                0x00013edc       0x5c ./../Platform/BSP/debug/libBSP_efm32_debug.a(BSP_ExtensionPort.o)
                0x00013edc                BSP_ExtensionPort_SpiTxIsr
 .text.BSP_ExtensionPort_UARTRxIsr
                0x00013f38       0x5c ./../Platform/BSP/debug/libBSP_efm32_debug.a(BSP_ExtensionPort.o)
                0x00013f38                BSP_ExtensionPort_UARTRxIsr
 .text.BSP_ExtensionPort_UARTTxIsr
                0x00013f94       0x5c ./../Platform/BSP/debug/libBSP_efm32_debug.a(BSP_ExtensionPort.o)
                0x00013f94                BSP_ExtensionPort_UARTTxIsr
 .text.WiFi_CC3100MOD_SPIRxISR
                0x00013ff0       0x28 ./../Platform/BSP/debug/libBSP_efm32_debug.a(BSP_WiFi_cc3100mod.o)
                0x00013ff0                WiFi_CC3100MOD_SPIRxISR
 .text.WiFi_CC3100MOD_SPITxISR
                0x00014018       0x28 ./../Platform/BSP/debug/libBSP_efm32_debug.a(BSP_WiFi_cc3100mod.o)
                0x00014018                WiFi_CC3100MOD_SPITxISR
 .text.NVIC_EnableIRQ
                0x00014040       0x38 ./../Platform/BSP/debug/libBSP_efm32_debug.a(BSP_BT_EM9301.o)
 .text.NVIC_DisableIRQ
                0x00014078       0x3c ./../Platform/BSP/debug/libBSP_efm32_debug.a(BSP_BT_EM9301.o)
 .text.NVIC_ClearPendingIRQ
                0x000140b4       0x3c ./../Platform/BSP/debug/libBSP_efm32_debug.a(BSP_BT_EM9301.o)
 .text.NVIC_SetPriority
                0x000140f0       0x5c ./../Platform/BSP/debug/libBSP_efm32_debug.a(BSP_BT_EM9301.o)
 .text.GPIO_PinOutClear
                0x0001414c       0x4c ./../Platform/BSP/debug/libBSP_efm32_debug.a(BSP_BT_EM9301.o)
 .text.GPIO_PinOutSet
                0x00014198       0x4c ./../Platform/BSP/debug/libBSP_efm32_debug.a(BSP_BT_EM9301.o)
 .text.BSP_BT_EM9301_Connect
                0x000141e4       0xa0 ./../Platform/BSP/debug/libBSP_efm32_debug.a(BSP_BT_EM9301.o)
                0x000141e4                BSP_BT_EM9301_Connect
 .text.BSP_BT_EM9301_Enable
                0x00014284      0x134 ./../Platform/BSP/debug/libBSP_efm32_debug.a(BSP_BT_EM9301.o)
                0x00014284                BSP_BT_EM9301_Enable
 .text.BSP_BT_EM9301_Disable
                0x000143b8       0x9c ./../Platform/BSP/debug/libBSP_efm32_debug.a(BSP_BT_EM9301.o)
                0x000143b8                BSP_BT_EM9301_Disable
 .text.BSP_BT_EM9301_Disconnect
                0x00014454       0x70 ./../Platform/BSP/debug/libBSP_efm32_debug.a(BSP_BT_EM9301.o)
                0x00014454                BSP_BT_EM9301_Disconnect
 .text.BSP_BT_EM9301_SetWUHigh
                0x000144c4       0x48 ./../Platform/BSP/debug/libBSP_efm32_debug.a(BSP_BT_EM9301.o)
                0x000144c4                BSP_BT_EM9301_SetWUHigh
 .text.BSP_BT_EM9301_SetWULow
                0x0001450c       0x40 ./../Platform/BSP/debug/libBSP_efm32_debug.a(BSP_BT_EM9301.o)
                0x0001450c                BSP_BT_EM9301_SetWULow
 .text.BSP_BT_EM9301_Reset
                0x0001454c       0x34 ./../Platform/BSP/debug/libBSP_efm32_debug.a(BSP_BT_EM9301.o)
                0x0001454c                BSP_BT_EM9301_Reset
 .text.BSP_BT_EM9301_GetUARTHandle
                0x00014580       0x34 ./../Platform/BSP/debug/libBSP_efm32_debug.a(BSP_BT_EM9301.o)
                0x00014580                BSP_BT_EM9301_GetUARTHandle
 .text.BT_EM9301_UART_TxISR
                0x000145b4       0x28 ./../Platform/BSP/debug/libBSP_efm32_debug.a(BSP_BT_EM9301.o)
                0x000145b4                BT_EM9301_UART_TxISR
 .text.BT_EM9301_UART_RxISR
                0x000145dc       0x28 ./../Platform/BSP/debug/libBSP_efm32_debug.a(BSP_BT_EM9301.o)
                0x000145dc                BT_EM9301_UART_RxISR
 .text.NVIC_EnableIRQ
                0x00014604       0x38 ./../Platform/BSP/debug/libBSP_efm32_debug.a(BSP_SensorNode.o)
 .text.NVIC_DisableIRQ
                0x0001463c       0x3c ./../Platform/BSP/debug/libBSP_efm32_debug.a(BSP_SensorNode.o)
 .text.NVIC_SetPriority
                0x00014678       0x5c ./../Platform/BSP/debug/libBSP_efm32_debug.a(BSP_SensorNode.o)
 .text.GPIO_PinInGet
                0x000146d4       0x4c ./../Platform/BSP/debug/libBSP_efm32_debug.a(BSP_SensorNode.o)
 .text.GPIO_PinOutSet
                0x00014720       0x4c ./../Platform/BSP/debug/libBSP_efm32_debug.a(BSP_SensorNode.o)
 .text.BSP_SensorNode_Connect
                0x0001476c      0x190 ./../Platform/BSP/debug/libBSP_efm32_debug.a(BSP_SensorNode.o)
                0x0001476c                BSP_SensorNode_Connect
 .text.BSP_SensorNode_Enable
                0x000148fc      0x408 ./../Platform/BSP/debug/libBSP_efm32_debug.a(BSP_SensorNode.o)
                0x000148fc                BSP_SensorNode_Enable
 .text.BSP_SensorNode_GetI2CHandle
                0x00014d04       0x34 ./../Platform/BSP/debug/libBSP_efm32_debug.a(BSP_SensorNode.o)
                0x00014d04                BSP_SensorNode_GetI2CHandle
 .text.SensorNode_EnableBus
                0x00014d38       0x6c ./../Platform/BSP/debug/libBSP_efm32_debug.a(BSP_SensorNode.o)
 .text.BMA280_INT_InterruptCallback
                0x00014da4       0x44 ./../Platform/BSP/debug/libBSP_efm32_debug.a(BSP_SensorNode.o)
 .text.BMA280_INT2_InterruptCallback
                0x00014de8       0x44 ./../Platform/BSP/debug/libBSP_efm32_debug.a(BSP_SensorNode.o)
 .text.MAX44009_INTN_InterruptCallback
                0x00014e2c       0x44 ./../Platform/BSP/debug/libBSP_efm32_debug.a(BSP_SensorNode.o)
 .text.SensorNode_I2CISR
                0x00014e70       0x28 ./../Platform/BSP/debug/libBSP_efm32_debug.a(BSP_SensorNode.o)
                0x00014e70                SensorNode_I2CISR
 .text.SDCard_SPIRxISR
                0x00014e98       0x28 ./../Platform/BSP/debug/libBSP_efm32_debug.a(BSP_SDCard.o)
                0x00014e98                SDCard_SPIRxISR
 .text.SDCard_SPITxISR
                0x00014ec0       0x28 ./../Platform/BSP/debug/libBSP_efm32_debug.a(BSP_SDCard.o)
                0x00014ec0                SDCard_SPITxISR
 .text.xQueueGenericReset
                0x00014ee8       0xc8 ./../Libraries/FreeRTOS/debug/libFreeRTOS_efm32_debug.a(queue.o)
                0x00014ee8                xQueueGenericReset
 .text.xQueueGenericCreate
                0x00014fb0       0xb8 ./../Libraries/FreeRTOS/debug/libFreeRTOS_efm32_debug.a(queue.o)
                0x00014fb0                xQueueGenericCreate
 .text.xQueueCreateMutex
                0x00015068       0xb8 ./../Libraries/FreeRTOS/debug/libFreeRTOS_efm32_debug.a(queue.o)
                0x00015068                xQueueCreateMutex
 .text.xQueueCreateCountingSemaphore
                0x00015120       0x78 ./../Libraries/FreeRTOS/debug/libFreeRTOS_efm32_debug.a(queue.o)
                0x00015120                xQueueCreateCountingSemaphore
 .text.xQueueGenericSend
                0x00015198      0x1c8 ./../Libraries/FreeRTOS/debug/libFreeRTOS_efm32_debug.a(queue.o)
                0x00015198                xQueueGenericSend
 .text.xQueueGenericSendFromISR
                0x00015360      0x110 ./../Libraries/FreeRTOS/debug/libFreeRTOS_efm32_debug.a(queue.o)
                0x00015360                xQueueGenericSendFromISR
 .text.xQueueGiveFromISR
                0x00015470      0x108 ./../Libraries/FreeRTOS/debug/libFreeRTOS_efm32_debug.a(queue.o)
                0x00015470                xQueueGiveFromISR
 .text.xQueueGenericReceive
                0x00015578      0x1e0 ./../Libraries/FreeRTOS/debug/libFreeRTOS_efm32_debug.a(queue.o)
                0x00015578                xQueueGenericReceive
 .text.vQueueDelete
                0x00015758       0x38 ./../Libraries/FreeRTOS/debug/libFreeRTOS_efm32_debug.a(queue.o)
                0x00015758                vQueueDelete
 .text.prvCopyDataToQueue
                0x00015790       0xe8 ./../Libraries/FreeRTOS/debug/libFreeRTOS_efm32_debug.a(queue.o)
 .text.prvCopyDataFromQueue
                0x00015878       0x50 ./../Libraries/FreeRTOS/debug/libFreeRTOS_efm32_debug.a(queue.o)
 .text.prvUnlockQueue
                0x000158c8       0xc0 ./../Libraries/FreeRTOS/debug/libFreeRTOS_efm32_debug.a(queue.o)
 .text.prvIsQueueEmpty
                0x00015988       0x34 ./../Libraries/FreeRTOS/debug/libFreeRTOS_efm32_debug.a(queue.o)
 .text.prvIsQueueFull
                0x000159bc       0x38 ./../Libraries/FreeRTOS/debug/libFreeRTOS_efm32_debug.a(queue.o)
 .text.vQueueAddToRegistry
                0x000159f4       0x64 ./../Libraries/FreeRTOS/debug/libFreeRTOS_efm32_debug.a(queue.o)
                0x000159f4                vQueueAddToRegistry
 .text.vQueueUnregisterQueue
                0x00015a58       0x54 ./../Libraries/FreeRTOS/debug/libFreeRTOS_efm32_debug.a(queue.o)
                0x00015a58                vQueueUnregisterQueue
 .text.vQueueWaitForMessageRestricted
                0x00015aac       0x64 ./../Libraries/FreeRTOS/debug/libFreeRTOS_efm32_debug.a(queue.o)
                0x00015aac                vQueueWaitForMessageRestricted
 .text.xQueueCreateSet
                0x00015b10       0x24 ./../Libraries/FreeRTOS/debug/libFreeRTOS_efm32_debug.a(queue.o)
                0x00015b10                xQueueCreateSet
 .text.xQueueAddToSet
                0x00015b34       0x4c ./../Libraries/FreeRTOS/debug/libFreeRTOS_efm32_debug.a(queue.o)
                0x00015b34                xQueueAddToSet
 .text.xQueueSelectFromSet
                0x00015b80       0x30 ./../Libraries/FreeRTOS/debug/libFreeRTOS_efm32_debug.a(queue.o)
                0x00015b80                xQueueSelectFromSet
 .text.prvNotifyQueueSetContainer
                0x00015bb0       0xa8 ./../Libraries/FreeRTOS/debug/libFreeRTOS_efm32_debug.a(queue.o)
 .text.xTaskGenericCreate
                0x00015c58      0x1d0 ./../Libraries/FreeRTOS/debug/libFreeRTOS_efm32_debug.a(tasks.o)
                0x00015c58                xTaskGenericCreate
 .text.vTaskDelayUntil
                0x00015e28      0x124 ./../Libraries/FreeRTOS/debug/libFreeRTOS_efm32_debug.a(tasks.o)
                0x00015e28                vTaskDelayUntil
 .text.vTaskDelay
                0x00015f4c       0xac ./../Libraries/FreeRTOS/debug/libFreeRTOS_efm32_debug.a(tasks.o)
                0x00015f4c                vTaskDelay
 .text.vTaskSuspend
                0x00015ff8      0x138 ./../Libraries/FreeRTOS/debug/libFreeRTOS_efm32_debug.a(tasks.o)
                0x00015ff8                vTaskSuspend
 .text.prvTaskIsTaskSuspended
                0x00016130       0x80 ./../Libraries/FreeRTOS/debug/libFreeRTOS_efm32_debug.a(tasks.o)
 .text.vTaskResume
                0x000161b0       0xc4 ./../Libraries/FreeRTOS/debug/libFreeRTOS_efm32_debug.a(tasks.o)
                0x000161b0                vTaskResume
 .text.vTaskStartScheduler
                0x00016274       0xa0 ./../Libraries/FreeRTOS/debug/libFreeRTOS_efm32_debug.a(tasks.o)
                0x00016274                vTaskStartScheduler
 .text.vTaskSuspendAll
                0x00016314       0x24 ./../Libraries/FreeRTOS/debug/libFreeRTOS_efm32_debug.a(tasks.o)
                0x00016314                vTaskSuspendAll
 .text.xTaskResumeAll
                0x00016338      0x180 ./../Libraries/FreeRTOS/debug/libFreeRTOS_efm32_debug.a(tasks.o)
                0x00016338                xTaskResumeAll
 .text.xTaskGetTickCount
                0x000164b8       0x20 ./../Libraries/FreeRTOS/debug/libFreeRTOS_efm32_debug.a(tasks.o)
                0x000164b8                xTaskGetTickCount
 .text.xTaskIncrementTick
                0x000164d8      0x20c ./../Libraries/FreeRTOS/debug/libFreeRTOS_efm32_debug.a(tasks.o)
                0x000164d8                xTaskIncrementTick
 .text.vTaskSwitchContext
                0x000166e4      0x150 ./../Libraries/FreeRTOS/debug/libFreeRTOS_efm32_debug.a(tasks.o)
                0x000166e4                vTaskSwitchContext
 .text.vTaskPlaceOnEventList
                0x00016834       0xc4 ./../Libraries/FreeRTOS/debug/libFreeRTOS_efm32_debug.a(tasks.o)
                0x00016834                vTaskPlaceOnEventList
 .text.vTaskPlaceOnEventListRestricted
                0x000168f8       0xc4 ./../Libraries/FreeRTOS/debug/libFreeRTOS_efm32_debug.a(tasks.o)
                0x000168f8                vTaskPlaceOnEventListRestricted
 .text.xTaskRemoveFromEventList
                0x000169bc       0xe8 ./../Libraries/FreeRTOS/debug/libFreeRTOS_efm32_debug.a(tasks.o)
                0x000169bc                xTaskRemoveFromEventList
 .text.vTaskSetTimeOutState
                0x00016aa4       0x44 ./../Libraries/FreeRTOS/debug/libFreeRTOS_efm32_debug.a(tasks.o)
                0x00016aa4                vTaskSetTimeOutState
 .text.xTaskCheckForTimeOut
                0x00016ae8       0xc4 ./../Libraries/FreeRTOS/debug/libFreeRTOS_efm32_debug.a(tasks.o)
                0x00016ae8                xTaskCheckForTimeOut
 .text.vTaskMissedYield
                0x00016bac       0x18 ./../Libraries/FreeRTOS/debug/libFreeRTOS_efm32_debug.a(tasks.o)
                0x00016bac                vTaskMissedYield
 .text.prvIdleTask
                0x00016bc4       0x10 ./../Libraries/FreeRTOS/debug/libFreeRTOS_efm32_debug.a(tasks.o)
 .text.prvInitialiseTCBVariables
                0x00016bd4       0xbc ./../Libraries/FreeRTOS/debug/libFreeRTOS_efm32_debug.a(tasks.o)
 .text.prvInitialiseTaskLists
                0x00016c90       0xa4 ./../Libraries/FreeRTOS/debug/libFreeRTOS_efm32_debug.a(tasks.o)
 .text.prvCheckTasksWaitingTermination
                0x00016d34       0x9c ./../Libraries/FreeRTOS/debug/libFreeRTOS_efm32_debug.a(tasks.o)
 .text.prvAddCurrentTaskToDelayedList
                0x00016dd0       0x8c ./../Libraries/FreeRTOS/debug/libFreeRTOS_efm32_debug.a(tasks.o)
 .text.prvAllocateTCBAndStack
                0x00016e5c       0x7c ./../Libraries/FreeRTOS/debug/libFreeRTOS_efm32_debug.a(tasks.o)
 .text.prvDeleteTCB
                0x00016ed8       0x20 ./../Libraries/FreeRTOS/debug/libFreeRTOS_efm32_debug.a(tasks.o)
 .text.prvResetNextTaskUnblockTime
                0x00016ef8       0x5c ./../Libraries/FreeRTOS/debug/libFreeRTOS_efm32_debug.a(tasks.o)
 .text.xTaskGetSchedulerState
                0x00016f54       0x48 ./../Libraries/FreeRTOS/debug/libFreeRTOS_efm32_debug.a(tasks.o)
                0x00016f54                xTaskGetSchedulerState
 .text.vTaskPriorityInherit
                0x00016f9c      0x144 ./../Libraries/FreeRTOS/debug/libFreeRTOS_efm32_debug.a(tasks.o)
                0x00016f9c                vTaskPriorityInherit
 .text.xTaskPriorityDisinherit
                0x000170e0      0x13c ./../Libraries/FreeRTOS/debug/libFreeRTOS_efm32_debug.a(tasks.o)
                0x000170e0                xTaskPriorityDisinherit
 .text.pvTaskIncrementMutexHeldCount
                0x0001721c       0x38 ./../Libraries/FreeRTOS/debug/libFreeRTOS_efm32_debug.a(tasks.o)
                0x0001721c                pvTaskIncrementMutexHeldCount
 .text.xTimerCreateTimerTask
                0x00017254       0x78 ./../Libraries/FreeRTOS/debug/libFreeRTOS_efm32_debug.a(timers.o)
                0x00017254                xTimerCreateTimerTask
 .text.xTimerCreate
                0x000172cc       0x7c ./../Libraries/FreeRTOS/debug/libFreeRTOS_efm32_debug.a(timers.o)
                0x000172cc                xTimerCreate
 .text.xTimerGenericCommand
                0x00017348       0xac ./../Libraries/FreeRTOS/debug/libFreeRTOS_efm32_debug.a(timers.o)
                0x00017348                xTimerGenericCommand
 .text.prvProcessExpiredTimer
                0x000173f4       0x88 ./../Libraries/FreeRTOS/debug/libFreeRTOS_efm32_debug.a(timers.o)
 .text.prvTimerTask
                0x0001747c       0x24 ./../Libraries/FreeRTOS/debug/libFreeRTOS_efm32_debug.a(timers.o)
 .text.prvProcessTimerOrBlockTask
                0x000174a0       0x78 ./../Libraries/FreeRTOS/debug/libFreeRTOS_efm32_debug.a(timers.o)
 .text.prvGetNextExpireTime
                0x00017518       0x54 ./../Libraries/FreeRTOS/debug/libFreeRTOS_efm32_debug.a(timers.o)
 .text.prvSampleTimeNow
                0x0001756c       0x4c ./../Libraries/FreeRTOS/debug/libFreeRTOS_efm32_debug.a(timers.o)
 .text.prvInsertTimerInActiveList
                0x000175b8       0x94 ./../Libraries/FreeRTOS/debug/libFreeRTOS_efm32_debug.a(timers.o)
 .text.prvProcessReceivedCommands
                0x0001764c      0x174 ./../Libraries/FreeRTOS/debug/libFreeRTOS_efm32_debug.a(timers.o)
 .text.prvSwitchTimerLists
                0x000177c0       0xf0 ./../Libraries/FreeRTOS/debug/libFreeRTOS_efm32_debug.a(timers.o)
 .text.prvCheckForValidListAndQueue
                0x000178b0       0xb8 ./../Libraries/FreeRTOS/debug/libFreeRTOS_efm32_debug.a(timers.o)
 .text.xTimerPendFunctionCallFromISR
                0x00017968       0x4c ./../Libraries/FreeRTOS/debug/libFreeRTOS_efm32_debug.a(timers.o)
                0x00017968                xTimerPendFunctionCallFromISR
 .text.pvPortMalloc
                0x000179b4      0x1e0 ./../Libraries/FreeRTOS/debug/libFreeRTOS_efm32_debug.a(heap_4.o)
                0x000179b4                pvPortMalloc
 .text.vPortFree
                0x00017b94       0xcc ./../Libraries/FreeRTOS/debug/libFreeRTOS_efm32_debug.a(heap_4.o)
                0x00017b94                vPortFree
 .text.prvHeapInit
                0x00017c60       0xfc ./../Libraries/FreeRTOS/debug/libFreeRTOS_efm32_debug.a(heap_4.o)
 .text.prvInsertBlockIntoFreeList
                0x00017d5c       0xbc ./../Libraries/FreeRTOS/debug/libFreeRTOS_efm32_debug.a(heap_4.o)
 .text.pxPortInitialiseStack
                0x00017e18       0x64 ./../Libraries/FreeRTOS/debug/libFreeRTOS_efm32_debug.a(port.o)
                0x00017e18                pxPortInitialiseStack
 .text.prvTaskExitError
                0x00017e7c       0x2c ./../Libraries/FreeRTOS/debug/libFreeRTOS_efm32_debug.a(port.o)
 .text.SVC_Handler
                0x00017ea8       0x24 ./../Libraries/FreeRTOS/debug/libFreeRTOS_efm32_debug.a(port.o)
                0x00017ea8                SVC_Handler
 .text.prvPortStartFirstTask
                0x00017ecc       0x20 ./../Libraries/FreeRTOS/debug/libFreeRTOS_efm32_debug.a(port.o)
 .text.xPortStartScheduler
                0x00017eec      0x10c ./../Libraries/FreeRTOS/debug/libFreeRTOS_efm32_debug.a(port.o)
                0x00017eec                xPortStartScheduler
 .text.vPortYield
                0x00017ff8       0x20 ./../Libraries/FreeRTOS/debug/libFreeRTOS_efm32_debug.a(port.o)
                0x00017ff8                vPortYield
 .text.vPortEnterCritical
                0x00018018       0x58 ./../Libraries/FreeRTOS/debug/libFreeRTOS_efm32_debug.a(port.o)
                0x00018018                vPortEnterCritical
 .text.vPortExitCritical
                0x00018070       0x54 ./../Libraries/FreeRTOS/debug/libFreeRTOS_efm32_debug.a(port.o)
                0x00018070                vPortExitCritical
 .text.ulPortSetInterruptMask
                0x000180c4       0x14 ./../Libraries/FreeRTOS/debug/libFreeRTOS_efm32_debug.a(port.o)
                0x000180c4                ulPortSetInterruptMask
 .text.vPortClearInterruptMask
                0x000180d8        0x8 ./../Libraries/FreeRTOS/debug/libFreeRTOS_efm32_debug.a(port.o)
                0x000180d8                vPortClearInterruptMask
 .text.PendSV_Handler
                0x000180e0       0x44 ./../Libraries/FreeRTOS/debug/libFreeRTOS_efm32_debug.a(port.o)
                0x000180e0                PendSV_Handler
 .text.xPortSysTickHandler
                0x00018124       0x2c ./../Libraries/FreeRTOS/debug/libFreeRTOS_efm32_debug.a(port.o)
                0x00018124                xPortSysTickHandler
 .text.vPortSetupTimerInterrupt
                0x00018150       0x28 ./../Libraries/FreeRTOS/debug/libFreeRTOS_efm32_debug.a(port.o)
                0x00018150                vPortSetupTimerInterrupt
 .text.vPortValidateInterruptPriority
                0x00018178       0x78 ./../Libraries/FreeRTOS/debug/libFreeRTOS_efm32_debug.a(port.o)
                0x00018178                vPortValidateInterruptPriority
 .text.vListInitialise
                0x000181f0       0x40 ./../Libraries/FreeRTOS/debug/libFreeRTOS_efm32_debug.a(list.o)
                0x000181f0                vListInitialise
 .text.vListInitialiseItem
                0x00018230       0x1c ./../Libraries/FreeRTOS/debug/libFreeRTOS_efm32_debug.a(list.o)
                0x00018230                vListInitialiseItem
 .text.vListInsertEnd
                0x0001824c       0x48 ./../Libraries/FreeRTOS/debug/libFreeRTOS_efm32_debug.a(list.o)
                0x0001824c                vListInsertEnd
 .text.vListInsert
                0x00018294       0x74 ./../Libraries/FreeRTOS/debug/libFreeRTOS_efm32_debug.a(list.o)
                0x00018294                vListInsert
 .text.uxListRemove
                0x00018308       0x58 ./../Libraries/FreeRTOS/debug/libFreeRTOS_efm32_debug.a(list.o)
                0x00018308                uxListRemove
 .text.ADC_Init
                0x00018360       0x68 ./../Libraries/EMlib/debug/libEMLib_efm32_debug.a(em_adc.o)
                0x00018360                ADC_Init
 .text.ADC_PrescaleCalc
                0x000183c8       0x78 ./../Libraries/EMlib/debug/libEMLib_efm32_debug.a(em_adc.o)
                0x000183c8                ADC_PrescaleCalc
 .text.ADC_TimebaseCalc
                0x00018440       0x74 ./../Libraries/EMlib/debug/libEMLib_efm32_debug.a(em_adc.o)
                0x00018440                ADC_TimebaseCalc
 .text.BITBAND_Peripheral
                0x000184b4       0x30 ./../Libraries/EMlib/debug/libEMLib_efm32_debug.a(em_cmu.o)
 .text.CMU_MaxFreqHfle
                0x000184e4       0xb8 ./../Libraries/EMlib/debug/libEMLib_efm32_debug.a(em_cmu.o)
 .text.CMU_FlashWaitStateMax
                0x0001859c       0x68 ./../Libraries/EMlib/debug/libEMLib_efm32_debug.a(em_cmu.o)
 .text.CMU_DivToLog2
                0x00018604       0x38 ./../Libraries/EMlib/debug/libEMLib_efm32_debug.a(em_cmu.o)
 .text.CMU_FlashWaitStateControl
                0x0001863c       0xf4 ./../Libraries/EMlib/debug/libEMLib_efm32_debug.a(em_cmu.o)
 .text.CMU_USBCClkGet
                0x00018730       0x50 ./../Libraries/EMlib/debug/libEMLib_efm32_debug.a(em_cmu.o)
 .text.CMU_AUXClkGet
                0x00018780       0x9c ./../Libraries/EMlib/debug/libEMLib_efm32_debug.a(em_cmu.o)
 .text.CMU_DBGClkGet
                0x0001881c       0x64 ./../Libraries/EMlib/debug/libEMLib_efm32_debug.a(em_cmu.o)
 .text.CMU_LFClkGet
                0x00018880       0xd4 ./../Libraries/EMlib/debug/libEMLib_efm32_debug.a(em_cmu.o)
 .text.CMU_Sync
                0x00018954       0x3c ./../Libraries/EMlib/debug/libEMLib_efm32_debug.a(em_cmu.o)
 .text.CMU_ClockDivSet
                0x00018990      0x298 ./../Libraries/EMlib/debug/libEMLib_efm32_debug.a(em_cmu.o)
                0x00018990                CMU_ClockDivSet
 .text.CMU_ClockEnable
                0x00018c28      0x10c ./../Libraries/EMlib/debug/libEMLib_efm32_debug.a(em_cmu.o)
                0x00018c28                CMU_ClockEnable
 .text.CMU_ClockFreqGet
                0x00018d34      0x1e8 ./../Libraries/EMlib/debug/libEMLib_efm32_debug.a(em_cmu.o)
                0x00018d34                CMU_ClockFreqGet
 .text.CMU_ClockSelectGet
                0x00018f1c      0x1a4 ./../Libraries/EMlib/debug/libEMLib_efm32_debug.a(em_cmu.o)
                0x00018f1c                CMU_ClockSelectGet
 .text.CMU_ClockSelectSet
                0x000190c0      0x38c ./../Libraries/EMlib/debug/libEMLib_efm32_debug.a(em_cmu.o)
                0x000190c0                CMU_ClockSelectSet
 .text.CMU_OscillatorEnable
                0x0001944c       0xe8 ./../Libraries/EMlib/debug/libEMLib_efm32_debug.a(em_cmu.o)
                0x0001944c                CMU_OscillatorEnable
 .text.MSC_Init
                0x00019534      0x108 ./../Libraries/EMlib/debug/libEMLib_efm32_debug.a(em_msc.o)
                0x00019534                MSC_Init
 .text.MSC_Deinit
                0x0001963c       0x30 ./../Libraries/EMlib/debug/libEMLib_efm32_debug.a(em_msc.o)
                0x0001963c                MSC_Deinit
 .text.NVIC_DisableIRQ
                0x0001966c       0x3c ./../Libraries/EMlib/debug/libEMLib_efm32_debug.a(em_dma.o)
 .text.BITBAND_Peripheral
                0x000196a8       0x30 ./../Libraries/EMlib/debug/libEMLib_efm32_debug.a(em_dma.o)
 .text.DMA_Prepare
                0x000196d8      0x138 ./../Libraries/EMlib/debug/libEMLib_efm32_debug.a(em_dma.o)
 .text.DMA_IRQHandler
                0x00019810      0x110 ./../Libraries/EMlib/debug/libEMLib_efm32_debug.a(em_dma.o)
                0x00019810                DMA_IRQHandler
 .text.DMA_ActivateBasic
                0x00019920       0x48 ./../Libraries/EMlib/debug/libEMLib_efm32_debug.a(em_dma.o)
                0x00019920                DMA_ActivateBasic
 .text.DMA_CfgChannel
                0x00019968       0xc0 ./../Libraries/EMlib/debug/libEMLib_efm32_debug.a(em_dma.o)
                0x00019968                DMA_CfgChannel
 .text.DMA_CfgDescr
                0x00019a28       0x84 ./../Libraries/EMlib/debug/libEMLib_efm32_debug.a(em_dma.o)
                0x00019a28                DMA_CfgDescr
 .text.DMA_Reset
                0x00019aac       0xd4 ./../Libraries/EMlib/debug/libEMLib_efm32_debug.a(em_dma.o)
                0x00019aac                DMA_Reset
 .text.EMU_UpdateOscConfig
                0x00019b80       0x20 ./../Libraries/EMlib/debug/libEMLib_efm32_debug.a(em_emu.o)
                0x00019b80                EMU_UpdateOscConfig
 .text.BITBAND_Peripheral
                0x00019ba0       0x30 ./../Libraries/EMlib/debug/libEMLib_efm32_debug.a(em_gpio.o)
 .text.GPIO_DriveModeSet
                0x00019bd0       0x60 ./../Libraries/EMlib/debug/libEMLib_efm32_debug.a(em_gpio.o)
                0x00019bd0                GPIO_DriveModeSet
 .text.GPIO_IntConfig
                0x00019c30       0xf4 ./../Libraries/EMlib/debug/libEMLib_efm32_debug.a(em_gpio.o)
                0x00019c30                GPIO_IntConfig
 .text.GPIO_PinModeSet
                0x00019d24      0x1b8 ./../Libraries/EMlib/debug/libEMLib_efm32_debug.a(em_gpio.o)
                0x00019d24                GPIO_PinModeSet
 .text.BITBAND_Peripheral
                0x00019edc       0x30 ./../Libraries/EMlib/debug/libEMLib_efm32_debug.a(em_i2c.o)
 .text.I2C_BusFreqSet
                0x00019f0c       0x94 ./../Libraries/EMlib/debug/libEMLib_efm32_debug.a(em_i2c.o)
                0x00019f0c                I2C_BusFreqSet
 .text.I2C_Enable
                0x00019fa0       0x40 ./../Libraries/EMlib/debug/libEMLib_efm32_debug.a(em_i2c.o)
                0x00019fa0                I2C_Enable
 .text.I2C_Init
                0x00019fe0       0x84 ./../Libraries/EMlib/debug/libEMLib_efm32_debug.a(em_i2c.o)
                0x00019fe0                I2C_Init
 .text.I2C_Transfer
                0x0001a064      0x4ec ./../Libraries/EMlib/debug/libEMLib_efm32_debug.a(em_i2c.o)
                0x0001a064                I2C_Transfer
 .text.I2C_TransferInit
                0x0001a550      0x104 ./../Libraries/EMlib/debug/libEMLib_efm32_debug.a(em_i2c.o)
                0x0001a550                I2C_TransferInit
 .text.USART_BaudrateAsyncSet
                0x0001a654       0xd0 ./../Libraries/EMlib/debug/libEMLib_efm32_debug.a(em_usart.o)
                0x0001a654                USART_BaudrateAsyncSet
 .text.USART_BaudrateSyncSet
                0x0001a724       0x7c ./../Libraries/EMlib/debug/libEMLib_efm32_debug.a(em_usart.o)
                0x0001a724                USART_BaudrateSyncSet
 .text.USART_Enable
                0x0001a7a0       0x7c ./../Libraries/EMlib/debug/libEMLib_efm32_debug.a(em_usart.o)
                0x0001a7a0                USART_Enable
 .text.USART_InitAsync
                0x0001a81c       0xbc ./../Libraries/EMlib/debug/libEMLib_efm32_debug.a(em_usart.o)
                0x0001a81c                USART_InitAsync
 .text.USART_Reset
                0x0001a8d8       0xd8 ./../Libraries/EMlib/debug/libEMLib_efm32_debug.a(em_usart.o)
                0x0001a8d8                USART_Reset
 .text.USART_Tx
                0x0001a9b0       0x2c ./../Libraries/EMlib/debug/libEMLib_efm32_debug.a(em_usart.o)
                0x0001a9b0                USART_Tx
 .text.SYSTEM_ChipRevisionGet
                0x0001a9dc       0x94 ./../Libraries/EMlib/debug/libEMLib_efm32_debug.a(em_system.o)
                0x0001a9dc                SYSTEM_ChipRevisionGet
 .text.NVIC_EnableIRQ
                0x0001aa70       0x38 ./../Libraries/EMlib/debug/libEMLib_efm32_debug.a(em_usbd.o)
 .text.NVIC_ClearPendingIRQ
                0x0001aaa8       0x3c ./../Libraries/EMlib/debug/libEMLib_efm32_debug.a(em_usbd.o)
 .text.INT_Disable
                0x0001aae4       0x40 ./../Libraries/EMlib/debug/libEMLib_efm32_debug.a(em_usbd.o)
 .text.INT_Enable
                0x0001ab24       0x54 ./../Libraries/EMlib/debug/libEMLib_efm32_debug.a(em_usbd.o)
 .text.USBHAL_DisableGlobalInt
                0x0001ab78       0x34 ./../Libraries/EMlib/debug/libEMLib_efm32_debug.a(em_usbd.o)
 .text.USBHAL_EnableGlobalInt
                0x0001abac       0x34 ./../Libraries/EMlib/debug/libEMLib_efm32_debug.a(em_usbd.o)
 .text.USBDHAL_EnableUsbResetAndSuspendInt
                0x0001abe0       0x38 ./../Libraries/EMlib/debug/libEMLib_efm32_debug.a(em_usbd.o)
 .text.USBDHAL_EpIsStalled
                0x0001ac18       0x3c ./../Libraries/EMlib/debug/libEMLib_efm32_debug.a(em_usbd.o)
 .text.USBDHAL_GetStallStatusEp
                0x0001ac54       0xc0 ./../Libraries/EMlib/debug/libEMLib_efm32_debug.a(em_usbd.o)
 .text.USBDHAL_SetEp0InDmaPtr
                0x0001ad14       0x28 ./../Libraries/EMlib/debug/libEMLib_efm32_debug.a(em_usbd.o)
 .text.USBDHAL_SetEp0OutDmaPtr
                0x0001ad3c       0x28 ./../Libraries/EMlib/debug/libEMLib_efm32_debug.a(em_usbd.o)
 .text.USBDHAL_StartEp0In
                0x0001ad64       0x5c ./../Libraries/EMlib/debug/libEMLib_efm32_debug.a(em_usbd.o)
 .text.USBDHAL_StartEp0Out
                0x0001adc0       0x5c ./../Libraries/EMlib/debug/libEMLib_efm32_debug.a(em_usbd.o)
 .text.USBDHAL_StartEpIn
                0x0001ae1c       0xc8 ./../Libraries/EMlib/debug/libEMLib_efm32_debug.a(em_usbd.o)
 .text.USBDHAL_StartEpOut
                0x0001aee4       0xd4 ./../Libraries/EMlib/debug/libEMLib_efm32_debug.a(em_usbd.o)
 .text.USBD_ArmEp
                0x0001afb8       0x28 ./../Libraries/EMlib/debug/libEMLib_efm32_debug.a(em_usbd.o)
 .text.USBD_ArmEp0
                0x0001afe0       0x88 ./../Libraries/EMlib/debug/libEMLib_efm32_debug.a(em_usbd.o)
 .text.USBD_ArmEpN
                0x0001b068       0x28 ./../Libraries/EMlib/debug/libEMLib_efm32_debug.a(em_usbd.o)
 .text.USBD_GetEpFromAddr
                0x0001b090       0xa0 ./../Libraries/EMlib/debug/libEMLib_efm32_debug.a(em_usbd.o)
 .text.USBD_Disconnect
                0x0001b130       0x14 ./../Libraries/EMlib/debug/libEMLib_efm32_debug.a(em_usbd.o)
                0x0001b130                USBD_Disconnect
 .text.USBD_GetUsbState
                0x0001b144       0x1c ./../Libraries/EMlib/debug/libEMLib_efm32_debug.a(em_usbd.o)
                0x0001b144                USBD_GetUsbState
 .text.USBD_Init
                0x0001b160      0x4fc ./../Libraries/EMlib/debug/libEMLib_efm32_debug.a(em_usbd.o)
                0x0001b160                USBD_Init
 .text.USBD_Read
                0x0001b65c      0x108 ./../Libraries/EMlib/debug/libEMLib_efm32_debug.a(em_usbd.o)
                0x0001b65c                USBD_Read
 .text.USBD_SetUsbState
                0x0001b764       0x98 ./../Libraries/EMlib/debug/libEMLib_efm32_debug.a(em_usbd.o)
                0x0001b764                USBD_SetUsbState
 .text.USBD_Write
                0x0001b7fc      0x10c ./../Libraries/EMlib/debug/libEMLib_efm32_debug.a(em_usbd.o)
                0x0001b7fc                USBD_Write
 .text.NVIC_ClearPendingIRQ
                0x0001b908       0x3c ./../Libraries/EMlib/debug/libEMLib_efm32_debug.a(em_usbhal.o)
 .text.INT_Disable
                0x0001b944       0x40 ./../Libraries/EMlib/debug/libEMLib_efm32_debug.a(em_usbhal.o)
 .text.INT_Enable
                0x0001b984       0x54 ./../Libraries/EMlib/debug/libEMLib_efm32_debug.a(em_usbhal.o)
 .text.USBHAL_FlushRxFifo
                0x0001b9d8       0x3c ./../Libraries/EMlib/debug/libEMLib_efm32_debug.a(em_usbhal.o)
 .text.USBHAL_FlushTxFifo
                0x0001ba14       0x4c ./../Libraries/EMlib/debug/libEMLib_efm32_debug.a(em_usbhal.o)
 .text.USBDHAL_DeactivateEp
                0x0001ba60       0x88 ./../Libraries/EMlib/debug/libEMLib_efm32_debug.a(em_usbhal.o)
 .text.USBDHAL_GetInEpInts
                0x0001bae8       0x44 ./../Libraries/EMlib/debug/libEMLib_efm32_debug.a(em_usbhal.o)
 .text.USBDHAL_GetOutEpInts
                0x0001bb2c       0x44 ./../Libraries/EMlib/debug/libEMLib_efm32_debug.a(em_usbhal.o)
 .text.USBDHAL_SetEPDISNAK
                0x0001bb70       0xac ./../Libraries/EMlib/debug/libEMLib_efm32_debug.a(em_usbhal.o)
 .text.USBD_GetEpFromAddr
                0x0001bc1c       0xa0 ./../Libraries/EMlib/debug/libEMLib_efm32_debug.a(em_usbhal.o)
 .text.USBHAL_CoreReset
                0x0001bcbc       0xbc ./../Libraries/EMlib/debug/libEMLib_efm32_debug.a(em_usbhal.o)
                0x0001bcbc                USBHAL_CoreReset
 .text.USBDHAL_CoreInit
                0x0001bd78      0x3ec ./../Libraries/EMlib/debug/libEMLib_efm32_debug.a(em_usbhal.o)
                0x0001bd78                USBDHAL_CoreInit
 .text.USBDHAL_Disconnect
                0x0001c164       0x3c ./../Libraries/EMlib/debug/libEMLib_efm32_debug.a(em_usbhal.o)
                0x0001c164                USBDHAL_Disconnect
 .text.USBDHAL_AbortAllEps
                0x0001c1a0      0x53c ./../Libraries/EMlib/debug/libEMLib_efm32_debug.a(em_usbhal.o)
                0x0001c1a0                USBDHAL_AbortAllEps
 .text.USBDHAL_AbortAllTransfers
                0x0001c6dc       0xc8 ./../Libraries/EMlib/debug/libEMLib_efm32_debug.a(em_usbhal.o)
                0x0001c6dc                USBDHAL_AbortAllTransfers
 .text.USBDHAL_ReenableEp0Setup
                0x0001c7a4       0x60 ./../Libraries/EMlib/debug/libEMLib_efm32_debug.a(em_usbdep.o)
 .text.USBDHAL_StallEp
                0x0001c804       0xcc ./../Libraries/EMlib/debug/libEMLib_efm32_debug.a(em_usbdep.o)
 .text.USBDHAL_StartEp0In
                0x0001c8d0       0x5c ./../Libraries/EMlib/debug/libEMLib_efm32_debug.a(em_usbdep.o)
 .text.USBDHAL_StartEp0Out
                0x0001c92c       0x5c ./../Libraries/EMlib/debug/libEMLib_efm32_debug.a(em_usbdep.o)
 .text.USBD_GetEpFromAddr
                0x0001c988       0xa0 ./../Libraries/EMlib/debug/libEMLib_efm32_debug.a(em_usbdep.o)
 .text.USBD_ReArmEp0
                0x0001ca28       0x64 ./../Libraries/EMlib/debug/libEMLib_efm32_debug.a(em_usbdep.o)
 .text.USBDEP_Ep0Handler
                0x0001ca8c      0x300 ./../Libraries/EMlib/debug/libEMLib_efm32_debug.a(em_usbdep.o)
                0x0001ca8c                USBDEP_Ep0Handler
 .text.USBDEP_EpHandler
                0x0001cd8c       0x60 ./../Libraries/EMlib/debug/libEMLib_efm32_debug.a(em_usbdep.o)
                0x0001cd8c                USBDEP_EpHandler
 .text.TIMER_CounterGet
                0x0001cdec       0x18 ./../Libraries/EMlib/debug/libEMLib_efm32_debug.a(em_usbtimer.o)
 .text.TIMER_TopSet
                0x0001ce04       0x1c ./../Libraries/EMlib/debug/libEMLib_efm32_debug.a(em_usbtimer.o)
 .text.DelayTicks
                0x0001ce20       0x4c ./../Libraries/EMlib/debug/libEMLib_efm32_debug.a(em_usbtimer.o)
 .text.USBTIMER_DelayMs
                0x0001ce6c       0x84 ./../Libraries/EMlib/debug/libEMLib_efm32_debug.a(em_usbtimer.o)
                0x0001ce6c                USBTIMER_DelayMs
 .text.USBTIMER_DelayUs
                0x0001cef0      0x124 ./../Libraries/EMlib/debug/libEMLib_efm32_debug.a(em_usbtimer.o)
                0x0001cef0                USBTIMER_DelayUs
 .text.USBTIMER_Init
                0x0001d014      0x188 ./../Libraries/EMlib/debug/libEMLib_efm32_debug.a(em_usbtimer.o)
                0x0001d014                USBTIMER_Init
 .text.GetProdRev
                0x0001d19c       0x1c ./../Libraries/EMlib/debug/libEMLib_efm32_debug.a(system_efm32gg.o)
 .text.SystemCoreClockGet
                0x0001d1b8       0x58 ./../Libraries/EMlib/debug/libEMLib_efm32_debug.a(system_efm32gg.o)
                0x0001d1b8                SystemCoreClockGet
 .text.SystemHFClockGet
                0x0001d210      0x110 ./../Libraries/EMlib/debug/libEMLib_efm32_debug.a(system_efm32gg.o)
                0x0001d210                SystemHFClockGet
 .text.SystemHFXOClockGet
                0x0001d320       0x18 ./../Libraries/EMlib/debug/libEMLib_efm32_debug.a(system_efm32gg.o)
                0x0001d320                SystemHFXOClockGet
 .text.SystemInit
                0x0001d338        0xc ./../Libraries/EMlib/debug/libEMLib_efm32_debug.a(system_efm32gg.o)
                0x0001d338                SystemInit
 .text.SystemLFRCOClockGet
                0x0001d344       0x10 ./../Libraries/EMlib/debug/libEMLib_efm32_debug.a(system_efm32gg.o)
                0x0001d344                SystemLFRCOClockGet
 .text.SystemULFRCOClockGet
                0x0001d354       0x10 ./../Libraries/EMlib/debug/libEMLib_efm32_debug.a(system_efm32gg.o)
                0x0001d354                SystemULFRCOClockGet
 .text.SystemLFXOClockGet
                0x0001d364       0x18 ./../Libraries/EMlib/debug/libEMLib_efm32_debug.a(system_efm32gg.o)
                0x0001d364                SystemLFXOClockGet
 .text.TIMER_Init
                0x0001d37c      0x134 ./../Libraries/EMlib/debug/libEMLib_efm32_debug.a(em_timer.o)
                0x0001d37c                TIMER_Init
 .text.TIMER_InitCC
                0x0001d4b0       0xec ./../Libraries/EMlib/debug/libEMLib_efm32_debug.a(em_timer.o)
                0x0001d4b0                TIMER_InitCC
 .text.USBDHAL_ActivateEp
                0x0001d59c      0x148 ./../Libraries/EMlib/debug/libEMLib_efm32_debug.a(em_usbdch9.o)
 .text.USBDHAL_DeactivateEp
                0x0001d6e4       0x88 ./../Libraries/EMlib/debug/libEMLib_efm32_debug.a(em_usbdch9.o)
 .text.USBDHAL_GetStallStatusEp
                0x0001d76c       0xc0 ./../Libraries/EMlib/debug/libEMLib_efm32_debug.a(em_usbdch9.o)
 .text.USBDHAL_SetAddr
                0x0001d82c       0x3c ./../Libraries/EMlib/debug/libEMLib_efm32_debug.a(em_usbdch9.o)
 .text.USBDHAL_StallEp
                0x0001d868       0xcc ./../Libraries/EMlib/debug/libEMLib_efm32_debug.a(em_usbdch9.o)
 .text.USBDHAL_UnStallEp
                0x0001d934       0xe4 ./../Libraries/EMlib/debug/libEMLib_efm32_debug.a(em_usbdch9.o)
 .text.USBD_ActivateAllEps
                0x0001da18       0x54 ./../Libraries/EMlib/debug/libEMLib_efm32_debug.a(em_usbdch9.o)
 .text.USBD_DeactivateAllEps
                0x0001da6c       0x68 ./../Libraries/EMlib/debug/libEMLib_efm32_debug.a(em_usbdch9.o)
 .text.USBD_GetEpFromAddr
                0x0001dad4       0xa0 ./../Libraries/EMlib/debug/libEMLib_efm32_debug.a(em_usbdch9.o)
 .text.USBDCH9_SetupCmd
                0x0001db74       0xec ./../Libraries/EMlib/debug/libEMLib_efm32_debug.a(em_usbdch9.o)
                0x0001db74                USBDCH9_SetupCmd
 .text.ClearFeature
                0x0001dc60       0xcc ./../Libraries/EMlib/debug/libEMLib_efm32_debug.a(em_usbdch9.o)
 .text.GetConfiguration
                0x0001dd2c       0xb8 ./../Libraries/EMlib/debug/libEMLib_efm32_debug.a(em_usbdch9.o)
 .text.GetDescriptor
                0x0001dde4      0x10c ./../Libraries/EMlib/debug/libEMLib_efm32_debug.a(em_usbdch9.o)
 .text.GetInterface
                0x0001def0       0x94 ./../Libraries/EMlib/debug/libEMLib_efm32_debug.a(em_usbdch9.o)
 .text.GetStatus
                0x0001df84      0x1b4 ./../Libraries/EMlib/debug/libEMLib_efm32_debug.a(em_usbdch9.o)
 .text.SetAddress
                0x0001e138       0xb4 ./../Libraries/EMlib/debug/libEMLib_efm32_debug.a(em_usbdch9.o)
 .text.SetConfiguration
                0x0001e1ec      0x10c ./../Libraries/EMlib/debug/libEMLib_efm32_debug.a(em_usbdch9.o)
 .text.SetFeature
                0x0001e2f8      0x100 ./../Libraries/EMlib/debug/libEMLib_efm32_debug.a(em_usbdch9.o)
 .text.SetInterface
                0x0001e3f8       0x68 ./../Libraries/EMlib/debug/libEMLib_efm32_debug.a(em_usbdch9.o)
 .text.bma2x2_init
                0x0001e460       0x9c ./../Libraries/BSTLib/debug/libBSTLib_efm32_debug.a(bma2x2.o)
                0x0001e460                bma2x2_init
 .text.bma2x2_read_reg
                0x0001e4fc       0x60 ./../Libraries/BSTLib/debug/libBSTLib_efm32_debug.a(bma2x2.o)
                0x0001e4fc                bma2x2_read_reg
 .text.bma2x2_set_bw
                0x0001e55c      0x254 ./../Libraries/BSTLib/debug/libBSTLib_efm32_debug.a(bma2x2.o)
                0x0001e55c                bma2x2_set_bw
 .text.bmi160_init
                0x0001e7b0       0x90 ./../Libraries/BSTLib/debug/libBSTLib_efm32_debug.a(bmi160.o)
                0x0001e7b0                bmi160_init
 .text.bmi160_write_reg
                0x0001e840       0x60 ./../Libraries/BSTLib/debug/libBSTLib_efm32_debug.a(bmi160.o)
                0x0001e840                bmi160_write_reg
 .text.bmi160_set_command_register
                0x0001e8a0       0x60 ./../Libraries/BSTLib/debug/libBSTLib_efm32_debug.a(bmi160.o)
                0x0001e8a0                bmi160_set_command_register
 .text.Retcode_Initialize
                0x0001e900       0x60 ./../Platform/Essentials/release/libEssentials_efm32.a(Retcode.o)
                0x0001e900                Retcode_Initialize
 .text.Retcode_RaiseError
                0x0001e960       0x24 ./../Platform/Essentials/release/libEssentials_efm32.a(Retcode.o)
                0x0001e960                Retcode_RaiseError
 .text.Retcode_RaiseErrorFromIsr
                0x0001e984       0x24 ./../Platform/Essentials/release/libEssentials_efm32.a(Retcode.o)
                0x0001e984                Retcode_RaiseErrorFromIsr
 .text.Retcode_raiseError
                0x0001e9a8       0x18 ./../Platform/Essentials/release/libEssentials_efm32.a(Retcode.o)
                0x0001e9a8                Retcode_raiseError
 .text.RTC_IntClear
                0x0001e9c0       0x20 ./../Platform/Essentials/release/libEssentials_efm32.a(Timer.o)
 .text.RTC_IntDisable
                0x0001e9e0       0x30 ./../Platform/Essentials/release/libEssentials_efm32.a(Timer.o)
 .text.RTC_IntGet
                0x0001ea10       0x18 ./../Platform/Essentials/release/libEssentials_efm32.a(Timer.o)
 .text.TIMER_IntClear
                0x0001ea28       0x1c ./../Platform/Essentials/release/libEssentials_efm32.a(Timer.o)
 .text.TIMER_IntDisable
                0x0001ea44       0x24 ./../Platform/Essentials/release/libEssentials_efm32.a(Timer.o)
 .text.TIMER_IntGet
                0x0001ea68       0x18 ./../Platform/Essentials/release/libEssentials_efm32.a(Timer.o)
 .text.LETIMER_IntClear
                0x0001ea80       0x1c ./../Platform/Essentials/release/libEssentials_efm32.a(Timer.o)
 .text.LETIMER_IntDisable
                0x0001ea9c       0x24 ./../Platform/Essentials/release/libEssentials_efm32.a(Timer.o)
 .text.LETIMER_IntGet
                0x0001eac0       0x18 ./../Platform/Essentials/release/libEssentials_efm32.a(Timer.o)
 .text.MCU_Timer_Initialize
                0x0001ead8       0xe4 ./../Platform/Essentials/release/libEssentials_efm32.a(Timer.o)
                0x0001ead8                MCU_Timer_Initialize
 .text.MCU_Timer_Callback
                0x0001ebbc       0x5c ./../Platform/Essentials/release/libEssentials_efm32.a(Timer.o)
                0x0001ebbc                MCU_Timer_Callback
 .text.ValidateTimerHandle
                0x0001ec18       0x40 ./../Platform/Essentials/release/libEssentials_efm32.a(Timer.o)
 .text.getTimerEvent
                0x0001ec58       0xc8 ./../Platform/Essentials/release/libEssentials_efm32.a(Timer.o)
 .text.extractFlags_RTC
                0x0001ed20       0x9c ./../Platform/Essentials/release/libEssentials_efm32.a(Timer.o)
 .text.extractFlags_LETIMER
                0x0001edbc       0x9c ./../Platform/Essentials/release/libEssentials_efm32.a(Timer.o)
 .text.extractFlags_TIMER
                0x0001ee58       0xd0 ./../Platform/Essentials/release/libEssentials_efm32.a(Timer.o)
 .text.MCU_Timer_GetRtcHandle
                0x0001ef28       0x14 ./../Platform/Essentials/release/libEssentials_efm32.a(Timer.o)
                0x0001ef28                MCU_Timer_GetRtcHandle
 .text.MCU_Timer_HandleRtcIrq
                0x0001ef3c       0x14 ./../Platform/Essentials/release/libEssentials_efm32.a(Timer.o)
                0x0001ef3c                MCU_Timer_HandleRtcIrq
 .text.CmdProcessor_Initialize
                0x0001ef50       0xe0 ./../Platform/Utils/release/libUtils_efm32.a(CmdProcessor.o)
                0x0001ef50                CmdProcessor_Initialize
 .text.CmdProcessor_Enqueue
                0x0001f030       0x74 ./../Platform/Utils/release/libUtils_efm32.a(CmdProcessor.o)
                0x0001f030                CmdProcessor_Enqueue
 .text.Run      0x0001f0a4       0x14 ./../Platform/Utils/release/libUtils_efm32.a(CmdProcessor.o)
 .text.Dequeue  0x0001f0b8       0x80 ./../Platform/Utils/release/libUtils_efm32.a(CmdProcessor.o)
 .text.NVM_Initialize
                0x0001f138       0x4c ./../Platform/Drivers/release/libDrivers_efm32.a(BCDS_NVM.o)
                0x0001f138                NVM_Initialize
 .text.objectConsistencyCheck
                0x0001f184       0x58 ./../Platform/Drivers/release/libDrivers_efm32.a(BCDS_NVM.o)
 .text.NVM_Read
                0x0001f1dc       0x7c ./../Platform/Drivers/release/libDrivers_efm32.a(BCDS_NVM.o)
                0x0001f1dc                NVM_Read
 .text.itemConsistencyCheck
                0x0001f258       0x50 ./../Platform/Drivers/release/libDrivers_efm32.a(BCDS_NVM.o)
 .text.NVM_Write
                0x0001f2a8       0x94 ./../Platform/Drivers/release/libDrivers_efm32.a(BCDS_NVM.o)
                0x0001f2a8                NVM_Write
 .text.NVM_Flush
                0x0001f33c       0x9c ./../Platform/Drivers/release/libDrivers_efm32.a(BCDS_NVM.o)
                0x0001f33c                NVM_Flush
 .text.sectionUpdateRequired
                0x0001f3d8       0x8c ./../Platform/Drivers/release/libDrivers_efm32.a(BCDS_NVM.o)
 .text.NVM_ReadUInt8
                0x0001f464       0x40 ./../Platform/Drivers/release/libDrivers_efm32.a(BCDS_NVM.o)
                0x0001f464                NVM_ReadUInt8
 .text.NVM_WriteUInt8
                0x0001f4a4       0x40 ./../Platform/Drivers/release/libDrivers_efm32.a(BCDS_NVM.o)
                0x0001f4a4                NVM_WriteUInt8
 .text.isLittleEndianPlatform
                0x0001f4e4       0x30 ./../Platform/Drivers/release/libDrivers_efm32.a(BCDS_NVM.o)
 .text.NVM_IsEndiannessDifferent
                0x0001f514       0x54 ./../Platform/Drivers/release/libDrivers_efm32.a(BCDS_NVM.o)
 .text.NVM_SwapBytes
                0x0001f568       0xc4 ./../Platform/Drivers/release/libDrivers_efm32.a(BCDS_NVM.o)
 .text.Bidirectional_ServiceCallback
                0x0001f62c      0x104 ./../Platform/BLE/release/libBLE_efm32.a(BidirectionalService.o)
 .text.BidirectionalService_Init
                0x0001f730       0x44 ./../Platform/BLE/release/libBLE_efm32.a(BidirectionalService.o)
                0x0001f730                BidirectionalService_Init
 .text.BidirectionalService_Register
                0x0001f774      0x15c ./../Platform/BLE/release/libBLE_efm32.a(BidirectionalService.o)
                0x0001f774                BidirectionalService_Register
 .text.BidirectionalService_SendData
                0x0001f8d0      0x11c ./../Platform/BLE/release/libBLE_efm32.a(BidirectionalService.o)
                0x0001f8d0                BidirectionalService_SendData
 .text.Retcode_GetCode
                0x0001f9ec       0x20 ./../Platform/BLE/release/libBLE_efm32.a(BlePeripheral.o)
 .text.Retcode_getCode
                0x0001fa0c       0x1c ./../Platform/BLE/release/libBLE_efm32.a(BlePeripheral.o)
 .text.BlePeripheralTaskResumeTrigger
                0x0001fa28       0x48 ./../Platform/BLE/release/libBLE_efm32.a(BlePeripheral.o)
 .text.BlePeripheralTaskCreate
                0x0001fa70       0x70 ./../Platform/BLE/release/libBLE_efm32.a(BlePeripheral.o)
 .text.BlePeripheralTaskSetHandleCreate
                0x0001fae0       0xe0 ./../Platform/BLE/release/libBLE_efm32.a(BlePeripheral.o)
 .text.BlePeripheralRxHandleCreate
                0x0001fbc0       0x5c ./../Platform/BLE/release/libBLE_efm32.a(BlePeripheral.o)
 .text.BlePeripheralNotifyHandleCreate
                0x0001fc1c       0x58 ./../Platform/BLE/release/libBLE_efm32.a(BlePeripheral.o)
 .text.BlePeripheralTaskResumeTriggerFromIsr
                0x0001fc74       0x44 ./../Platform/BLE/release/libBLE_efm32.a(BlePeripheral.o)
 .text.BlePeripheralConfigure
                0x0001fcb8      0x104 ./../Platform/BLE/release/libBLE_efm32.a(BlePeripheral.o)
 .text.BlePeripheralTask
                0x0001fdbc       0xf0 ./../Platform/BLE/release/libBLE_efm32.a(BlePeripheral.o)
 .text.BlePeripheral_Initialize
                0x0001feac       0xa0 ./../Platform/BLE/release/libBLE_efm32.a(BlePeripheral.o)
                0x0001feac                BlePeripheral_Initialize
 .text.BlePeripheral_SetDeviceName
                0x0001ff4c       0x70 ./../Platform/BLE/release/libBLE_efm32.a(BlePeripheral.o)
                0x0001ff4c                BlePeripheral_SetDeviceName
 .text.BlePeripheral_SetMacAddress
                0x0001ffbc       0x40 ./../Platform/BLE/release/libBLE_efm32.a(BlePeripheral.o)
                0x0001ffbc                BlePeripheral_SetMacAddress
 .text.BlePeripheral_Start
                0x0001fffc       0x48 ./../Platform/BLE/release/libBLE_efm32.a(BlePeripheral.o)
                0x0001fffc                BlePeripheral_Start
 .text.BlePeripheral_Wakeup
                0x00020044       0x80 ./../Platform/BLE/release/libBLE_efm32.a(BlePeripheral.o)
                0x00020044                BlePeripheral_Wakeup
 .text.BlePeripheral_GetConnectionHandle
                0x000200c4       0x2c ./../Platform/BLE/release/libBLE_efm32.a(BlePeripheral.o)
                0x000200c4                BlePeripheral_GetConnectionHandle
 .text.BleCoreCallback
                0x000200f0      0x43c ./../Platform/BLE/release/libBLE_efm32.a(StateHandler.o)
 .text.BleGapCallback
                0x0002052c      0x2d8 ./../Platform/BLE/release/libBLE_efm32.a(StateHandler.o)
 .text.TriggerStateMachineServicing
                0x00020804       0x38 ./../Platform/BLE/release/libBLE_efm32.a(StateHandler.o)
 .text.ConfigureStateToReinit
                0x0002083c       0x4c ./../Platform/BLE/release/libBLE_efm32.a(StateHandler.o)
 .text.SetStateToReinit
                0x00020888       0x18 ./../Platform/BLE/release/libBLE_efm32.a(StateHandler.o)
 .text.StateReinit
                0x000208a0       0xfc ./../Platform/BLE/release/libBLE_efm32.a(StateHandler.o)
 .text.StateHandlerStartDiscovering
                0x0002099c       0xd8 ./../Platform/BLE/release/libBLE_efm32.a(StateHandler.o)
 .text.StateHandlerSetIdle
                0x00020a74       0x94 ./../Platform/BLE/release/libBLE_efm32.a(StateHandler.o)
 .text.StateHandlerSetSleep
                0x00020b08      0x120 ./../Platform/BLE/release/libBLE_efm32.a(StateHandler.o)
 .text.StateHandlerEndConnection
                0x00020c28       0x98 ./../Platform/BLE/release/libBLE_efm32.a(StateHandler.o)
 .text.StateHandlerInitProfiles
                0x00020cc0      0x14c ./../Platform/BLE/release/libBLE_efm32.a(StateHandler.o)
 .text.StateHandlerRegisterGapDevice
                0x00020e0c       0x84 ./../Platform/BLE/release/libBLE_efm32.a(StateHandler.o)
 .text.StateHandlerSetRandomAddress
                0x00020e90       0x64 ./../Platform/BLE/release/libBLE_efm32.a(StateHandler.o)
 .text.BleDeinitExecutionCallback
                0x00020ef4       0x1c ./../Platform/BLE/release/libBLE_efm32.a(StateHandler.o)
 .text.BLEMGMT_NotifyToRun
                0x00020f10       0x24 ./../Platform/BLE/release/libBLE_efm32.a(StateHandler.o)
                0x00020f10                BLEMGMT_NotifyToRun
 .text.StateHandler_Initialize
                0x00020f34       0xb0 ./../Platform/BLE/release/libBLE_efm32.a(StateHandler.o)
                0x00020f34                StateHandler_Initialize
 .text.StateHandler_ReInitialize
                0x00020fe4       0x18 ./../Platform/BLE/release/libBLE_efm32.a(StateHandler.o)
                0x00020fe4                StateHandler_ReInitialize
 .text.StateHandler_CoreStackInit
                0x00020ffc       0x80 ./../Platform/BLE/release/libBLE_efm32.a(StateHandler.o)
                0x00020ffc                StateHandler_CoreStackInit
 .text.StateHandler_CoreStateMachine
                0x0002107c      0x1f8 ./../Platform/BLE/release/libBLE_efm32.a(StateHandler.o)
                0x0002107c                StateHandler_CoreStateMachine
 .text.StateHandler_SetDeviceToSleep
                0x00021274       0x94 ./../Platform/BLE/release/libBLE_efm32.a(StateHandler.o)
                0x00021274                StateHandler_SetDeviceToSleep
 .text.StateHandler_WakeUpDevice
                0x00021308       0x48 ./../Platform/BLE/release/libBLE_efm32.a(StateHandler.o)
                0x00021308                StateHandler_WakeUpDevice
 .text.StateHandler_SetDeviceName
                0x00021350       0x70 ./../Platform/BLE/release/libBLE_efm32.a(StateHandler.o)
                0x00021350                StateHandler_SetDeviceName
 .text.StateHandler_GetConnectionHandle
                0x000213c0       0x18 ./../Platform/BLE/release/libBLE_efm32.a(StateHandler.o)
                0x000213c0                StateHandler_GetConnectionHandle
 .text.StateHandler_IsConnected
                0x000213d8       0x24 ./../Platform/BLE/release/libBLE_efm32.a(StateHandler.o)
                0x000213d8                StateHandler_IsConnected
 .text.StateHandler_IsConnectBeforeFirstSend
                0x000213fc       0x18 ./../Platform/BLE/release/libBLE_efm32.a(StateHandler.o)
                0x000213fc                StateHandler_IsConnectBeforeFirstSend
 .text.StateHandler_ResetConnectBeforeFirstSend
                0x00021414       0x18 ./../Platform/BLE/release/libBLE_efm32.a(StateHandler.o)
                0x00021414                StateHandler_ResetConnectBeforeFirstSend
 .text.StateHandler_GetTickCountUponConnect
                0x0002142c       0x14 ./../Platform/BLE/release/libBLE_efm32.a(StateHandler.o)
                0x0002142c                StateHandler_GetTickCountUponConnect
 .text.HandleUartEvent
                0x00021440       0xdc ./../Platform/BLE/release/libBLE_efm32.a(TransportAdapter.o)
 .text.TransportAdapter_Initialize
                0x0002151c       0xbc ./../Platform/BLE/release/libBLE_efm32.a(TransportAdapter.o)
                0x0002151c                TransportAdapter_Initialize
 .text.TransportAdapter_Enable
                0x000215d8      0x140 ./../Platform/BLE/release/libBLE_efm32.a(TransportAdapter.o)
                0x000215d8                TransportAdapter_Enable
 .text.TransportAdapter_SendData
                0x00021718       0xcc ./../Platform/BLE/release/libBLE_efm32.a(TransportAdapter.o)
                0x00021718                TransportAdapter_SendData
 .text.TransportAdapter_WakeUp
                0x000217e4       0x28 ./../Platform/BLE/release/libBLE_efm32.a(TransportAdapter.o)
                0x000217e4                TransportAdapter_WakeUp
 .text.TransportAdapter_ResetDevice
                0x0002180c       0x10 ./../Platform/BLE/release/libBLE_efm32.a(TransportAdapter.o)
                0x0002180c                TransportAdapter_ResetDevice
 .text.TransportAdapter_RxDataProcess
                0x0002181c       0x88 ./../Platform/BLE/release/libBLE_efm32.a(TransportAdapter.o)
                0x0002181c                TransportAdapter_RxDataProcess
 .text.PublicAddress_SetPublicAddress
                0x000218a4       0x38 ./../Platform/BLE/release/libBLE_efm32.a(PublicAddress.o)
                0x000218a4                PublicAddress_SetPublicAddress
 .text.PublicAddress_GetPublicAddress
                0x000218dc       0x38 ./../Platform/BLE/release/libBLE_efm32.a(PublicAddress.o)
                0x000218dc                PublicAddress_GetPublicAddress
 .text.BleCheckAddressValidity
                0x00021914       0x40 ./../Platform/BLE/release/libBLE_efm32.a(PublicAddress.o)
 .text.PublicAddress_IsPublicAddressValid
                0x00021954       0x30 ./../Platform/BLE/release/libBLE_efm32.a(PublicAddress.o)